Component: ARM Compiler 5.06 update 6 (build 750) Tool: armlink [4d35ed]

==============================================================================

Section Cross References

    main.o(i.App_TaskCreate) refers to os_task.o(i.OSTaskCreateExt) for OSTaskCreateExt
    main.o(i.App_TaskCreate) refers to os_task.o(i.OSTaskNameSet) for OSTaskNameSet
    main.o(i.App_TaskCreate) refers to os_time.o(i.OSTimeDly) for OSTimeDly
    main.o(i.App_TaskCreate) refers to main.o(.bss) for TaskStk_Weather
    main.o(i.App_TaskCreate) refers to task_weather.o(i.Task_Weather) for Task_Weather
    main.o(i.App_TaskCreate) refers to task_remote_rec.o(i.Task_Remote_Rec) for Task_Remote_Rec
    main.o(i.App_TaskCreate) refers to task_timer.o(i.Task_Timer) for Task_Timer
    main.o(i.App_TaskCreate) refers to task_local.o(i.Task_Local) for Task_Local
    main.o(i.App_TaskCreate) refers to task_sensor_data_collect.o(i.Task_Sensor_Data_Collect) for Task_Sensor_Data_Collect
    main.o(i.App_TaskStart) refers to os_core.o(i.OSStatInit) for OSStatInit
    main.o(i.App_TaskStart) refers to board.o(i.bsp_Board_Init) for bsp_Board_Init
    main.o(i.App_TaskStart) refers to os_sem.o(i.OSSemCreate) for OSSemCreate
    main.o(i.App_TaskStart) refers to strcpy.o(.text) for strcpy
    main.o(i.App_TaskStart) refers to os_mem.o(i.OSMemCreate) for OSMemCreate
    main.o(i.App_TaskStart) refers to os_q.o(i.OSQCreate) for OSQCreate
    main.o(i.App_TaskStart) refers to main.o(i.App_TaskCreate) for App_TaskCreate
    main.o(i.App_TaskStart) refers to os_time.o(i.OSTimeDly) for OSTimeDly
    main.o(i.App_TaskStart) refers to os_core.o(i.OSVersion) for OSVersion
    main.o(i.App_TaskStart) refers to task_timer.o(i.debug_sprintf) for debug_sprintf
    main.o(i.App_TaskStart) refers to task_timer.o(i.debug_nprintf) for debug_nprintf
    main.o(i.App_TaskStart) refers to main.o(.data) for log_sem
    main.o(i.App_TaskStart) refers to zt_motor_slave_driver.o(.bss) for gRbtState
    main.o(i.App_TaskStart) refers to main.o(.bss) for msgBuffer
    main.o(i.App_TaskStart) refers to task_weather.o(.data) for GetWeatherQueue
    main.o(i.App_TaskStart) refers to task_remote_rec.o(.data) for RemoteRecQueue
    main.o(i.App_TaskStart) refers to task_timer.o(.data) for timerQueue
    main.o(i.App_TaskStart) refers to task_local.o(.data) for LocalQueue
    main.o(i.main) refers to system_stm32f4xx.o(i.SystemInit) for SystemInit
    main.o(i.main) refers to delay.o(i.delay_init) for delay_init
    main.o(i.main) refers to os_core.o(i.OSInit) for OSInit
    main.o(i.main) refers to os_task.o(i.OSTaskCreateExt) for OSTaskCreateExt
    main.o(i.main) refers to os_task.o(i.OSTaskNameSet) for OSTaskNameSet
    main.o(i.main) refers to os_core.o(i.OSStart) for OSStart
    main.o(i.main) refers to main.o(.bss) for App_TaskStartStk
    main.o(i.main) refers to main.o(i.App_TaskStart) for App_TaskStart
    task_weather.o(i.Task_Weather) refers to os_q.o(i.OSQPend) for OSQPend
    task_weather.o(i.Task_Weather) refers to bsp_lora.o(i.uart1_send) for uart1_send
    task_weather.o(i.Task_Weather) refers to os_mem.o(i.OSMemPut) for OSMemPut
    task_weather.o(i.Task_Weather) refers to bsp_hi3521.o(i.uart3_send) for uart3_send
    task_weather.o(i.Task_Weather) refers to bsp_debug.o(i.uart4_send) for uart4_send
    task_weather.o(i.Task_Weather) refers to task_weather.o(.data) for GetWeatherQueue
    task_weather.o(i.Task_Weather) refers to main.o(.data) for mem160ptr
    task_remote_rec.o(i.Task_Remote_Rec) refers to os_q.o(i.OSQPend) for OSQPend
    task_remote_rec.o(i.Task_Remote_Rec) refers to task_local.o(i.CommDebug) for CommDebug
    task_remote_rec.o(i.Task_Remote_Rec) refers to os_mem.o(i.OSMemPut) for OSMemPut
    task_remote_rec.o(i.Task_Remote_Rec) refers to task_remote_rec.o(.data) for RemoteRecQueue
    task_remote_rec.o(i.Task_Remote_Rec) refers to main.o(.data) for mem160ptr
    task_local.o(i.BatCFG) refers to task_local.o(i.CheckIsCmdOk) for CheckIsCmdOk
    task_local.o(i.BatCFG) refers to task_timer.o(i.debug_sprintf) for debug_sprintf
    task_local.o(i.BatCFG) refers to task_local.o(i.rt_get_BatCFG) for rt_get_BatCFG
    task_local.o(i.BatCFG) refers to task_local.o(i.cfg_oper_init) for cfg_oper_init
    task_local.o(i.BatCFG) refers to cmd_para.o(i.cmd_para_get_float_by_val_str) for cmd_para_get_float_by_val_str
    task_local.o(i.BatCFG) refers to task_local.o(i.cfg_oper_save_to_flash) for cfg_oper_save_to_flash
    task_local.o(i.BatCFG) refers to task_local.o(.bss) for gCmdParaInfos
    task_local.o(i.CheckIsCmdOk) refers to str.o(i.box_str_cmp) for box_str_cmp
    task_local.o(i.CheckIsCmdOk) refers to str.o(i.box_str_hex_to_int) for box_str_hex_to_int
    task_local.o(i.CheckIsCmdOk) refers to str.o(i.GetCRC16) for GetCRC16
    task_local.o(i.CheckIsCmdOk) refers to str.o(i.box_str_u16_to_hex) for box_str_u16_to_hex
    task_local.o(i.CheckIsCmdOk) refers to task_timer.o(i.debug_sprintf) for debug_sprintf
[...]
    __mathlib_narrow                         0x08007fa1   Thumb Code    18  narrow.o(i.__mathlib_narrow)
    __support_ldexp                          0x08007fb3   Thumb Code    20  ldexp.o(i.__support_ldexp)
    _is_digit                                0x08007fc7   Thumb Code    14  scanf_fp.o(i._is_digit)
    ack_with_debug                           0x08007fd5   Thumb Code    54  task_local.o(i.ack_with_debug)
    box_str_cmp                              0x080082e5   Thumb Code    42  str.o(i.box_str_cmp)
    box_str_cpy_rt_pos                       0x0800830f   Thumb Code    20  str.o(i.box_str_cpy_rt_pos)
    box_str_find_char_pos                    0x08008323   Thumb Code    38  str.o(i.box_str_find_char_pos)
    box_str_get_bytes_by_hex                 0x08008349   Thumb Code    68  task_local.o(i.box_str_get_bytes_by_hex)
    box_str_hex_to_int                       0x0800838d   Thumb Code   118  str.o(i.box_str_hex_to_int)
    box_str_u16_to_hex                       0x08008403   Thumb Code    50  str.o(i.box_str_u16_to_hex)
    bsp_ADC_Init                             0x08008435   Thumb Code   262  bsp_adc_init.o(i.bsp_ADC_Init)
    bsp_BRD_Init                             0x08008549   Thumb Code   164  bsp_brd.o(i.bsp_BRD_Init)
    bsp_Board_Init                           0x080085f5   Thumb Code    80  board.o(i.bsp_Board_Init)
    bsp_Debug_Init                           0x08008645   Thumb Code   208  bsp_debug.o(i.bsp_Debug_Init)
    bsp_Enccoder_AB_GET_Cnt                  0x08008725   Thumb Code    24  bsp_enccoder.o(i.bsp_Enccoder_AB_GET_Cnt)
    bsp_GPS_Init                             0x080087ed   Thumb Code    86  bsp_gps.o(i.bsp_GPS_Init)
    bsp_GPS_cmd                              0x080088f9   Thumb Code    30  bsp_gps.o(i.bsp_GPS_cmd)
    bsp_HI3521_Init                          0x0800891d   Thumb Code   208  bsp_hi3521.o(i.bsp_HI3521_Init)
    bsp_Led_Init                             0x080089fd   Thumb Code   120  bsp_led.o(i.bsp_Led_Init)
    bsp_Limit_SW_Init                        0x08008a79   Thumb Code    68  bsp_limit_sw.o(i.bsp_Limit_SW_Init)
    bsp_Lora_init                            0x08008ac1   Thumb Code   208  bsp_lora.o(i.bsp_Lora_init)
    bsp_Power_UART_TX                        0x08008ccd   Thumb Code    88  bsp_brd.o(i.bsp_Power_UART_TX)
    bsp_Pressure_Sensor_Get_Newton           0x08008d29   Thumb Code    28  bsp_pressure_sensor.o(i.bsp_Pressure_Sensor_Get_Newton)
    bsp_Pressure_Sensor_Init                 0x08008d4d   Thumb Code    36  bsp_pressure_sensor.o(i.bsp_Pressure_Sensor_Init)
    bsp_Video_Trans_PWR                      0x08008ea1   Thumb Code    30  bsp_video_trans.o(i.bsp_Video_Trans_PWR)
    bsp_Video_Trans_PWR_Init                 0x08008ec5   Thumb Code    56  bsp_video_trans.o(i.bsp_Video_Trans_PWR_Init)
    bsp_enccoder_Init                        0x08008f85   Thumb Code    12  bsp_enccoder.o(i.bsp_enccoder_Init)
    bsp_master_cal_speed_Init                0x08008f91   Thumb Code    36  bsp_motor_cal_speed.o(i.bsp_master_cal_speed_Init)
    bsp_master_voltage_get_speed             0x08008fb9   Thumb Code    30  bsp_motor_cal_speed.o(i.bsp_master_voltage_get_speed)
    bsp_slave_cal_speed_Init                 0x08008fd9   Thumb Code    36  bsp_motor_cal_speed.o(i.bsp_slave_cal_speed_Init)
    bsp_slave_voltage_get_speed              0x08009001   Thumb Code    30  bsp_motor_cal_speed.o(i.bsp_slave_voltage_get_speed)
    cfg_oper_init                            0x08009021   Thumb Code    28  task_local.o(i.cfg_oper_init)
    cfg_oper_save_to_flash                   0x08009045   Thumb Code    76  task_local.o(i.cfg_oper_save_to_flash)
    char_to_byte_val                         0x08009099   Thumb Code    54  task_local.o(i.char_to_byte_val)
    cmd_para_build_para_string_float         0x080090cf   Thumb Code    62  cmd_para.o(i.cmd_para_build_para_string_float)
    cmd_para_build_para_string_int           0x0800910d   Thumb Code    46  cmd_para.o(i.cmd_para_build_para_string_int)
    cmd_para_build_para_string_ints          0x0800913b   Thumb Code    82  cmd_para.o(i.cmd_para_build_para_string_ints)
    cmd_para_build_para_string_str           0x0800918d   Thumb Code    46  cmd_para.o(i.cmd_para_build_para_string_str)
    cmd_para_get_all_items                   0x080091bb   Thumb Code   248  cmd_para.o(i.cmd_para_get_all_items)
    cmd_para_get_cur_str_end                 0x080092b3   Thumb Code    32  cmd_para.o(i.cmd_para_get_cur_str_end)
    cmd_para_get_float_by_val_str            0x080092d3   Thumb Code   120  cmd_para.o(i.cmd_para_get_float_by_val_str)
    cmd_para_get_id_by_name                  0x0800934b   Thumb Code    94  cmd_para.o(i.cmd_para_get_id_by_name)
    cmd_para_get_int_by_val_str              0x080093a9   Thumb Code    88  cmd_para.o(i.cmd_para_get_int_by_val_str)
    cmd_para_get_next_str_begin              0x08009401   Thumb Code    36  cmd_para.o(i.cmd_para_get_next_str_begin)
    debug_nprintf                            0x08009425   Thumb Code   508  task_timer.o(i.debug_nprintf)
    debug_sprintf                            0x08009631   Thumb Code   172  task_timer.o(i.debug_sprintf)
    delay_init                               0x080096e9   Thumb Code    76  delay.o(i.delay_init)
    delay_ms                                 0x0800973d   Thumb Code    66  delay.o(i.delay_ms)
    delay_osschedlock                        0x0800978d   Thumb Code     8  delay.o(i.delay_osschedlock)
    delay_osschedunlock                      0x08009795   Thumb Code     8  delay.o(i.delay_osschedunlock)
    delay_ostimedly                          0x0800979d   Thumb Code    12  delay.o(i.delay_ostimedly)
    delay_us                                 0x080097a9   Thumb Code    84  delay.o(i.delay_us)
    flash_write_u32_datas                    0x08009801   Thumb Code    40  task_local.o(i.flash_write_u32_datas)
    float_to_str                             0x08009829   Thumb Code   130  str.o(i.float_to_str)
    frexp                                    0x080098b1   Thumb Code   118  frexp.o(i.frexp)
    int_to_str                               0x0800993d   Thumb Code    98  str.o(i.int_to_str)
    main                                     0x080099a1   Thumb Code    76  main.o(i.main)
    master_motor1_GPIO_TIM_Init              0x08009a05   Thumb Code    12  zt_motor_master_driver.o(i.master_motor1_GPIO_TIM_Init)
    rt_get_BatCFG                            0x08009a6d   Thumb Code   204  task_local.o(i.rt_get_BatCFG)
    rt_get_SlvCFG                            0x08009b75   Thumb Code   222  task_local.o(i.rt_get_SlvCFG)
    set_SystemReset                          0x08009cc1   Thumb Code    26  task_local.o(i.set_SystemReset)
    slave_motor2_GPIO_TIM_Init               0x08009cf1   Thumb Code    12  zt_motor_slave_driver.o(i.slave_motor2_GPIO_TIM_Init)
    tmr1_temper_humidi_callback              0x08009e6d   Thumb Code    52  task_timer.o(i.tmr1_temper_humidi_callback)
    tmr2_sys_led_callback                    0x08009ea9   Thumb Code    52  task_timer.o(i.tmr2_sys_led_callback)
    uart1_send                               0x08009ee5   Thumb Code    76  bsp_lora.o(i.uart1_send)
    uart3_send                               0x08009f3d   Thumb Code    76  bsp_hi3521.o(i.uart3_send)
    uart4_send                               0x08009f95   Thumb Code    76  bsp_debug.o(i.uart4_send)
    zt_build_send_state_string               0x08009fed   Thumb Code   992  task_local.o(i.zt_build_send_state_string)
    zt_motor_master_driver_init              0x0800a4d1   Thumb Code    88  zt_motor_master_driver.o(i.zt_motor_master_driver_init)
    zt_motor_master_driver_set_speed         0x0800a53d   Thumb Code   106  zt_motor_master_driver.o(i.zt_motor_master_driver_set_speed)
    zt_motor_master_driver_update            0x0800a5b5   Thumb Code   604  zt_motor_master_driver.o(i.zt_motor_master_driver_update)
    zt_motor_slave_driver_cfg_init           0x0800a855   Thumb Code   322  zt_motor_slave_driver.o(i.zt_motor_slave_driver_cfg_init)
    zt_motor_slave_driver_init               0x0800a9ad   Thumb Code   140  zt_motor_slave_driver.o(i.zt_motor_slave_driver_init)
    zt_motor_slave_driver_set_speed          0x0800aa55   Thumb Code    96  zt_motor_slave_driver.o(i.zt_motor_slave_driver_set_speed)
    zt_motor_slave_driver_update             0x0800aab9   Thumb Code   134  zt_motor_slave_driver.o(i.zt_motor_slave_driver_update)
    _get_lc_numeric                          0x0800ac71   Thumb Code    44  lc_numeric_c.o(locale$$code)
    _get_lc_ctype                            0x0800ac9d   Thumb Code    44  lc_ctype_c.o(locale$$code)
    __aeabi_d2f                              0x0800acc9   Thumb Code     0  d2f.o(x$fpl$d2f)
    _d2f                                     0x0800acc9   Thumb Code    98  d2f.o(x$fpl$d2f)
    __fpl_dcheck_NaN1                        0x0800ad2d   Thumb Code    10  dcheck1.o(x$fpl$dcheck1)
    __fpl_dcmp_Inf                           0x0800ad3d   Thumb Code    24  dcmpi.o(x$fpl$dcmpinf)
    __aeabi_cdcmpeq                          0x0800ad55   Thumb Code     0  deqf.o(x$fpl$deqf)
    _dcmpeq                                  0x0800ad55   Thumb Code   120  deqf.o(x$fpl$deqf)
    __aeabi_ui2d                             0x0800adcd   Thumb Code     0  dflt_clz.o(x$fpl$dfltu)
    _dfltu                                   0x0800adcd   Thumb Code    38  dflt_clz.o(x$fpl$dfltu)
    __aeabi_cdcmple                          0x0800adf5   Thumb Code     0  dleqf.o(x$fpl$dleqf)
    _dcmple                                  0x0800adf5   Thumb Code   120  dleqf.o(x$fpl$dleqf)
    __fpl_dcmple_InfNaN                      0x0800ae57   Thumb Code     0  dleqf.o(x$fpl$dleqf)
    __aeabi_dmul                             0x0800ae6d   Thumb Code     0  dmul.o(x$fpl$dmul)
    _dmul                                    0x0800ae6d   Thumb Code   332  dmul.o(x$fpl$dmul)
    __fpl_dnaninf                            0x0800afc1   Thumb Code   156  dnaninf.o(x$fpl$dnaninf)
    __fpl_dretinf                            0x0800b05d   Thumb Code    12  dretinf.o(x$fpl$dretinf)
    __aeabi_cdrcmple                         0x0800b069   Thumb Code     0  drleqf.o(x$fpl$drleqf)
    _drcmple                                 0x0800b069   Thumb Code   108  drleqf.o(x$fpl$drleqf)
    _fp_init                                 0x0800b0d5   Thumb Code    10  fpinit.o(x$fpl$fpinit)
    __fplib_config_fpu_vfp                   0x0800b0dd   Thumb Code     0  fpinit.o(x$fpl$fpinit)
    __fplib_config_pureend_doubles           0x0800b0dd   Thumb Code     0  fpinit.o(x$fpl$fpinit)
    __fpl_fretinf                            0x0800b0df   Thumb Code    10  fretinf.o(x$fpl$fretinf)
    __ieee_status                            0x0800b0e9   Thumb Code     6  istatus.o(x$fpl$ieeestatus)
    __fpl_return_NaN                         0x0800b0ef   Thumb Code   100  retnan.o(x$fpl$retnan)
    __ARM_scalbn                             0x0800b153   Thumb Code    92  scalbn.o(x$fpl$scalbn)
    _scanf_real                              0x0800b1af   Thumb Code     4  scanf1.o(x$fpl$scanf1)
    _scanf_hex_real                          0x0800b1b3   Thumb Code     4  scanf2.o(x$fpl$scanf2)
    _scanf_infnan                            0x0800b1b7   Thumb Code     4  scanf2.o(x$fpl$scanf2)
    __fpl_cmpreturn                          0x0800b1bb   Thumb Code    48  trapv.o(x$fpl$trapveneer)
    __I$use$fp                               0x0800b1ea   Number         0  usenofp.o(x$fpl$usenofp)
    crc_const_table                          0x0800b1ea   Data         512  str.o(.constdata)
    OSUnMapTbl                               0x0800b3ea   Data         256  os_core.o(.constdata)
    Region$$Table$$Base                      0x0800b6a0   Number         0  anon$$obj.o(Region$$Table)
    Region$$Table$$Limit                     0x0800b6c0   Number         0  anon$$obj.o(Region$$Table)
    __aeabi_HUGE_VAL                         0x0800b6c0   Data           0  fpconst.o(c$$dinf)
    __aeabi_HUGE_VALL                        0x0800b6c0   Data           0  fpconst.o(c$$dinf)
    __aeabi_INFINITY                         0x0800b6c0   Data           0  fpconst.o(c$$dinf)
    __dInf                                   0x0800b6c0   Data           0  fpconst.o(c$$dinf)
    __huge_val                               0x0800b6c0   Data           0  fpconst.o(c$$dinf)
    __dbl_max                                0x0800b6c8   Data           0  fpconst.o(c$$dmax)
    __ctype                                  0x0800b6f9   Data           0  lc_ctype_c.o(locale$$data)
    log_sem                                  0x20000000   Data           4  main.o(.data)
    PtzSem                                   0x20000004   Data           4  main.o(.data)
    p_msgBuffer                              0x20000008   Data           4  main.o(.data)
    mem160ptr                                0x2000000c   Data           4  main.o(.data)
    mem512_sem                               0x20000010   Data           4  main.o(.data)
    mem512ptr                                0x20000014   Data           4  main.o(.data)
    CurrentPtzSetCom                         0x20000018   Data           1  main.o(.data)
    GTZMHDCmdSetStep1                        0x20000019   Data           1  main.o(.data)
    GTZMHDCmdSetStep2                        0x2000001a   Data           1  main.o(.data)
    GTZMHDCmdSetOk                           0x2000001b   Data           1  main.o(.data)
    DoGTZMHDCmdSetRet                        0x2000001c   Data           1  main.o(.data)
    GTZMHDCmdGetStep1                        0x2000001d   Data           1  main.o(.data)
    GTZMHDCmdGetStep2                        0x2000001e   Data           1  main.o(.data)
    GTZMHDCmdGetOk                           0x2000001f   Data           1  main.o(.data)
    DoGTZMHDCmdGetRet                        0x20000020   Data           1  main.o(.data)
    GetWeatherQueue                          0x20000024   Data           4  task_weather.o(.data)
    RemoteRecQueue                           0x20000028   Data           4  task_remote_rec.o(.data)
    LocalQueue                               0x2000002c   Data           4  task_local.o(.data)
    Frame_No_Debug                           0x20000030   Data           4  task_local.o(.data)
    Frame_No_Linux                           0x20000034   Data           4  task_local.o(.data)
    Frame_No_Rf433                           0x20000038   Data           4  task_local.o(.data)
    Frame_No_POWER                           0x2000003c   Data           4  task_local.o(.data)
    CommandList                              0x20000040   Data          88  task_local.o(.data)
    TaskName                                 0x20000098   Data          20  task_local.o(.data)
    timerQueue                               0x200000ac   Data           4  task_timer.o(.data)
    tmr1_temper_humidi                       0x200000b0   Data           4  task_timer.o(.data)
    tmr2_sys_led                             0x200000b4   Data           4  task_timer.o(.data)
    gnAM2320_temper                          0x200000d6   Data           2  am2320_by_iic.o(.data)
    gnAM2320_humidi                          0x200000d8   Data           2  am2320_by_iic.o(.data)
    Enccoder_AB_Turns                        0x200000e0   Data           4  bsp_enccoder.o(.data)
    Enccoder_Z_Turns                         0x200000e4   Data           4  bsp_enccoder.o(.data)
    GPS_F                                    0x200000f0   Data           1  bsp_gps.o(.data)
    headerData                               0x200000f1   Data           6  bsp_gps.o(.data)
    GPS_UART                                 0x200000f8   Data           4  bsp_gps.o(.data)
    dataMode                                 0x200000fc   Data           2  bsp_gps.o(.data)
    headerCount                              0x200000fe   Data           2  bsp_gps.o(.data)
    dataCount                                0x20000100   Data           2  bsp_gps.o(.data)
    readCount                                0x20000102   Data           2  bsp_gps.o(.data)
    GGADataFinish                            0x20000104   Data           1  bsp_gps.o(.data)
    RMCDataFinish                            0x20000105   Data           1  bsp_gps.o(.data)
    currentLatitude                          0x20000108   Data           8  bsp_gps.o(.data)
    currentLongitude                         0x20000110   Data           8  bsp_gps.o(.data)
    currentSatellitesUsed                    0x20000118   Data           1  bsp_gps.o(.data)
    HDOP                                     0x2000011c   Data           4  bsp_gps.o(.data)
    currentTime                              0x20000120   Data           3  bsp_gps.o(.data)
    homeTime                                 0x20000123   Data           3  bsp_gps.o(.data)
    lastTime                                 0x20000126   Data           3  bsp_gps.o(.data)
    GPS_Init_Flag                            0x20000129   Data           1  bsp_gps.o(.data)
    gps_data                                 0x2000012a   Data         120  bsp_gps.o(.data)
    TimingDelay                              0x200001a4   Data           4  bsp_gps.o(.data)
    Usart3Sem                                0x200001a8   Data           4  bsp_hi3521.o(.data)
    RobotError                               0x200001ac   Data           1  bsp_hi3521.o(.data)
    Ntc_temp                                 0x200001ad   Data           1  bsp_hi3521.o(.data)
    Uart4Sem                                 0x200001b0   Data           4  bsp_debug.o(.data)
    USART_Flag                               0x200001b4   Data           1  bsp_brd.o(.data)
    USARTFrameLength                         0x200001b8   Data           4  bsp_brd.o(.data)
    GY26_cnt                                 0x200001bc   Data           2  bsp_brd.o(.data)
    Uart2Sem                                 0x200001c0   Data           4  bsp_brd.o(.data)
    BAT_Protect_Info                         0x200001c4   Data           8  bsp_brd.o(.data)
    Power_Control_Status                     0x200001cc   Data           5  bsp_brd.o(.data)
    Power_Charge_Status                      0x200001d1   Data           1  bsp_brd.o(.data)
    Power_Cell_Balance_Status                0x200001d2   Data           1  bsp_brd.o(.data)
    Usart1Sem                                0x200001d4   Data           4  bsp_lora.o(.data)
    OSCtxSwCtr                               0x200001e8   Data           4  os_core.o(.data)
    OSEventFreeList                          0x200001ec   Data           4  os_core.o(.data)
    OSFlagFreeList                           0x200001f0   Data           4  os_core.o(.data)
    OSCPUUsage                               0x200001f4   Data           1  os_core.o(.data)
    OSIdleCtrMax                             0x200001f8   Data           4  os_core.o(.data)
    OSIdleCtrRun                             0x200001fc   Data           4  os_core.o(.data)
    OSStatRdy                                0x20000200   Data           1  os_core.o(.data)
    OSIntNesting                             0x20000201   Data           1  os_core.o(.data)
    OSLockNesting                            0x20000202   Data           1  os_core.o(.data)
    OSPrioCur                                0x20000203   Data           1  os_core.o(.data)
    OSPrioHighRdy                            0x20000204   Data           1  os_core.o(.data)
    OSRdyGrp                                 0x20000205   Data           1  os_core.o(.data)
    OSRdyTbl                                 0x20000206   Data           8  os_core.o(.data)
    OSRunning                                0x2000020e   Data           1  os_core.o(.data)
    OSTaskCtr                                0x2000020f   Data           1  os_core.o(.data)
    OSIdleCtr                                0x20000210   Data           4  os_core.o(.data)
    OSTCBCur                                 0x20000214   Data           4  os_core.o(.data)
    OSTCBFreeList                            0x20000218   Data           4  os_core.o(.data)
    OSTCBHighRdy                             0x2000021c   Data           4  os_core.o(.data)
    OSTCBList                                0x20000220   Data           4  os_core.o(.data)
    OSTickStepState                          0x20000224   Data           1  os_core.o(.data)
    OSMemFreeList                            0x20000228   Data           4  os_core.o(.data)
    OSQFreeList                              0x2000022c   Data           4  os_core.o(.data)
    OSTime                                   0x20000230   Data           4  os_core.o(.data)
    OSTmrFree                                0x20000234   Data           2  os_core.o(.data)
    OSTmrUsed                                0x20000236   Data           2  os_core.o(.data)
    OSTmrTime                                0x20000238   Data           4  os_core.o(.data)
    OSTmrSem                                 0x2000023c   Data           4  os_core.o(.data)
    OSTmrSemSignal                           0x20000240   Data           4  os_core.o(.data)
    OSTmrFreeList                            0x20000244   Data           4  os_core.o(.data)
    OSInterrputSum                           0x20000248   Data           4  os_cpu_c.o(.data)
    msgBuffer                                0x20000250   Data         800  main.o(.bss)
    mem_160                                  0x20000570   Data        6600  main.o(.bss)
    mem_512                                  0x20001f38   Data        3584  main.o(.bss)
    local_Q                                  0x20003a28   Data          40  main.o(.bss)
    timer_Q                                  0x20003a50   Data         128  main.o(.bss)
    weather_Q                                0x20003ad0   Data         128  main.o(.bss)
    RemoteRec_Q                              0x20003b50   Data         128  main.o(.bss)
    Sensor_Data_Collect_Q                    0x20003bd0   Data         128  main.o(.bss)
    gCmdParaVal_Ints                         0x20003c50   Data          32  task_local.o(.bss)
    gCmdParaVal_floats                       0x20003c70   Data          12  task_local.o(.bss)
    gCmdParaInfos                            0x20003c7c   Data        1894  task_local.o(.bss)
    gUserAllCfg                              0x200043e2   Data          48  task_local.o(.bss)
    GTZMHD_Set                               0x20004412   Data          12  task_local.o(.bss)
    GTZMHD_Get                               0x2000441e   Data          12  task_local.o(.bss)
    g_zt_msg                                 0x2000442c   Data        1032  task_timer.o(.bss)
    gMstMt                                   0x20004834   Data          25  zt_motor_master_driver.o(.bss)
    gSpeedAnaly_Mst                          0x2000484e   Data          26  zt_motor_slave_driver.o(.bss)
    gSpeedAnaly_Slv                          0x20004868   Data          26  zt_motor_slave_driver.o(.bss)
    gSpeedAnaly_Whl                          0x20004882   Data          26  zt_motor_slave_driver.o(.bss)
    gSlvMtCfg                                0x2000489c   Data          40  zt_motor_slave_driver.o(.bss)
    gSlaveMtAnaly                            0x200048c4   Data          71  zt_motor_slave_driver.o(.bss)
    gMtDisControlCheck                       0x2000490b   Data          80  zt_motor_slave_driver.o(.bss)
    gBatAutoCtrl                             0x2000495b   Data          16  zt_motor_slave_driver.o(.bss)
    gRbtState                                0x2000496c   Data         130  zt_motor_slave_driver.o(.bss)
    gPressFilter                             0x200049ee   Data           9  zt_motor_slave_driver.o(.bss)
    I2C_Info                                 0x200049f7   Data          10  am2320_by_iic.o(.bss)
    ADC_Value                                0x20004a02   Data         160  bsp_adc_init.o(.bss)
    GGAData_buf                              0x20004aa2   Data         100  bsp_gps.o(.bss)
    RMCData_buf                              0x20004b06   Data         100  bsp_gps.o(.bss)
    GGAData                                  0x20004b6a   Data         102  bsp_gps.o(.bss)
    RMCData                                  0x20004bd0   Data         102  bsp_gps.o(.bss)
    AtCmdFromLinux                           0x20004c38   Data         261  bsp_hi3521.o(.bss)
    g_zt_msg3                                0x20004d40   Data        1032  bsp_hi3521.o(.bss)
    AtCmdFromDebug                           0x20005148   Data         261  bsp_debug.o(.bss)
    g_zt_msg4                                0x20005250   Data        1032  bsp_debug.o(.bss)
    Rec_Data                                 0x20005658   Data          64  bsp_brd.o(.bss)
    BRD_Info                                 0x20005698   Data          30  bsp_brd.o(.bss)
    Power_UART_Sendbuf                       0x200056b6   Data         515  bsp_brd.o(.bss)
    Power_UART_Rx_Buf                        0x200058b9   Data         515  bsp_brd.o(.bss)
    gBattery_Value                           0x20005abc   Data          30  bsp_brd.o(.bss)
    AtCmdFromRF433                           0x20005adc   Data         261  bsp_lora.o(.bss)
    g_zt_msg1                                0x20005be4   Data        1032  bsp_lora.o(.bss)
    OSEventTbl                               0x20005fec   Data         480  os_core.o(.bss)
    OSFlagTbl                                0x200061cc   Data          80  os_core.o(.bss)
    OSTaskStatStk                            0x2000621c   Data         512  os_core.o(.bss)
    OSTaskIdleStk                            0x2000641c   Data         512  os_core.o(.bss)
    OSTCBPrioTbl                             0x2000661c   Data         256  os_core.o(.bss)
    OSTCBTbl                                 0x2000671c   Data        1936  os_core.o(.bss)
    OSMemTbl                                 0x20006eac   Data         120  os_core.o(.bss)
    OSQTbl                                   0x20006f24   Data         240  os_core.o(.bss)
    OSTmrTbl                                 0x20007014   Data         640  os_core.o(.bss)
    OSTmrTaskStk                             0x20007294   Data         512  os_core.o(.bss)
    OSTmrWheelTbl                            0x20007494   Data          64  os_core.o(.bss)
    __libspace_start                         0x200074d4   Data          96  libspace.o(.bss)
    __temporary_stack_top$libspace           0x20007534   Data           0  libspace.o(.bss)



==============================================================================

Memory Map of the image

  Image Entry point : 0x08000189

  Load Region LR_IROM1 (Base: 0x08000000, Size: 0x0000ba4c, Max: 0x00100000, ABSOLUTE, COMPRESSED[0x0000b86c])

    Execution Region ER_IROM1 (Exec base: 0x08000000, Load base: 0x08000000, Size: 0x0000b7fc, Max: 0x00100000, ABSOLUTE)

    Exec Addr    Load Addr    Size         Type   Attr      Idx    E Section Name        Object

    0x08000000   0x08000000   0x00000188   Data   RO         6849    RESET               startup_stm32f40_41xxx.o
    0x08000188   0x08000188   0x00000008   Code   RO         8073  * !!!main             c_w.l(__main.o)
    0x08000190   0x08000190   0x00000034   Code   RO         8411    !!!scatter          c_w.l(__scatter.o)
    0x080001c4   0x080001c4   0x0000005a   Code   RO         8409    !!dczerorl2         c_w.l(__dczerorl2.o)
    0x0800021e   0x0800021e   0x00000002   PAD
    0x08000220   0x08000220   0x0000001c   Code   RO         8413    !!handler_zi        c_w.l(__scatter_zi.o)
    0x0800023c   0x0800023c   0x00000002   Code   RO         8184    .ARM.Collect$$libinit$$00000000  c_w.l(libinit.o)
    0x0800023e   0x0800023e   0x00000004   Code   RO         8185    .ARM.Collect$$libinit$$00000001  c_w.l(libinit2.o)
    0x08000242   0x08000242   0x00000000   Code   RO         8188    .ARM.Collect$$libinit$$00000004  c_w.l(libinit2.o)
    0x08000242   0x08000242   0x00000000   Code   RO         8191    .ARM.Collect$$libinit$$0000000A  c_w.l(libinit2.o)
    0x08000242   0x08000242   0x00000000   Code   RO         8193    .ARM.Collect$$libinit$$0000000C  c_w.l(libinit2.o)
    0x08000242   0x08000242   0x00000000   Code   RO         8195    .ARM.Collect$$libinit$$0000000E  c_w.l(libinit2.o)
    0x08000242   0x08000242   0x00000006   Code   RO         8196    .ARM.Collect$$libinit$$0000000F  c_w.l(libinit2.o)
    0x08000248   0x08000248   0x00000000   Code   RO         8198    .ARM.Collect$$libinit$$00000011  c_w.l(libinit2.o)
    0x08000248   0x08000248   0x0000000c   Code   RO         8199    .ARM.Collect$$libinit$$00000012  c_w.l(libinit2.o)
    0x08000254   0x08000254   0x00000000   Code   RO         8200    .ARM.Collect$$libinit$$00000013  c_w.l(libinit2.o)
    0x08000254   0x08000254   0x00000000   Code   RO         8202    .ARM.Collect$$libinit$$00000015  c_w.l(libinit2.o)
    0x08000254   0x08000254   0x0000000a   Code   RO         8203    .ARM.Collect$$libinit$$00000016  c_w.l(libinit2.o)
    0x0800025e   0x0800025e   0x00000000   Code   RO         8204    .ARM.Collect$$libinit$$00000017  c_w.l(libinit2.o)
    0x0800025e   0x0800025e   0x00000000   Code   RO         8206    .ARM.Collect$$libinit$$00000019  c_w.l(libinit2.o)
    0x0800025e   0x0800025e   0x00000000   Code   RO         8208    .ARM.Collect$$libinit$$0000001B  c_w.l(libinit2.o)
    0x0800025e   0x0800025e   0x00000000   Code   RO         8210    .ARM.Collect$$libinit$$0000001D  c_w.l(libinit2.o)
    0x0800025e   0x0800025e   0x00000000   Code   RO         8212    .ARM.Collect$$libinit$$0000001F  c_w.l(libinit2.o)
    0x0800025e   0x0800025e   0x00000000   Code   RO         8214    .ARM.Collect$$libinit$$00000021  c_w.l(libinit2.o)
    0x0800025e   0x0800025e   0x00000000   Code   RO         8216    .ARM.Collect$$libinit$$00000023  c_w.l(libinit2.o)
    0x0800025e   0x0800025e   0x00000000   Code   RO         8218    .ARM.Collect$$libinit$$00000025  c_w.l(libinit2.o)
    0x0800025e   0x0800025e   0x00000000   Code   RO         8222    .ARM.Collect$$libinit$$0000002C  c_w.l(libinit2.o)
    0x0800025e   0x0800025e   0x00000000   Code   RO         8224    .ARM.Collect$$libinit$$0000002E  c_w.l(libinit2.o)
    0x0800025e   0x0800025e   0x00000000   Code   RO         8226    .ARM.Collect$$libinit$$00000030  c_w.l(libinit2.o)
    0x0800025e   0x0800025e   0x00000000   Code   RO         8228    .ARM.Collect$$libinit$$00000032  c_w.l(libinit2.o)
    0x0800025e   0x0800025e   0x00000002   Code   RO         8229    .ARM.Collect$$libinit$$00000033  c_w.l(libinit2.o)
    0x08000260   0x08000260   0x00000002   Code   RO         8318    .ARM.Collect$$libshutdown$$00000000  c_w.l(libshutdown.o)
    0x08000262   0x08000262   0x00000000   Code   RO         8345    .ARM.Collect$$libshutdown$$00000002  c_w.l(libshutdown2.o)
    0x08000262   0x08000262   0x00000000   Code   RO         8347    .ARM.Collect$$libshutdown$$00000004  c_w.l(libshutdown2.o)
    0x08000262   0x08000262   0x00000000   Code   RO         8350    .ARM.Collect$$libshutdown$$00000007  c_w.l(libshutdown2.o)
    0x08000262   0x08000262   0x00000000   Code   RO         8353    .ARM.Collect$$libshutdown$$0000000A  c_w.l(libshutdown2.o)
    0x08000262   0x08000262   0x00000000   Code   RO         8355    .ARM.Collect$$libshutdown$$0000000C  c_w.l(libshutdown2.o)
    0x08000262   0x08000262   0x00000000   Code   RO         8358    .ARM.Collect$$libshutdown$$0000000F  c_w.l(libshutdown2.o)
    0x08000262   0x08000262   0x00000002   Code   RO         8359    .ARM.Collect$$libshutdown$$00000010  c_w.l(libshutdown2.o)
    0x08000264   0x08000264   0x00000000   Code   RO         8105    .ARM.Collect$$rtentry$$00000000  c_w.l(__rtentry.o)
    0x08000264   0x08000264   0x00000000   Code   RO         8130    .ARM.Collect$$rtentry$$00000002  c_w.l(__rtentry2.o)
    0x08000264   0x08000264   0x00000006   Code   RO         8142    .ARM.Collect$$rtentry$$00000004  c_w.l(__rtentry4.o)
    0x0800026a   0x0800026a   0x00000000   Code   RO         8132    .ARM.Collect$$rtentry$$00000009  c_w.l(__rtentry2.o)
    0x0800026a   0x0800026a   0x00000004   Code   RO         8133    .ARM.Collect$$rtentry$$0000000A  c_w.l(__rtentry2.o)
    0x0800026e   0x0800026e   0x00000000   Code   RO         8135    .ARM.Collect$$rtentry$$0000000C  c_w.l(__rtentry2.o)
    0x0800026e   0x0800026e   0x00000008   Code   RO         8136    .ARM.Collect$$rtentry$$0000000D  c_w.l(__rtentry2.o)
    0x08000276   0x08000276   0x00000002   Code   RO         8230    .ARM.Collect$$rtexit$$00000000  c_w.l(rtexit.o)
    0x08000278   0x08000278   0x00000000   Code   RO         8282    .ARM.Collect$$rtexit$$00000002  c_w.l(rtexit2.o)
    0x08000278   0x08000278   0x00000004   Code   RO         8283    .ARM.Collect$$rtexit$$00000003  c_w.l(rtexit2.o)
    0x0800027c   0x0800027c   0x00000006   Code   RO         8284    .ARM.Collect$$rtexit$$00000004  c_w.l(rtexit2.o)
    0x08000282   0x08000282   0x00000002   PAD
    0x08000284   0x08000284   0x00000040   Code   RO         6850    .text               startup_stm32f40_41xxx.o
    0x080002c4   0x080002c4   0x000000c8   Code   RO         7721    .text               os_cpu_a.o
    0x0800038c   0x0800038c   0x0000001a   Code   RO         8051    .text               c_w.l(atoi.o)
    0x080003a6   0x080003a6   0x00000058   Code   RO         8055    .text               c_w.l(memcmp.o)
    0x080003fe   0x080003fe   0x00000048   Code   RO         8057    .text               c_w.l(strcpy.o)
    0x08000446   0x08000446   0x0000003e   Code   RO         8059    .text               c_w.l(strlen.o)
    0x08000484   0x08000484   0x00000096   Code   RO         8061    .text               c_w.l(strncmp.o)
    0x0800051a   0x0800051a   0x0000008a   Code   RO         8063    .text               c_w.l(rt_memcpy_v6.o)
    0x080005a4   0x080005a4   0x00000064   Code   RO         8065    .text               c_w.l(rt_memcpy_w.o)
    0x08000608   0x08000608   0x00000044   Code   RO         8067    .text               c_w.l(rt_memclr.o)
    0x0800064c   0x0800064c   0x0000004e   Code   RO         8069    .text               c_w.l(rt_memclr_w.o)
    0x0800069a   0x0800069a   0x00000006   Code   RO         8071    .text               c_w.l(heapauxi.o)
    0x080006a0   0x080006a0   0x00000008   Code   RO         8109    .text               c_w.l(rt_errno_addr_intlibspace.o)
    0x080006a8   0x080006a8   0x00000016   Code   RO         8111    .text               c_w.l(_rserrno.o)
    0x080006be   0x080006be   0x00000002   PAD
    0x080006c0   0x080006c0   0x000000a4   Code   RO         8113    .text               c_w.l(strtod.o)
    0x08000764   0x08000764   0x00000070   Code   RO         8115    .text               c_w.l(strtol.o)
    0x080007d4   0x080007d4   0x00000008   Code   RO         8126    .text               c_w.l(libspace.o)
    0x080007dc   0x080007dc   0x00000010   Code   RO         8144    .text               c_w.l(rt_ctype_table.o)
    0x080007ec   0x080007ec   0x00000012   Code   RO         8146    .text               c_w.l(isspace.o)
    0x080007fe   0x080007fe   0x00000040   Code   RO         8148    .text               c_w.l(_sgetc.o)
    0x0800083e   0x0800083e   0x0000009e   Code   RO         8150    .text               c_w.l(_strtoul.o)
    0x080008dc   0x080008dc   0x0000004a   Code   RO         8159    .text               c_w.l(sys_stackheap_outer.o)
    0x08000926   0x08000926   0x00000002   PAD
    0x08000928   0x08000928   0x00000008   Code   RO         8164    .text               c_w.l(rt_locale_intlibspace.o)
    0x08000930   0x08000930   0x0000001c   Code   RO         8166    .text               c_w.l(_chval.o)
    0x0800094c   0x0800094c   0x000004f8   Code   RO         8168    .text               c_w.l(scanf_fp.o)
    0x08000e44   0x08000e44   0x00000012   Code   RO         8175    .text               c_w.l(exit.o)
    0x08000e56   0x08000e56   0x00000002   PAD
    0x08000e58   0x08000e58   0x00000080   Code   RO         8177    .text               c_w.l(strcmpv7m.o)
    0x08000ed8   0x08000ed8   0x000000e4   Code   RO         8232    .text               c_w.l(bigflt0.o)
    0x08000fbc   0x08000fbc   0x00000320   Code   RO         8288    .text               c_w.l(scanf_hexfp.o)
    0x080012dc   0x080012dc   0x00000134   Code   RO         8290    .text               c_w.l(scanf_infnan.o)
    0x08001410   0x08001410   0x0000000c   Code   RO         8306    .text               c_w.l(sys_exit.o)
    0x0800141c   0x0800141c   0x00000026   Code   RO         8310    .text               c_w.l(llshl.o)
    0x08001442   0x08001442   0x00000002   Code   RO         8335    .text               c_w.l(use_no_semi.o)
    0x08001444   0x08001444   0x00000000   Code   RO         8337    .text               c_w.l(indicate_semi.o)
    0x08001444   0x08001444   0x00000338   Code   RO         8245    CL$$btod_div_common  c_w.l(btod.o)
    0x0800177c   0x0800177c   0x00000084   Code   RO         8243    CL$$btod_e2d        c_w.l(btod.o)
    0x08001800   0x08001800   0x000000dc   Code   RO         8242    CL$$btod_e2e        c_w.l(btod.o)
    0x080018dc   0x080018dc   0x0000002a   Code   RO         8239    CL$$btod_ediv       c_w.l(btod.o)
    0x08001906   0x08001906   0x0000002a   Code   RO         8241    CL$$btod_edivd      c_w.l(btod.o)
    0x08001930   0x08001930   0x0000002a   Code   RO         8238    CL$$btod_emul       c_w.l(btod.o)
    0x0800195a   0x0800195a   0x0000002a   Code   RO         8240    CL$$btod_emuld      c_w.l(btod.o)
    0x08001984   0x08001984   0x00000244   Code   RO         8244    CL$$btod_mult_common  c_w.l(btod.o)
    0x08001bc8   0x08001bc8   0x00000016   Code   RO         2300    i.ADC_Cmd           stm32f4xx_adc.o
    0x08001bde   0x08001bde   0x00000002   PAD
    0x08001be0   0x08001be0   0x00000030   Code   RO         2301    i.ADC_CommonInit    stm32f4xx_adc.o
    0x08001c10   0x08001c10   0x00000016   Code   RO         2304    i.ADC_DMACmd        stm32f4xx_adc.o
    0x08001c26   0x08001c26   0x00000016   Code   RO         2305    i.ADC_DMARequestAfterLastTransferCmd  stm32f4xx_adc.o
    0x08001c3c   0x08001c3c   0x00000054   Code   RO         2320    i.ADC_Init          stm32f4xx_adc.o
    0x08001c90   0x08001c90   0x000000b8   Code   RO         2325    i.ADC_RegularChannelConfig  stm32f4xx_adc.o
    0x08001d48   0x08001d48   0x0000000a   Code   RO         2327    i.ADC_SoftwareStartConv  stm32f4xx_adc.o
    0x08001d52   0x08001d52   0x00000014   Code   RO         2329    i.ADC_StructInit    stm32f4xx_adc.o
    0x08001d66   0x08001d66   0x00000002   PAD
    0x08001d68   0x08001d68   0x00000030   Code   RO         1428    i.AM2320_and_iic_init  am2320_by_iic.o
    0x08001d98   0x08001d98   0x0000000c   Code   RO         1429    i.AM2320_get_humidi  am2320_by_iic.o
    0x08001da4   0x08001da4   0x0000000c   Code   RO         1430    i.AM2320_get_temper  am2320_by_iic.o
    0x08001db0   0x08001db0   0x00000178   Code   RO            3    i.App_TaskCreate    main.o
    0x08001f28   0x08001f28   0x00000178   Code   RO            4    i.App_TaskStart     main.o
    0x080020a0   0x080020a0   0x000000fc   Code   RO         2132    i.BRD_POWER_ISR     bsp_brd.o
    0x0800219c   0x0800219c   0x0000010c   Code   RO          356    i.BatCFG            task_local.o
    0x080022a8   0x080022a8   0x00000004   Code   RO          756    i.BusFault_Handler  stm32f4xx_it.o
    0x080022ac   0x080022ac   0x000000f0   Code   RO          357    i.CheckIsCmdOk      task_local.o
    0x0800239c   0x0800239c   0x000001a8   Code   RO         1232    i.CheckMtDisControl  zt_motor_slave_driver.o
    0x08002544   0x08002544   0x00000018   Code   RO          645    i.Clear_Buffer      task_timer.o
    0x0800255c   0x0800255c   0x00000040   Code   RO          358    i.CloseDev          task_local.o
    0x0800259c   0x0800259c   0x000002c0   Code   RO          359    i.CommDebug         task_local.o
    0x0800285c   0x0800285c   0x00000042   Code   RO          646    i.CopyBuffer        task_timer.o
    0x0800289e   0x0800289e   0x00000016   Code   RO         3239    i.DMA_Cmd           stm32f4xx_dma.o
    0x080028b4   0x080028b4   0x00000058   Code   RO         3251    i.DMA_Init          stm32f4xx_dma.o
    0x0800290c   0x0800290c   0x00000002   Code   RO          757    i.DebugMon_Handler  stm32f4xx_it.o
    0x0800290e   0x0800290e   0x00000002   PAD
    0x08002910   0x08002910   0x00000020   Code   RO         1233    i.DoLimitMstMtSpeed  zt_motor_slave_driver.o
    0x08002930   0x08002930   0x00000044   Code   RO         1234    i.DoPjzLvboAnaly    zt_motor_slave_driver.o
    0x08002974   0x08002974   0x00000080   Code   RO         1235    i.DoPressFilter     zt_motor_slave_driver.o
    0x080029f4   0x080029f4   0x00000168   Code   RO         1236    i.DoSetSlaveMtSpeedByCurSpeed  zt_motor_slave_driver.o
    0x08002b5c   0x08002b5c   0x00000104   Code   RO         1237    i.DoSpeedAnalyByCode  zt_motor_slave_driver.o
    0x08002c60   0x08002c60   0x0000007c   Code   RO         1757    i.ENCCODER_AB_Config  bsp_enccoder.o
    0x08002cdc   0x08002cdc   0x00000074   Code   RO         1758    i.ENCCODER_Z_EXTI_Handler  bsp_enccoder.o
    0x08002d50   0x08002d50   0x0000000c   Code   RO          758    i.EXTI9_5_IRQHandler  stm32f4xx_it.o
    0x08002d5c   0x08002d5c   0x0000000c   Code   RO         3497    i.EXTI_ClearITPendingBit  stm32f4xx_exti.o
    0x08002d68   0x08002d68   0x00000018   Code   RO         3501    i.EXTI_GetITStatus  stm32f4xx_exti.o
    0x08002d80   0x08002d80   0x00000094   Code   RO         3502    i.EXTI_Init         stm32f4xx_exti.o
    0x08002e14   0x08002e14   0x0000000c   Code   RO         1759    i.Enccoder_AB_GET_Clear_Cnt  bsp_enccoder.o
    0x08002e20   0x08002e20   0x0000000c   Code   RO         3558    i.FLASH_ClearFlag   stm32f4xx_flash.o
    0x08002e2c   0x08002e2c   0x00000088   Code   RO         3564    i.FLASH_EraseSector  stm32f4xx_flash.o
    0x08002eb4   0x08002eb4   0x00000054   Code   RO         3566    i.FLASH_GetStatus   stm32f4xx_flash.o
    0x08002f08   0x08002f08   0x00000014   Code   RO         3570    i.FLASH_Lock        stm32f4xx_flash.o
    0x08002f1c   0x08002f1c   0x00000050   Code   RO         3594    i.FLASH_ProgramWord  stm32f4xx_flash.o
    0x08002f6c   0x08002f6c   0x00000024   Code   RO         3596    i.FLASH_Unlock      stm32f4xx_flash.o
    0x08002f90   0x08002f90   0x00000022   Code   RO         3597    i.FLASH_WaitForLastOperation  stm32f4xx_flash.o
    0x08002fb2   0x08002fb2   0x00000002   PAD
    0x08002fb4   0x08002fb4   0x00000030   Code   RO          360    i.FindingOrder      task_local.o
    0x08002fe4   0x08002fe4   0x00000020   Code   RO         1238    i.GPIO_INIT_IN_FLOAT  zt_motor_slave_driver.o
    0x08003004   0x08003004   0x00000090   Code   RO         3842    i.GPIO_Init         stm32f4xx_gpio.o
    0x08003094   0x08003094   0x00000046   Code   RO         3843    i.GPIO_PinAFConfig  stm32f4xx_gpio.o
    0x080030da   0x080030da   0x00000012   Code   RO         3846    i.GPIO_ReadInputDataBit  stm32f4xx_gpio.o
    0x080030ec   0x080030ec   0x00000004   Code   RO         3849    i.GPIO_ResetBits    stm32f4xx_gpio.o
    0x080030f0   0x080030f0   0x00000004   Code   RO         3850    i.GPIO_SetBits      stm32f4xx_gpio.o
    0x080030f4   0x080030f4   0x000001b4   Code   RO         1888    i.GPS_UART_ISR      bsp_gps.o
    0x080032a8   0x080032a8   0x00000014   Code   RO          944    i.GetCRC16          str.o
    0x080032bc   0x080032bc   0x00000030   Code   RO          946    i.GetCrc16_add      str.o
    0x080032ec   0x080032ec   0x0000000c   Code   RO          361    i.GetSlvCFG         task_local.o
    0x080032f8   0x080032f8   0x000000c8   Code   RO          362    i.GetState          task_local.o
    0x080033c0   0x080033c0   0x0000001e   Code   RO          363    i.GpioSetBit        task_local.o
    0x080033de   0x080033de   0x00000004   Code   RO          364    i.GpioSetH          task_local.o
    0x080033e2   0x080033e2   0x00000004   Code   RO         1147    i.GpioSetH          zt_motor_master_driver.o
    0x080033e6   0x080033e6   0x00000004   Code   RO         1241    i.GpioSetH          zt_motor_slave_driver.o
    0x080033ea   0x080033ea   0x00000004   Code   RO          365    i.GpioSetL          task_local.o
    0x080033ee   0x080033ee   0x00000004   Code   RO         1148    i.GpioSetL          zt_motor_master_driver.o
    0x080033f2   0x080033f2   0x00000004   Code   RO         1242    i.GpioSetL          zt_motor_slave_driver.o
    0x080033f6   0x080033f6   0x00000004   Code   RO          759    i.HardFault_Handler  stm32f4xx_it.o
    0x080033fa   0x080033fa   0x00000002   PAD
    0x080033fc   0x080033fc   0x000001a4   Code   RO          366    i.Hello             task_local.o
    0x080035a0   0x080035a0   0x00000018   Code   RO         4114    i.I2C_AcknowledgeConfig  stm32f4xx_i2c.o
    0x080035b8   0x080035b8   0x00000018   Code   RO         4120    i.I2C_Cmd           stm32f4xx_i2c.o
    0x080035d0   0x080035d0   0x00000060   Code   RO         4123    i.I2C_DeInit        stm32f4xx_i2c.o
    0x08003630   0x08003630   0x000000e8   Code   RO         4135    i.I2C_Init          stm32f4xx_i2c.o
    0x08003718   0x08003718   0x0000005c   Code   RO          367    i.Lack              task_local.o
    0x08003774   0x08003774   0x00000020   Code   RO          368    i.Lcmd              task_local.o
    0x08003794   0x08003794   0x00000038   Code   RO          369    i.LinuxRst          task_local.o
    0x080037cc   0x080037cc   0x00000014   Code   RO         1815    i.Master_Cal_Speed_Get_ADC_Val  bsp_motor_cal_speed.o
    0x080037e0   0x080037e0   0x00000038   Code   RO         1816    i.Master_Cal_Speed_Get_Voltage  bsp_motor_cal_speed.o
    0x08003818   0x08003818   0x00000004   Code   RO          760    i.MemManage_Handler  stm32f4xx_it.o
    0x0800381c   0x0800381c   0x00000002   Code   RO          761    i.NMI_Handler       stm32f4xx_it.o
    0x0800381e   0x0800381e   0x000000da   Code   RO         1989    i.NVIC_Configuration  nvic_irq.o
    0x080038f8   0x080038f8   0x00000078   Code   RO         2250    i.NVIC_Init         misc.o
    0x08003970   0x08003970   0x00000014   Code   RO         2251    i.NVIC_PriorityGroupConfig  misc.o
    0x08003984   0x08003984   0x00000068   Code   RO         6894    i.OSEventNameSet    os_core.o
    0x080039ec   0x080039ec   0x00000034   Code   RO         6896    i.OSInit            os_core.o
    0x08003a20   0x08003a20   0x0000000c   Code   RO         7726    i.OSInitHookBegin   os_cpu_c.o
    0x08003a2c   0x08003a2c   0x00000002   Code   RO         7727    i.OSInitHookEnd     os_cpu_c.o
    0x08003a2e   0x08003a2e   0x00000002   PAD
    0x08003a30   0x08003a30   0x00000090   Code   RO         6898    i.OSIntExit         os_core.o
    0x08003ac0   0x08003ac0   0x000000a8   Code   RO         7272    i.OSMemCreate       os_mem.o
    0x08003b68   0x08003b68   0x00000048   Code   RO         7273    i.OSMemGet          os_mem.o
    0x08003bb0   0x08003bb0   0x00000042   Code   RO         7276    i.OSMemPut          os_mem.o
    0x08003bf2   0x08003bf2   0x00000040   Code   RO         7277    i.OSMemQuery        os_mem.o
    0x08003c32   0x08003c32   0x00000002   PAD
    0x08003c34   0x08003c34   0x000000a0   Code   RO         7374    i.OSQCreate         os_q.o
    0x08003cd4   0x08003cd4   0x0000012c   Code   RO         7377    i.OSQPend           os_q.o
    0x08003e00   0x08003e00   0x00000078   Code   RO         7379    i.OSQPost           os_q.o
    0x08003e78   0x08003e78   0x00000040   Code   RO         6899    i.OSSchedLock       os_core.o
    0x08003eb8   0x08003eb8   0x00000060   Code   RO         6900    i.OSSchedUnlock     os_core.o
    0x08003f18   0x08003f18   0x00000054   Code   RO         7446    i.OSSemCreate       os_sem.o
    0x08003f6c   0x08003f6c   0x000000f8   Code   RO         7448    i.OSSemPend         os_sem.o
    0x08004064   0x08004064   0x0000005e   Code   RO         7450    i.OSSemPost         os_sem.o
    0x080040c2   0x080040c2   0x00000058   Code   RO         7451    i.OSSemQuery        os_sem.o
    0x0800411a   0x0800411a   0x00000002   PAD
    0x0800411c   0x0800411c   0x00000048   Code   RO         6901    i.OSStart           os_core.o
    0x08004164   0x08004164   0x0000004c   Code   RO         6902    i.OSStatInit        os_core.o
    0x080041b0   0x080041b0   0x00000002   Code   RO         7728    i.OSTCBInitHook     os_cpu_c.o
    0x080041b2   0x080041b2   0x00000002   PAD
    0x080041b4   0x080041b4   0x000000c0   Code   RO         7501    i.OSTaskCreateExt   os_task.o
    0x08004274   0x08004274   0x00000002   Code   RO         7729    i.OSTaskCreateHook  os_cpu_c.o
    0x08004276   0x08004276   0x00000002   PAD
    0x08004278   0x08004278   0x0000016c   Code   RO         7502    i.OSTaskDel         os_task.o
    0x080043e4   0x080043e4   0x00000002   Code   RO         7730    i.OSTaskDelHook     os_cpu_c.o
    0x080043e6   0x080043e6   0x00000002   Code   RO         7731    i.OSTaskIdleHook    os_cpu_c.o
    0x080043e8   0x080043e8   0x00000084   Code   RO         7505    i.OSTaskNameSet     os_task.o
    0x0800446c   0x0800446c   0x0000006c   Code   RO         7506    i.OSTaskQuery       os_task.o
    0x080044d8   0x080044d8   0x00000002   Code   RO         7732    i.OSTaskReturnHook  os_cpu_c.o
    0x080044da   0x080044da   0x00000002   Code   RO         7733    i.OSTaskStatHook    os_cpu_c.o
    0x080044dc   0x080044dc   0x000000a0   Code   RO         7510    i.OSTaskStkChk      os_task.o
    0x0800457c   0x0800457c   0x000001b0   Code   RO         7734    i.OSTaskStkInit     os_cpu_c.o
    0x0800472c   0x0800472c   0x000000bc   Code   RO         7511    i.OSTaskSuspend     os_task.o
    0x080047e8   0x080047e8   0x00000002   Code   RO         7735    i.OSTaskSwHook      os_cpu_c.o
    0x080047ea   0x080047ea   0x00000002   PAD
    0x080047ec   0x080047ec   0x00000078   Code   RO         7595    i.OSTimeDly         os_time.o
    0x08004864   0x08004864   0x0000001c   Code   RO         7598    i.OSTimeGet         os_time.o
    0x08004880   0x08004880   0x000000ec   Code   RO         6903    i.OSTimeTick        os_core.o
    0x0800496c   0x0800496c   0x00000020   Code   RO         7736    i.OSTimeTickHook    os_cpu_c.o
    0x0800498c   0x0800498c   0x00000094   Code   RO         7631    i.OSTmrCreate       os_tmr.o
    0x08004a20   0x08004a20   0x00000014   Code   RO         7635    i.OSTmrSignal       os_tmr.o
    0x08004a34   0x08004a34   0x00000090   Code   RO         7636    i.OSTmrStart        os_tmr.o
    0x08004ac4   0x08004ac4   0x00000040   Code   RO         7639    i.OSTmr_Alloc       os_tmr.o
    0x08004b04   0x08004b04   0x000000f4   Code   RO         7641    i.OSTmr_Init        os_tmr.o
    0x08004bf8   0x08004bf8   0x00000050   Code   RO         7642    i.OSTmr_InitTask    os_tmr.o
    0x08004c48   0x08004c48   0x0000006c   Code   RO         7643    i.OSTmr_Link        os_tmr.o
    0x08004cb4   0x08004cb4   0x00000080   Code   RO         7644    i.OSTmr_Task        os_tmr.o
    0x08004d34   0x08004d34   0x00000044   Code   RO         7645    i.OSTmr_Unlink      os_tmr.o
    0x08004d78   0x08004d78   0x00000006   Code   RO         6904    i.OSVersion         os_core.o
    0x08004d7e   0x08004d7e   0x00000002   Code   RO         6905    i.OS_Dummy          os_core.o
    0x08004d80   0x08004d80   0x00000090   Code   RO         6906    i.OS_EventTaskRdy   os_core.o
    0x08004e10   0x08004e10   0x0000002a   Code   RO         6907    i.OS_EventTaskRemove  os_core.o
    0x08004e3a   0x08004e3a   0x0000003a   Code   RO         6908    i.OS_EventTaskRemoveMulti  os_core.o
    0x08004e74   0x08004e74   0x0000007c   Code   RO         6909    i.OS_EventTaskWait  os_core.o
    0x08004ef0   0x08004ef0   0x0000001c   Code   RO         6911    i.OS_EventWaitListInit  os_core.o
    0x08004f0c   0x08004f0c   0x00000058   Code   RO         7140    i.OS_FlagInit       os_flag.o
    0x08004f64   0x08004f64   0x00000024   Code   RO         7142    i.OS_FlagUnlink     os_flag.o
    0x08004f88   0x08004f88   0x00000060   Code   RO         6912    i.OS_InitEventList  os_core.o
    0x08004fe8   0x08004fe8   0x00000054   Code   RO         6913    i.OS_InitMisc       os_core.o
    0x0800503c   0x0800503c   0x00000044   Code   RO         6914    i.OS_InitRdyList    os_core.o
    0x08005080   0x08005080   0x00000080   Code   RO         6915    i.OS_InitTCBList    os_core.o
    0x08005100   0x08005100   0x00000050   Code   RO         6916    i.OS_InitTaskIdle   os_core.o
    0x08005150   0x08005150   0x00000050   Code   RO         6917    i.OS_InitTaskStat   os_core.o
    0x080051a0   0x080051a0   0x00000012   Code   RO         6918    i.OS_MemClr         os_core.o
    0x080051b2   0x080051b2   0x00000014   Code   RO         6919    i.OS_MemCopy        os_core.o
    0x080051c6   0x080051c6   0x00000002   PAD
    0x080051c8   0x080051c8   0x00000058   Code   RO         7278    i.OS_MemInit        os_mem.o
    0x08005220   0x08005220   0x00000050   Code   RO         7383    i.OS_QInit          os_q.o
    0x08005270   0x08005270   0x00000074   Code   RO         6920    i.OS_Sched          os_core.o
    0x080052e4   0x080052e4   0x0000002c   Code   RO         6921    i.OS_SchedNew       os_core.o
    0x08005310   0x08005310   0x00000134   Code   RO         6923    i.OS_TCBInit        os_core.o
    0x08005444   0x08005444   0x00000028   Code   RO         6924    i.OS_TaskIdle       os_core.o
    0x0800546c   0x0800546c   0x00000018   Code   RO         7512    i.OS_TaskReturn     os_task.o
    0x08005484   0x08005484   0x00000088   Code   RO         6925    i.OS_TaskStat       os_core.o
    0x0800550c   0x0800550c   0x0000003c   Code   RO         6926    i.OS_TaskStatStkChk  os_core.o
    0x08005548   0x08005548   0x0000001a   Code   RO         7513    i.OS_TaskStkClr     os_task.o
    0x08005562   0x08005562   0x00000002   PAD
    0x08005564   0x08005564   0x00000040   Code   RO          370    i.OpenDev           task_local.o
    0x080055a4   0x080055a4   0x0000012c   Code   RO          371    i.OpenOrCloseDevOperate  task_local.o
    0x080056d0   0x080056d0   0x00000018   Code   RO         2133    i.POWER_get_BAT_CUR  bsp_brd.o
    0x080056e8   0x080056e8   0x00000018   Code   RO         2134    i.POWER_get_BAT_VOL  bsp_brd.o
    0x08005700   0x08005700   0x00000024   Code   RO         2135    i.Power_Checksum    bsp_brd.o
    0x08005724   0x08005724   0x00000038   Code   RO         1699    i.Pressure_Sensor_Get_Voltage  bsp_pressure_sensor.o
    0x0800575c   0x0800575c   0x00000020   Code   RO         4706    i.RCC_AHB1PeriphClockCmd  stm32f4xx_rcc.o
    0x0800577c   0x0800577c   0x00000020   Code   RO         4715    i.RCC_APB1PeriphClockCmd  stm32f4xx_rcc.o
    0x0800579c   0x0800579c   0x00000020   Code   RO         4717    i.RCC_APB1PeriphResetCmd  stm32f4xx_rcc.o
    0x080057bc   0x080057bc   0x00000020   Code   RO         4718    i.RCC_APB2PeriphClockCmd  stm32f4xx_rcc.o
    0x080057dc   0x080057dc   0x000000e8   Code   RO         4727    i.RCC_GetClocksFreq  stm32f4xx_rcc.o
    0x080058c4   0x080058c4   0x0000008c   Code   RO          376    i.Rf433Cfg          task_local.o
    0x08005950   0x08005950   0x00000070   Code   RO          377    i.Rf433Set          task_local.o
    0x080059c0   0x080059c0   0x00000070   Code   RO         1243    i.SLV_AUTO_SPEED_DOWN  zt_motor_slave_driver.o
    0x08005a30   0x08005a30   0x00000068   Code   RO         1244    i.SLV_AUTO_SPEED_UP  zt_motor_slave_driver.o
    0x08005a98   0x08005a98   0x00000002   Code   RO          762    i.SVC_Handler       stm32f4xx_it.o
    0x08005a9a   0x08005a9a   0x00000002   PAD
    0x08005a9c   0x08005a9c   0x00000058   Code   RO          647    i.SWD_Download_init  task_timer.o
    0x08005af4   0x08005af4   0x00000010   Code   RO         1245    i.SW_GpioGet        zt_motor_slave_driver.o
    0x08005b04   0x08005b04   0x00000040   Code   RO         5984    i.SYSCFG_EXTILineConfig  stm32f4xx_syscfg.o
    0x08005b44   0x08005b44   0x000000a4   Code   RO          648    i.SendWHLToLinux    task_timer.o
    0x08005be8   0x08005be8   0x00000010   Code   RO         1246    i.Sensor_Collect    zt_motor_slave_driver.o
    0x08005bf8   0x08005bf8   0x000001a0   Code   RO          378    i.SetMasterMotor    task_local.o
    0x08005d98   0x08005d98   0x00000134   Code   RO          379    i.SetSlaveMotor     task_local.o
    0x08005ecc   0x08005ecc   0x000000ec   Code   RO         6856    i.SetSysClock       system_stm32f4xx.o
    0x08005fb8   0x08005fb8   0x0000005c   Code   RO          380    i.ShowDebugList     task_local.o
    0x08006014   0x08006014   0x00000108   Code   RO          381    i.ShowMemStates     task_local.o
    0x0800611c   0x0800611c   0x00000214   Code   RO          382    i.ShowSystemInformation  task_local.o
    0x08006330   0x08006330   0x00000014   Code   RO         1817    i.Slave_Cal_Speed_Get_ADC_Val  bsp_motor_cal_speed.o
    0x08006344   0x08006344   0x00000034   Code   RO         1818    i.Slave_Cal_Speed_Get_Voltage  bsp_motor_cal_speed.o
    0x08006378   0x08006378   0x000000e4   Code   RO          383    i.SlvCFG1           task_local.o
    0x0800645c   0x0800645c   0x000000d4   Code   RO          384    i.SlvCFG2           task_local.o
    0x08006530   0x08006530   0x000001c4   Code   RO          385    i.StateSw           task_local.o
    0x080066f4   0x080066f4   0x00000020   Code   RO          386    i.StringCopmare     task_local.o
    0x08006714   0x08006714   0x00000014   Code   RO          649    i.StringLen         task_timer.o
    0x08006728   0x08006728   0x00000028   Code   RO         2254    i.SysTick_CLKSourceConfig  misc.o
    0x08006750   0x08006750   0x00000128   Code   RO          763    i.SysTick_Handler   stm32f4xx_it.o
    0x08006878   0x08006878   0x00000068   Code   RO         6858    i.SystemInit        system_stm32f4xx.o
    0x080068e0   0x080068e0   0x00000028   Code   RO          650    i.System_State_LED  task_timer.o
    0x08006908   0x08006908   0x0000003a   Code   RO         6037    i.TI1_Config        stm32f4xx_tim.o
    0x08006942   0x08006942   0x00000050   Code   RO         6038    i.TI2_Config        stm32f4xx_tim.o
    0x08006992   0x08006992   0x00000048   Code   RO         6039    i.TI3_Config        stm32f4xx_tim.o
    0x080069da   0x080069da   0x00000050   Code   RO         6040    i.TI4_Config        stm32f4xx_tim.o
    0x08006a2a   0x08006a2a   0x00000002   PAD
    0x08006a2c   0x08006a2c   0x00000040   Code   RO         1760    i.TIM5_IRQHandler   bsp_enccoder.o
    0x08006a6c   0x08006a6c   0x00000006   Code   RO         6047    i.TIM_ClearFlag     stm32f4xx_tim.o
    0x08006a72   0x08006a72   0x00000006   Code   RO         6048    i.TIM_ClearITPendingBit  stm32f4xx_tim.o
    0x08006a78   0x08006a78   0x00000018   Code   RO         6053    i.TIM_Cmd           stm32f4xx_tim.o
    0x08006a90   0x08006a90   0x0000001e   Code   RO         6055    i.TIM_CtrlPWMOutputs  stm32f4xx_tim.o
    0x08006aae   0x08006aae   0x00000042   Code   RO         6062    i.TIM_EncoderInterfaceConfig  stm32f4xx_tim.o
    0x08006af0   0x08006af0   0x00000022   Code   RO         6074    i.TIM_GetITStatus   stm32f4xx_tim.o
    0x08006b12   0x08006b12   0x0000006e   Code   RO         6076    i.TIM_ICInit        stm32f4xx_tim.o
    0x08006b80   0x08006b80   0x00000012   Code   RO         6077    i.TIM_ICStructInit  stm32f4xx_tim.o
    0x08006b92   0x08006b92   0x00000012   Code   RO         6078    i.TIM_ITConfig      stm32f4xx_tim.o
    0x08006ba4   0x08006ba4   0x000000a4   Code   RO         6087    i.TIM_OC2Init       stm32f4xx_tim.o
    0x08006c48   0x08006c48   0x0000001a   Code   RO         6090    i.TIM_OC2PreloadConfig  stm32f4xx_tim.o
    0x08006c62   0x08006c62   0x00000002   PAD
    0x08006c64   0x08006c64   0x000000a0   Code   RO         6092    i.TIM_OC3Init       stm32f4xx_tim.o
    0x08006d04   0x08006d04   0x00000012   Code   RO         6095    i.TIM_OC3PreloadConfig  stm32f4xx_tim.o
    0x08006d16   0x08006d16   0x00000004   Code   RO         6116    i.TIM_SetCompare2   stm32f4xx_tim.o
    0x08006d1a   0x08006d1a   0x00000004   Code   RO         6117    i.TIM_SetCompare3   stm32f4xx_tim.o
    0x08006d1e   0x08006d1e   0x00000012   Code   RO         6120    i.TIM_SetIC1Prescaler  stm32f4xx_tim.o
    0x08006d30   0x08006d30   0x0000001a   Code   RO         6121    i.TIM_SetIC2Prescaler  stm32f4xx_tim.o
    0x08006d4a   0x08006d4a   0x00000012   Code   RO         6122    i.TIM_SetIC3Prescaler  stm32f4xx_tim.o
    0x08006d5c   0x08006d5c   0x0000001a   Code   RO         6123    i.TIM_SetIC4Prescaler  stm32f4xx_tim.o
    0x08006d76   0x08006d76   0x00000002   PAD
    0x08006d78   0x08006d78   0x00000084   Code   RO         6125    i.TIM_TimeBaseInit  stm32f4xx_tim.o
    0x08006dfc   0x08006dfc   0x00000064   Code   RO         1247    i.TaskFun_MotorUpdate  zt_motor_slave_driver.o
    0x08006e60   0x08006e60   0x0000003c   Code   RO          387    i.Task_Local        task_local.o
    0x08006e9c   0x08006e9c   0x00000084   Code   RO          333    i.Task_Remote_Rec   task_remote_rec.o
    0x08006f20   0x08006f20   0x0000000a   Code   RO          736    i.Task_Sensor_Data_Collect  task_sensor_data_collect.o
    0x08006f2a   0x08006f2a   0x00000002   PAD
    0x08006f2c   0x08006f2c   0x00000118   Code   RO          651    i.Task_Timer        task_timer.o
    0x08007044   0x08007044   0x00000088   Code   RO          302    i.Task_Weather      task_weather.o
    0x080070cc   0x080070cc   0x00000028   Code   RO          764    i.UART4_IRQHandler  stm32f4xx_it.o
    0x080070f4   0x080070f4   0x0000015c   Code   RO         2096    i.UART4_ISR         bsp_debug.o
    0x08007250   0x08007250   0x00000040   Code   RO          765    i.UART5_IRQHandler  stm32f4xx_it.o
    0x08007290   0x08007290   0x0000001e   Code   RO         2138    i.UART_Tx_Byte      bsp_brd.o
    0x080072ae   0x080072ae   0x00000002   PAD
    0x080072b0   0x080072b0   0x00000028   Code   RO          766    i.USART1_IRQHandler  stm32f4xx_it.o
    0x080072d8   0x080072d8   0x0000015c   Code   RO         2214    i.USART1_ISR        bsp_lora.o
    0x08007434   0x08007434   0x00000028   Code   RO          767    i.USART2_IRQHandler  stm32f4xx_it.o
    0x0800745c   0x0800745c   0x00000028   Code   RO          768    i.USART3_IRQHandler  stm32f4xx_it.o
    0x08007484   0x08007484   0x0000015c   Code   RO         2037    i.USART3_ISR        bsp_hi3521.o
    0x080075e0   0x080075e0   0x000002d8   Code   RO         2139    i.USART_CMD_Judgement  bsp_brd.o
    0x080078b8   0x080078b8   0x00000012   Code   RO         6599    i.USART_ClearFlag   stm32f4xx_usart.o
    0x080078ca   0x080078ca   0x0000001e   Code   RO         6600    i.USART_ClearITPendingBit  stm32f4xx_usart.o
    0x080078e8   0x080078e8   0x00000018   Code   RO         6603    i.USART_Cmd         stm32f4xx_usart.o
    0x08007900   0x08007900   0x0000001a   Code   RO         6606    i.USART_GetFlagStatus  stm32f4xx_usart.o
    0x0800791a   0x0800791a   0x00000054   Code   RO         6607    i.USART_GetITStatus  stm32f4xx_usart.o
    0x0800796e   0x0800796e   0x0000004a   Code   RO         6609    i.USART_ITConfig    stm32f4xx_usart.o
    0x080079b8   0x080079b8   0x000000d4   Code   RO         6610    i.USART_Init        stm32f4xx_usart.o
    0x08007a8c   0x08007a8c   0x0000000a   Code   RO         6617    i.USART_ReceiveData  stm32f4xx_usart.o
    0x08007a96   0x08007a96   0x00000008   Code   RO         6620    i.USART_SendData    stm32f4xx_usart.o
    0x08007a9e   0x08007a9e   0x00000002   PAD
    0x08007aa0   0x08007aa0   0x000001c0   Code   RO         1248    i.UpdateFastBatChargingState  zt_motor_slave_driver.o
    0x08007c60   0x08007c60   0x00000004   Code   RO          769    i.UsageFault_Handler  stm32f4xx_it.o
    0x08007c64   0x08007c64   0x000000f8   Code   RO         1432    i.VT_I2C_HardInit   am2320_by_iic.o
    0x08007d5c   0x08007d5c   0x00000004   PAD
    0x08007d60   0x08007d60   0x000000f8   Code   RO         8273    i.__hardfp___mathlib_tofloat  m_wm.l(narrow.o)
    0x08007e58   0x08007e58   0x00000038   Code   RO         8099    i.__hardfp_atof     m_wm.l(atof.o)
    0x08007e90   0x08007e90   0x000000d0   Code   RO         8319    i.__hardfp_ldexp    m_wm.l(ldexp.o)
    0x08007f60   0x08007f60   0x00000020   Code   RO         8366    i.__mathlib_dbl_overflow  m_wm.l(dunder.o)
    0x08007f80   0x08007f80   0x00000020   Code   RO         8368    i.__mathlib_dbl_underflow  m_wm.l(dunder.o)
    0x08007fa0   0x08007fa0   0x00000012   Code   RO         8274    i.__mathlib_narrow  m_wm.l(narrow.o)
    0x08007fb2   0x08007fb2   0x00000014   Code   RO         8321    i.__support_ldexp   m_wm.l(ldexp.o)
    0x08007fc6   0x08007fc6   0x0000000e   Code   RO         8170    i._is_digit         c_w.l(scanf_fp.o)
    0x08007fd4   0x08007fd4   0x00000036   Code   RO          388    i.ack_with_debug    task_local.o
    0x0800800a   0x0800800a   0x00000002   PAD
    0x0800800c   0x0800800c   0x0000016c   Code   RO          389    i.at_build_PowerCtl_string  task_local.o
    0x08008178   0x08008178   0x0000016c   Code   RO          390    i.at_build_mtSetBk_string  task_local.o
    0x080082e4   0x080082e4   0x0000002a   Code   RO          947    i.box_str_cmp       str.o
    0x0800830e   0x0800830e   0x00000014   Code   RO          950    i.box_str_cpy_rt_pos  str.o
    0x08008322   0x08008322   0x00000026   Code   RO          953    i.box_str_find_char_pos  str.o
    0x08008348   0x08008348   0x00000044   Code   RO          391    i.box_str_get_bytes_by_hex  task_local.o
    0x0800838c   0x0800838c   0x00000076   Code   RO          962    i.box_str_hex_to_int  str.o
    0x08008402   0x08008402   0x00000032   Code   RO          971    i.box_str_u16_to_hex  str.o
    0x08008434   0x08008434   0x00000114   Code   RO         1731    i.bsp_ADC_Init      bsp_adc_init.o
    0x08008548   0x08008548   0x000000ac   Code   RO         2140    i.bsp_BRD_Init      bsp_brd.o
    0x080085f4   0x080085f4   0x00000050   Code   RO         1629    i.bsp_Board_Init    board.o
    0x08008644   0x08008644   0x000000e0   Code   RO         2097    i.bsp_Debug_Init    bsp_debug.o
    0x08008724   0x08008724   0x00000020   Code   RO         1761    i.bsp_Enccoder_AB_GET_Cnt  bsp_enccoder.o
    0x08008744   0x08008744   0x000000a8   Code   RO         1892    i.bsp_GPS_GPS_RS232_Init  bsp_gps.o
    0x080087ec   0x080087ec   0x00000068   Code   RO         1894    i.bsp_GPS_Init      bsp_gps.o
    0x08008854   0x08008854   0x000000a4   Code   RO         1895    i.bsp_GPS_TTL_Init  bsp_gps.o
    0x080088f8   0x080088f8   0x00000024   Code   RO         1896    i.bsp_GPS_cmd       bsp_gps.o
    0x0800891c   0x0800891c   0x000000e0   Code   RO         2039    i.bsp_HI3521_Init   bsp_hi3521.o
    0x080089fc   0x080089fc   0x0000007c   Code   RO         1607    i.bsp_Led_Init      bsp_led.o
    0x08008a78   0x08008a78   0x00000048   Code   RO         1676    i.bsp_Limit_SW_Init  bsp_limit_sw.o
    0x08008ac0   0x08008ac0   0x000000e0   Code   RO         2215    i.bsp_Lora_init     bsp_lora.o
    0x08008ba0   0x08008ba0   0x00000068   Code   RO         1149    i.bsp_Master_Motor1_Config  zt_motor_master_driver.o
    0x08008c08   0x08008c08   0x00000088   Code   RO         1150    i.bsp_Master_Motor1_GPIO_Init  zt_motor_master_driver.o
    0x08008c90   0x08008c90   0x0000003c   Code   RO         1151    i.bsp_Master_motor1_Set_Speed  zt_motor_master_driver.o
    0x08008ccc   0x08008ccc   0x0000005c   Code   RO         2141    i.bsp_Power_UART_TX  bsp_brd.o
    0x08008d28   0x08008d28   0x00000024   Code   RO         1700    i.bsp_Pressure_Sensor_Get_Newton  bsp_pressure_sensor.o
    0x08008d4c   0x08008d4c   0x00000028   Code   RO         1701    i.bsp_Pressure_Sensor_Init  bsp_pressure_sensor.o
    0x08008d74   0x08008d74   0x00000068   Code   RO         1249    i.bsp_Slave_Motor2_Config  zt_motor_slave_driver.o
    0x08008ddc   0x08008ddc   0x00000088   Code   RO         1250    i.bsp_Slave_Motor2_GPIO_Init  zt_motor_slave_driver.o
    0x08008e64   0x08008e64   0x0000003c   Code   RO         1251    i.bsp_Slave_motor2_Set_Speed  zt_motor_slave_driver.o
    0x08008ea0   0x08008ea0   0x00000024   Code   RO         2009    i.bsp_Video_Trans_PWR  bsp_video_trans.o
    0x08008ec4   0x08008ec4   0x0000003c   Code   RO         2010    i.bsp_Video_Trans_PWR_Init  bsp_video_trans.o
    0x08008f00   0x08008f00   0x00000084   Code   RO         1762    i.bsp_enccoder_GPIO_Init  bsp_enccoder.o
    0x08008f84   0x08008f84   0x0000000c   Code   RO         1763    i.bsp_enccoder_Init  bsp_enccoder.o
    0x08008f90   0x08008f90   0x00000028   Code   RO         1819    i.bsp_master_cal_speed_Init  bsp_motor_cal_speed.o
    0x08008fb8   0x08008fb8   0x0000001e   Code   RO         1820    i.bsp_master_voltage_get_speed  bsp_motor_cal_speed.o
    0x08008fd6   0x08008fd6   0x00000002   PAD
    0x08008fd8   0x08008fd8   0x00000028   Code   RO         1821    i.bsp_slave_cal_speed_Init  bsp_motor_cal_speed.o
    0x08009000   0x08009000   0x0000001e   Code   RO         1822    i.bsp_slave_voltage_get_speed  bsp_motor_cal_speed.o
    0x0800901e   0x0800901e   0x00000002   PAD
    0x08009020   0x08009020   0x00000024   Code   RO          392    i.cfg_oper_init     task_local.o
    0x08009044   0x08009044   0x00000054   Code   RO          393    i.cfg_oper_save_to_flash  task_local.o
    0x08009098   0x08009098   0x00000036   Code   RO          394    i.char_to_byte_val  task_local.o
    0x080090ce   0x080090ce   0x0000003e   Code   RO          855    i.cmd_para_build_para_string_float  cmd_para.o
    0x0800910c   0x0800910c   0x0000002e   Code   RO          857    i.cmd_para_build_para_string_int  cmd_para.o
    0x0800913a   0x0800913a   0x00000052   Code   RO          858    i.cmd_para_build_para_string_ints  cmd_para.o
    0x0800918c   0x0800918c   0x0000002e   Code   RO          860    i.cmd_para_build_para_string_str  cmd_para.o
    0x080091ba   0x080091ba   0x000000f8   Code   RO          861    i.cmd_para_get_all_items  cmd_para.o
    0x080092b2   0x080092b2   0x00000020   Code   RO          862    i.cmd_para_get_cur_str_end  cmd_para.o
    0x080092d2   0x080092d2   0x00000078   Code   RO          863    i.cmd_para_get_float_by_val_str  cmd_para.o
    0x0800934a   0x0800934a   0x0000005e   Code   RO          864    i.cmd_para_get_id_by_name  cmd_para.o
    0x080093a8   0x080093a8   0x00000058   Code   RO          865    i.cmd_para_get_int_by_val_str  cmd_para.o
    0x08009400   0x08009400   0x00000024   Code   RO          866    i.cmd_para_get_next_str_begin  cmd_para.o
    0x08009424   0x08009424   0x0000020c   Code   RO          652    i.debug_nprintf     task_timer.o
    0x08009630   0x08009630   0x000000b8   Code   RO          653    i.debug_sprintf     task_timer.o
    0x080096e8   0x080096e8   0x00000054   Code   RO         1493    i.delay_init        delay.o
    0x0800973c   0x0800973c   0x00000050   Code   RO         1494    i.delay_ms          delay.o
    0x0800978c   0x0800978c   0x00000008   Code   RO         1495    i.delay_osschedlock  delay.o
    0x08009794   0x08009794   0x00000008   Code   RO         1496    i.delay_osschedunlock  delay.o
    0x0800979c   0x0800979c   0x0000000c   Code   RO         1497    i.delay_ostimedly   delay.o
    0x080097a8   0x080097a8   0x00000058   Code   RO         1498    i.delay_us          delay.o
    0x08009800   0x08009800   0x00000028   Code   RO          395    i.flash_write_u32_datas  task_local.o
    0x08009828   0x08009828   0x00000082   Code   RO          973    i.float_to_str      str.o
    0x080098aa   0x080098aa   0x00000006   PAD
    0x080098b0   0x080098b0   0x0000008c   Code   RO         8300    i.frexp             m_wm.l(frexp.o)
    0x0800993c   0x0800993c   0x00000062   Code   RO          974    i.int_to_str        str.o
    0x0800999e   0x0800999e   0x00000002   PAD
    0x080099a0   0x080099a0   0x00000064   Code   RO            5    i.main              main.o
    0x08009a04   0x08009a04   0x0000000c   Code   RO         1152    i.master_motor1_GPIO_TIM_Init  zt_motor_master_driver.o
    0x08009a10   0x08009a10   0x0000005c   Code   RO         1252    i.real_set_slv_mt_close  zt_motor_slave_driver.o
    0x08009a6c   0x08009a6c   0x00000108   Code   RO          396    i.rt_get_BatCFG     task_local.o
    0x08009b74   0x08009b74   0x0000014c   Code   RO          397    i.rt_get_SlvCFG     task_local.o
    0x08009cc0   0x08009cc0   0x00000030   Code   RO          398    i.set_SystemReset   task_local.o
    0x08009cf0   0x08009cf0   0x0000000c   Code   RO         1253    i.slave_motor2_GPIO_TIM_Init  zt_motor_slave_driver.o
    0x08009cfc   0x08009cfc   0x000000c0   Code   RO         1254    i.slv_mt_cal_stop_press_when_down  zt_motor_slave_driver.o
    0x08009dbc   0x08009dbc   0x000000b0   Code   RO         1255    i.slv_mt_cal_stop_press_when_up  zt_motor_slave_driver.o
    0x08009e6c   0x08009e6c   0x0000003c   Code   RO          654    i.tmr1_temper_humidi_callback  task_timer.o
    0x08009ea8   0x08009ea8   0x0000003c   Code   RO          655    i.tmr2_sys_led_callback  task_timer.o
    0x08009ee4   0x08009ee4   0x00000058   Code   RO         2216    i.uart1_send        bsp_lora.o
    0x08009f3c   0x08009f3c   0x00000058   Code   RO         2041    i.uart3_send        bsp_hi3521.o
    0x08009f94   0x08009f94   0x00000058   Code   RO         2098    i.uart4_send        bsp_debug.o
    0x08009fec   0x08009fec   0x000004e4   Code   RO          399    i.zt_build_send_state_string  task_local.o
    0x0800a4d0   0x0800a4d0   0x0000006c   Code   RO         1153    i.zt_motor_master_driver_init  zt_motor_master_driver.o
    0x0800a53c   0x0800a53c   0x00000078   Code   RO         1155    i.zt_motor_master_driver_set_speed  zt_motor_master_driver.o
    0x0800a5b4   0x0800a5b4   0x000002a0   Code   RO         1156    i.zt_motor_master_driver_update  zt_motor_master_driver.o
    0x0800a854   0x0800a854   0x00000158   Code   RO         1256    i.zt_motor_slave_driver_cfg_init  zt_motor_slave_driver.o
    0x0800a9ac   0x0800a9ac   0x000000a8   Code   RO         1257    i.zt_motor_slave_driver_init  zt_motor_slave_driver.o
    0x0800aa54   0x0800aa54   0x00000064   Code   RO         1258    i.zt_motor_slave_driver_set_speed  zt_motor_slave_driver.o
    0x0800aab8   0x0800aab8   0x00000098   Code   RO         1259    i.zt_motor_slave_driver_update  zt_motor_slave_driver.o
    0x0800ab50   0x0800ab50   0x0000008c   Code   RO         1260    i.zt_slv_mt_determine_stop_when_down  zt_motor_slave_driver.o
    0x0800abdc   0x0800abdc   0x00000094   Code   RO         1261    i.zt_slv_mt_determine_stop_when_up  zt_motor_slave_driver.o
    0x0800ac70   0x0800ac70   0x0000002c   Code   RO         8153    locale$$code        c_w.l(lc_numeric_c.o)
    0x0800ac9c   0x0800ac9c   0x0000002c   Code   RO         8173    locale$$code        c_w.l(lc_ctype_c.o)
    0x0800acc8   0x0800acc8   0x00000062   Code   RO         8077    x$fpl$d2f           fz_wm.l(d2f.o)
    0x0800ad2a   0x0800ad2a   0x00000002   PAD
    0x0800ad2c   0x0800ad2c   0x00000010   Code   RO         8381    x$fpl$dcheck1       fz_wm.l(dcheck1.o)
    0x0800ad3c   0x0800ad3c   0x00000018   Code   RO         8155    x$fpl$dcmpinf       fz_wm.l(dcmpi.o)
    0x0800ad54   0x0800ad54   0x00000078   Code   RO         8296    x$fpl$deqf          fz_wm.l(deqf.o)
    0x0800adcc   0x0800adcc   0x00000026   Code   RO         8089    x$fpl$dfltu         fz_wm.l(dflt_clz.o)
    0x0800adf2   0x0800adf2   0x00000002   PAD
    0x0800adf4   0x0800adf4   0x00000078   Code   RO         8117    x$fpl$dleqf         fz_wm.l(dleqf.o)
    0x0800ae6c   0x0800ae6c   0x00000154   Code   RO         8095    x$fpl$dmul          fz_wm.l(dmul.o)
    0x0800afc0   0x0800afc0   0x0000009c   Code   RO         8119    x$fpl$dnaninf       fz_wm.l(dnaninf.o)
    0x0800b05c   0x0800b05c   0x0000000c   Code   RO         8121    x$fpl$dretinf       fz_wm.l(dretinf.o)
    0x0800b068   0x0800b068   0x0000006c   Code   RO         8097    x$fpl$drleqf        fz_wm.l(drleqf.o)
    0x0800b0d4   0x0800b0d4   0x0000000a   Code   RO         8263    x$fpl$fpinit        fz_wm.l(fpinit.o)
    0x0800b0de   0x0800b0de   0x0000000a   Code   RO         8123    x$fpl$fretinf       fz_wm.l(fretinf.o)
    0x0800b0e8   0x0800b0e8   0x00000006   Code   RO         8265    x$fpl$ieeestatus    fz_wm.l(istatus.o)
    0x0800b0ee   0x0800b0ee   0x00000064   Code   RO         8387    x$fpl$retnan        fz_wm.l(retnan.o)
    0x0800b152   0x0800b152   0x0000005c   Code   RO         8360    x$fpl$scalbn        fz_wm.l(scalbn.o)
    0x0800b1ae   0x0800b1ae   0x00000004   Code   RO         8157    x$fpl$scanf1        fz_wm.l(scanf1.o)
    0x0800b1b2   0x0800b1b2   0x00000008   Code   RO         8267    x$fpl$scanf2        fz_wm.l(scanf2.o)
    0x0800b1ba   0x0800b1ba   0x00000030   Code   RO         8405    x$fpl$trapveneer    fz_wm.l(trapv.o)
    0x0800b1ea   0x0800b1ea   0x00000000   Code   RO         8125    x$fpl$usenofp       fz_wm.l(usenofp.o)
    0x0800b1ea   0x0800b1ea   0x00000200   Data   RO          975    .constdata          str.o
    0x0800b3ea   0x0800b3ea   0x00000100   Data   RO         6928    .constdata          os_core.o
    0x0800b4ea   0x0800b4ea   0x00000002   PAD
    0x0800b4ec   0x0800b4ec   0x00000094   Data   RO         8233    .constdata          c_w.l(bigflt0.o)
    0x0800b580   0x0800b580   0x0000011f   Data   RO          401    .conststring        task_local.o
    0x0800b69f   0x0800b69f   0x00000001   PAD
    0x0800b6a0   0x0800b6a0   0x00000020   Data   RO         8407    Region$$Table       anon$$obj.o
    0x0800b6c0   0x0800b6c0   0x00000008   Data   RO         8259    c$$dinf             fz_wm.l(fpconst.o)
    0x0800b6c8   0x0800b6c8   0x00000008   Data   RO         8262    c$$dmax             fz_wm.l(fpconst.o)
    0x0800b6d0   0x0800b6d0   0x0000001c   Data   RO         8152    locale$$data        c_w.l(lc_numeric_c.o)
    0x0800b6ec   0x0800b6ec   0x00000110   Data   RO         8172    locale$$data        c_w.l(lc_ctype_c.o)


    Execution Region RW_IRAM1 (Exec base: 0x20000000, Load base: 0x0800b7fc, Size: 0x00007b38, Max: 0x00020000, ABSOLUTE, COMPRESSED[0x00000070])

    Exec Addr    Load Addr    Size         Type   Attr      Idx    E Section Name        Object

    0x20000000   COMPRESSED   0x00000021   Data   RW            7    .data               main.o
    0x20000021   COMPRESSED   0x00000003   PAD
    0x20000024   COMPRESSED   0x00000004   Data   RW          303    .data               task_weather.o
    0x20000028   COMPRESSED   0x00000004   Data   RW          334    .data               task_remote_rec.o
    0x2000002c   COMPRESSED   0x00000080   Data   RW          402    .data               task_local.o
    0x200000ac   COMPRESSED   0x00000014   Data   RW          657    .data               task_timer.o
    0x200000c0   COMPRESSED   0x00000002   Data   RW          770    .data               stm32f4xx_it.o
    0x200000c2   COMPRESSED   0x00000007   Data   RW         1159    .data               zt_motor_master_driver.o
    0x200000c9   COMPRESSED   0x00000003   PAD
    0x200000cc   COMPRESSED   0x0000000a   Data   RW         1263    .data               zt_motor_slave_driver.o
    0x200000d6   COMPRESSED   0x00000004   Data   RW         1436    .data               am2320_by_iic.o
    0x200000da   COMPRESSED   0x00000004   Data   RW         1499    .data               delay.o
    0x200000de   COMPRESSED   0x00000002   PAD
    0x200000e0   COMPRESSED   0x0000000a   Data   RW         1764    .data               bsp_enccoder.o
    0x200000ea   COMPRESSED   0x00000006   PAD
    0x200000f0   COMPRESSED   0x000000b8   Data   RW         1898    .data               bsp_gps.o
    0x200001a8   COMPRESSED   0x00000008   Data   RW         2044    .data               bsp_hi3521.o
    0x200001b0   COMPRESSED   0x00000004   Data   RW         2100    .data               bsp_debug.o
    0x200001b4   COMPRESSED   0x0000001f   Data   RW         2143    .data               bsp_brd.o
    0x200001d3   COMPRESSED   0x00000001   PAD
    0x200001d4   COMPRESSED   0x00000004   Data   RW         2218    .data               bsp_lora.o
    0x200001d8   COMPRESSED   0x00000010   Data   RW         4759    .data               stm32f4xx_rcc.o
    0x200001e8   COMPRESSED   0x00000060   Data   RW         6929    .data               os_core.o
    0x20000248   COMPRESSED   0x00000006   Data   RW         7737    .data               os_cpu_c.o
    0x2000024e   COMPRESSED   0x00000002   PAD
    0x20000250        -       0x00003a00   Zero   RW            6    .bss                main.o
    0x20003c50        -       0x000007da   Zero   RW          400    .bss                task_local.o
    0x2000442a   COMPRESSED   0x00000002   PAD
    0x2000442c        -       0x00000408   Zero   RW          656    .bss                task_timer.o
    0x20004834        -       0x00000019   Zero   RW         1158    .bss                zt_motor_master_driver.o
    0x2000484d   COMPRESSED   0x00000001   PAD
    0x2000484e        -       0x000001a9   Zero   RW         1262    .bss                zt_motor_slave_driver.o
    0x200049f7        -       0x0000000a   Zero   RW         1435    .bss                am2320_by_iic.o
    0x20004a01   COMPRESSED   0x00000001   PAD
    0x20004a02        -       0x000000a0   Zero   RW         1732    .bss                bsp_adc_init.o
    0x20004aa2        -       0x00000194   Zero   RW         1897    .bss                bsp_gps.o
    0x20004c36   COMPRESSED   0x00000002   PAD
    0x20004c38        -       0x00000510   Zero   RW         2042    .bss                bsp_hi3521.o
    0x20005148        -       0x00000510   Zero   RW         2099    .bss                bsp_debug.o
    0x20005658        -       0x00000482   Zero   RW         2142    .bss                bsp_brd.o
    0x20005ada   COMPRESSED   0x00000002   PAD
    0x20005adc        -       0x00000510   Zero   RW         2217    .bss                bsp_lora.o
    0x20005fec        -       0x000014e8   Zero   RW         6927    .bss                os_core.o
    0x200074d4        -       0x00000060   Zero   RW         8127    .bss                c_w.l(libspace.o)
    0x20007534   COMPRESSED   0x00000004   PAD
    0x20007538        -       0x00000200   Zero   RW         6848    HEAP                startup_stm32f40_41xxx.o
    0x20007738        -       0x00000400   Zero   RW         6847    STACK               startup_stm32f40_41xxx.o


==============================================================================

Image component sizes


      Code (inc. data)   RO Data    RW Data    ZI Data      Debug   Object Name

       320         28          0          4         10       3035   am2320_by_iic.o
        80          0          0          0          0        553   board.o
       276         14          0          0        160       1291   bsp_adc_init.o
      1358         80          0         31       1154       9149   bsp_brd.o
       660         56          0          4       1296       2614   bsp_debug.o
       492         58          0         10          0       4511   bsp_enccoder.o
       908        114          0        184        404       6774   bsp_gps.o
       660         56          0          8       1296       3817   bsp_hi3521.o
       124          4          0          0          0        579   bsp_led.o
        72          4          0          0          0        568   bsp_limit_sw.o
       660         56          0          4       1296       2607   bsp_lora.o
       288         30          0          0          0       4678   bsp_motor_cal_speed.o
       132         18          0          0          0       1798   bsp_pressure_sensor.o
        96         10          0          0          0       1157   bsp_video_trans.o
       854          0          0          0          0       8705   cmd_para.o
       280         26          0          4          0       8456   delay.o
       852        278          0         33      14848     384509   main.o
       180         24          0          0          0       2053   misc.o
       218          0          0          0          0        681   nvic_irq.o
      2526        420        256         96       5352      26702   os_core.o
       200         32          0          0          0        328   os_cpu_a.o
       492         14          0          6          0      15582   os_cpu_c.o
       124         14          0          0          0       9817   os_flag.o
       458         18          0          0          0       4202   os_mem.o
       660         36          0          0          0       3575   os_q.o
       514         24          0          0          0       3423   os_sem.o
      1194        112          0          0          0       7019   os_task.o
       148         24          0          0          0       1216   os_time.o
      1004        164          0          0          0       6382   os_tmr.o
        64         26        392          0       1536        832   startup_stm32f40_41xxx.o
       412         24          0          0          0       5996   stm32f4xx_adc.o
       110          6          0          0          0       2349   stm32f4xx_dma.o
       184         16          0          0          0       2072   stm32f4xx_exti.o
       402         40          0          0          0       4453   stm32f4xx_flash.o
       240          0          0          0          0       3491   stm32f4xx_gpio.o
       376         28          0          0          0       2950   stm32f4xx_i2c.o
       554         52          0          2          0       7360   stm32f4xx_it.o
       360         42          0         16          0       5168   stm32f4xx_rcc.o
        64          4          0          0          0        648   stm32f4xx_syscfg.o
      1198         48          0          0          0      15762   stm32f4xx_tim.o
       486          8          0          0          0       6657   stm32f4xx_usart.o
       564          6        512          0          0       7033   str.o
       340         32          0          0          0       1501   system_stm32f4xx.o
      8346       1954        287        128       2010      35186   task_local.o
       132         14          0          4          0       1219   task_remote_rec.o
        10          0          0          0          0        571   task_sensor_data_collect.o
      1510        134          0         20       1032      13757   task_timer.o
       136         14          0          4          0       6134   task_weather.o
      1220        130          0          7         25       9168   zt_motor_master_driver.o
      3932        384          0         10        425      29956   zt_motor_slave_driver.o

    ----------------------------------------------------------------------
     36528       4680       1482        592      30852     688044   Object Totals
         0          0         32          0          0          0   (incl. Generated)
        58          4          3         17          8          0   (incl. Padding)

    ----------------------------------------------------------------------

      Code (inc. data)   RO Data    RW Data    ZI Data      Debug   Library Member Name

        90          0          0          0          0          0   __dczerorl2.o
         8          0          0          0          0         68   __main.o
         0          0          0          0          0          0   __rtentry.o
        12          0          0          0          0          0   __rtentry2.o
         6          0          0          0          0          0   __rtentry4.o
        52          8          0          0          0          0   __scatter.o
        28          0          0          0          0          0   __scatter_zi.o
        28          0          0          0          0         68   _chval.o
        22          0          0          0          0        100   _rserrno.o
        64          0          0          0          0         84   _sgetc.o
       158          0          0          0          0         92   _strtoul.o
        26          0          0          0          0         80   atoi.o
       228          4        148          0          0         96   bigflt0.o
      1924        136          0          0          0        756   btod.o
        18          0          0          0          0         80   exit.o
         6          0          0          0          0        152   heapauxi.o
         0          0          0          0          0          0   indicate_semi.o
        18          0          0          0          0         76   isspace.o
        44         10        272          0          0         76   lc_ctype_c.o
        44         10         28          0          0         76   lc_numeric_c.o
         2          0          0          0          0          0   libinit.o
        34          0          0          0          0          0   libinit2.o
         2          0          0          0          0          0   libshutdown.o
         2          0          0          0          0          0   libshutdown2.o
         8          4          0          0         96         68   libspace.o
        38          0          0          0          0         68   llshl.o
        88          0          0          0          0         76   memcmp.o
        16          4          0          0          0         76   rt_ctype_table.o
         8          4          0          0          0         68   rt_errno_addr_intlibspace.o
         8          4          0          0          0         68   rt_locale_intlibspace.o
        68          0          0          0          0         68   rt_memclr.o
        78          0          0          0          0         80   rt_memclr_w.o
       138          0          0          0          0         68   rt_memcpy_v6.o
       100          0          0          0          0         80   rt_memcpy_w.o
         2          0          0          0          0          0   rtexit.o
        10          0          0          0          0          0   rtexit2.o
      1286         16          0          0          0        236   scanf_fp.o
       800         14          0          0          0        100   scanf_hexfp.o
       308         16          0          0          0        100   scanf_infnan.o
       128          0          0          0          0         68   strcmpv7m.o
        72          0          0          0          0         80   strcpy.o
        62          0          0          0          0         76   strlen.o
       150          0          0          0          0         80   strncmp.o
       164         14          0          0          0        120   strtod.o
       112          0          0          0          0         88   strtol.o
        12          4          0          0          0         68   sys_exit.o
        74          0          0          0          0         80   sys_stackheap_outer.o
         2          0          0          0          0         68   use_no_semi.o
        98          4          0          0          0        140   d2f.o
        16          4          0          0          0        116   dcheck1.o
        24          0          0          0          0        116   dcmpi.o
       120          4          0          0          0        140   deqf.o
        38          0          0          0          0        116   dflt_clz.o
       120          4          0          0          0        140   dleqf.o
       340         12          0          0          0        152   dmul.o
       156          4          0          0          0        140   dnaninf.o
        12          0          0          0          0        116   dretinf.o
       108          0          0          0          0        128   drleqf.o
         0          0         16          0          0          0   fpconst.o
        10          0          0          0          0        116   fpinit.o
        10          0          0          0          0        116   fretinf.o
         6          0          0          0          0        116   istatus.o
       100          0          0          0          0        116   retnan.o
        92          0          0          0          0        116   scalbn.o
         4          0          0          0          0        116   scanf1.o
         8          0          0          0          0        132   scanf2.o
        48          0          0          0          0        116   trapv.o
         0          0          0          0          0          0   usenofp.o
        56         12          0          0          0        132   atof.o
        64         16          0          0          0        248   dunder.o
       140         22          0          0          0        132   frexp.o
       228          8          0          0          0        308   ldexp.o
       266         16          0          0          0        308   narrow.o

    ----------------------------------------------------------------------
      8626        354        464          0        100       7064   Library Totals
        14          0          0          0          4          0   (incl. Padding)

    ----------------------------------------------------------------------

      Code (inc. data)   RO Data    RW Data    ZI Data      Debug   Library Name

      6548        248        448          0         96       3688   c_w.l
      1310         32         16          0          0       2248   fz_wm.l
       754         74          0          0          0       1128   m_wm.l

    ----------------------------------------------------------------------
      8626        354        464          0        100       7064   Library Totals

    ----------------------------------------------------------------------

==============================================================================


      Code (inc. data)   RO Data    RW Data    ZI Data      Debug   

     45154       5034       1946        592      30952     658580   Grand Totals
     45154       5034       1946        112      30952     658580   ELF Image Totals (compressed)
     45154       5034       1946        112          0          0   ROM Totals

==============================================================================

    Total RO  Size (Code + RO Data)                47100 (  46.00kB)
    Total RW  Size (RW Data + ZI Data)             31544 (  30.80kB)
    Total ROM Size (Code + RO Data + RW Data)      47212 (  46.11kB)

==============================================================================

