Component: ARM Compiler 5.06 update 6 (build 750) Tool: armlink [4d35ed]

==============================================================================

Section Cross References

    main.o(i.App_TaskCreate) refers to os_task.o(i.OSTaskCreateExt) for OSTaskCreateExt
    main.o(i.App_TaskCreate) refers to os_task.o(i.OSTaskNameSet) for OSTaskNameSet
    main.o(i.App_TaskCreate) refers to os_time.o(i.OSTimeDly) for OSTimeDly
    main.o(i.App_TaskCreate) refers to main.o(.bss) for TaskStk_Weather
    main.o(i.App_TaskCreate) refers to task_weather.o(i.Task_Weather) for Task_Weather
    main.o(i.App_TaskCreate) refers to task_remote_rec.o(i.Task_Remote_Rec) for Task_Remote_Rec
    main.o(i.App_TaskCreate) refers to task_timer.o(i.Task_Timer) for Task_Timer
    main.o(i.App_TaskCreate) refers to task_local.o(i.Task_Local) for Task_Local
    main.o(i.App_TaskCreate) refers to task_sensor_data_collect.o(i.Task_Sensor_Data_Collect) for Task_Sensor_Data_Collect
    main.o(i.App_TaskStart) refers to os_core.o(i.OSStatInit) for OSStatInit
    main.o(i.App_TaskStart) refers to board.o(i.bsp_Board_Init) for bsp_Board_Init
    main.o(i.App_TaskStart) refers to os_sem.o(i.OSSemCreate) for OSSemCreate
    main.o(i.App_TaskStart) refers to strcpy.o(.text) for strcpy
    main.o(i.App_TaskStart) refers to os_mem.o(i.OSMemCreate) for OSMemCreate
    main.o(i.App_TaskStart) refers to os_q.o(i.OSQCreate) for OSQCreate
    main.o(i.App_TaskStart) refers to main.o(i.App_TaskCreate) for App_TaskCreate
    main.o(i.App_TaskStart) refers to os_time.o(i.OSTimeDly) for OSTimeDly
    main.o(i.App_TaskStart) refers to os_core.o(i.OSVersion) for OSVersion
    main.o(i.App_TaskStart) refers to task_timer.o(i.debug_sprintf) for debug_sprintf
    main.o(i.App_TaskStart) refers to task_timer.o(i.debug_nprintf) for debug_nprintf
    main.o(i.App_TaskStart) refers to main.o(.data) for log_sem
    main.o(i.App_TaskStart) refers to zt_motor_slave_driver.o(.bss) for gRbtState
    main.o(i.App_TaskStart) refers to main.o(.bss) for msgBuffer
    main.o(i.App_TaskStart) refers to task_weather.o(.data) for GetWeatherQueue
    main.o(i.App_TaskStart) refers to task_remote_rec.o(.data) for RemoteRecQueue
    main.o(i.App_TaskStart) refers to task_timer.o(.data) for timerQueue
    main.o(i.App_TaskStart) refers to task_local.o(.data) for LocalQueue
    main.o(i.main) refers to system_stm32f4xx.o(i.SystemInit) for SystemInit
    main.o(i.main) refers to delay.o(i.delay_init) for delay_init
    main.o(i.main) refers to os_core.o(i.OSInit) for OSInit
    main.o(i.main) refers to os_task.o(i.OSTaskCreateExt) for OSTaskCreateExt
    main.o(i.main) refers to os_task.o(i.OSTaskNameSet) for OSTaskNameSet
    main.o(i.main) refers to os_core.o(i.OSStart) for OSStart
    main.o(i.main) refers to main.o(.bss) for App_TaskStartStk
    main.o(i.main) refers to main.o(i.App_TaskStart) for App_TaskStart
    task_weather.o(i.Task_Weather) refers to os_q.o(i.OSQPend) for OSQPend
    task_weather.o(i.Task_Weather) refers to uart_api.o(i.uart1_send) for uart1_send
    task_weather.o(i.Task_Weather) refers to os_mem.o(i.OSMemPut) for OSMemPut
    task_weather.o(i.Task_Weather) refers to uart_api.o(i.uart2_send) for uart2_send
    task_weather.o(i.Task_Weather) refers to uart_api.o(i.uart3_send) for uart3_send
    task_weather.o(i.Task_Weather) refers to bsp_debug.o(i.uart4_send) for uart4_send
    task_weather.o(i.Task_Weather) refers to task_weather.o(.data) for GetWeatherQueue
    task_weather.o(i.Task_Weather) refers to main.o(.data) for mem160ptr
    task_remote_rec.o(i.Task_Remote_Rec) refers to os_q.o(i.OSQPend) for OSQPend
    task_remote_rec.o(i.Task_Remote_Rec) refers to task_local.o(i.CommDebug) for CommDebug
    task_remote_rec.o(i.Task_Remote_Rec) refers to os_mem.o(i.OSMemPut) for OSMemPut
    task_remote_rec.o(i.Task_Remote_Rec) refers to task_remote_rec.o(.data) for RemoteRecQueue
    task_remote_rec.o(i.Task_Remote_Rec) refers to main.o(.data) for mem160ptr
    task_local.o(i.BatCFG) refers to task_local.o(i.CheckIsCmdOk) for CheckIsCmdOk
    task_local.o(i.BatCFG) refers to task_timer.o(i.debug_sprintf) for debug_sprintf
    task_local.o(i.BatCFG) refers to task_local.o(i.rt_get_BatCFG) for rt_get_BatCFG
    task_local.o(i.BatCFG) refers to task_local.o(i.cfg_oper_init) for cfg_oper_init
    task_local.o(i.BatCFG) refers to cmd_para.o(i.cmd_para_get_float_by_val_str) for cmd_para_get_float_by_val_str
    task_local.o(i.BatCFG) refers to task_local.o(i.cfg_oper_save_to_flash) for cfg_oper_save_to_flash
    task_local.o(i.BatCFG) refers to task_local.o(.bss) for gCmdParaInfos
    task_local.o(i.CheckIsCmdOk) refers to str.o(i.box_str_cmp) for box_str_cmp
    task_local.o(i.CheckIsCmdOk) refers to str.o(i.box_str_hex_to_int) for box_str_hex_to_int
    task_local.o(i.CheckIsCmdOk) refers to str.o(i.GetCRC16) for GetCRC16
    task_local.o(i.CheckIsCmdOk) refers to str.o(i.box_str_u16_to_hex) for box_str_u16_to_hex
[...]
    USART_Init                               0x08007b45   Thumb Code   204  stm32f4xx_usart.o(i.USART_Init)
    USART_ReceiveData                        0x08007c19   Thumb Code    10  stm32f4xx_usart.o(i.USART_ReceiveData)
    USART_SendData                           0x08007c23   Thumb Code     8  stm32f4xx_usart.o(i.USART_SendData)
    UpdateFastBatChargingState               0x08007c2d   Thumb Code   394  zt_motor_slave_driver.o(i.UpdateFastBatChargingState)
    UsageFault_Handler                       0x08007dd1   Thumb Code     4  stm32f4xx_it.o(i.UsageFault_Handler)
    VT_I2C_HardInit                          0x08007dd5   Thumb Code   236  am2320_by_iic.o(i.VT_I2C_HardInit)
    VT_I2C_HardReadNByte                     0x08007ecd   Thumb Code   472  am2320_by_iic.o(i.VT_I2C_HardReadNByte)
    VT_I2C_HardWriteNByte                    0x080080b1   Thumb Code   258  am2320_by_iic.o(i.VT_I2C_HardWriteNByte)
    __hardfp___mathlib_tofloat               0x080081c1   Thumb Code   232  narrow.o(i.__hardfp___mathlib_tofloat)
    __hardfp_atof                            0x080082b9   Thumb Code    44  atof.o(i.__hardfp_atof)
    __hardfp_ldexp                           0x080082f1   Thumb Code   200  ldexp.o(i.__hardfp_ldexp)
    __mathlib_dbl_overflow                   0x080083c1   Thumb Code    24  dunder.o(i.__mathlib_dbl_overflow)
    __mathlib_dbl_underflow                  0x080083e1   Thumb Code    24  dunder.o(i.__mathlib_dbl_underflow)
    __mathlib_narrow                         0x08008401   Thumb Code    18  narrow.o(i.__mathlib_narrow)
    __support_ldexp                          0x08008413   Thumb Code    20  ldexp.o(i.__support_ldexp)
    _is_digit                                0x08008427   Thumb Code    14  scanf_fp.o(i._is_digit)
    ack_with_debug                           0x08008435   Thumb Code    64  task_local.o(i.ack_with_debug)
    box_str_cmp                              0x08008749   Thumb Code    42  str.o(i.box_str_cmp)
    box_str_cpy_rt_pos                       0x08008773   Thumb Code    20  str.o(i.box_str_cpy_rt_pos)
    box_str_find_char_pos                    0x08008787   Thumb Code    38  str.o(i.box_str_find_char_pos)
    box_str_get_bytes_by_hex                 0x080087ad   Thumb Code    68  task_local.o(i.box_str_get_bytes_by_hex)
    box_str_hex_to_int                       0x080087f1   Thumb Code   118  str.o(i.box_str_hex_to_int)
    box_str_u16_to_hex                       0x08008867   Thumb Code    50  str.o(i.box_str_u16_to_hex)
    bsp_ADC_Init                             0x08008899   Thumb Code   262  bsp_adc_init.o(i.bsp_ADC_Init)
    bsp_Board_Init                           0x080089ad   Thumb Code    92  board.o(i.bsp_Board_Init)
    bsp_Debug_Init                           0x08008a09   Thumb Code   208  bsp_debug.o(i.bsp_Debug_Init)
    bsp_Enccoder_AB_GET_Cnt                  0x08008ae9   Thumb Code    24  bsp_enccoder.o(i.bsp_Enccoder_AB_GET_Cnt)
    bsp_GPS_Init                             0x08008bb1   Thumb Code    86  bsp_gps.o(i.bsp_GPS_Init)
    bsp_GPS_cmd                              0x08008cbd   Thumb Code    30  bsp_gps.o(i.bsp_GPS_cmd)
    bsp_HI3521_GPIO_Init                     0x08008ce1   Thumb Code   130  bsp_hi3521.o(i.bsp_HI3521_GPIO_Init)
    bsp_Led_Init                             0x08008e11   Thumb Code   120  bsp_led.o(i.bsp_Led_Init)
    bsp_Limit_SW_Init                        0x08008e8d   Thumb Code    68  bsp_limit_sw.o(i.bsp_Limit_SW_Init)
    bsp_Pressure_Sensor_Get_Newton           0x08009001   Thumb Code    28  bsp_pressure_sensor.o(i.bsp_Pressure_Sensor_Get_Newton)
    bsp_Pressure_Sensor_Init                 0x08009025   Thumb Code    36  bsp_pressure_sensor.o(i.bsp_Pressure_Sensor_Init)
    bsp_Slave_motor2_Set_Speed               0x08009135   Thumb Code    56  zt_motor_slave_driver.o(i.bsp_Slave_motor2_Set_Speed)
    bsp_Video_Trans_PWR                      0x08009179   Thumb Code    30  bsp_video_trans.o(i.bsp_Video_Trans_PWR)
    bsp_Video_Trans_PWR_Init                 0x0800919d   Thumb Code    56  bsp_video_trans.o(i.bsp_Video_Trans_PWR_Init)
    bsp_enccoder_Init                        0x0800925d   Thumb Code    12  bsp_enccoder.o(i.bsp_enccoder_Init)
    bsp_master_cal_speed_Init                0x08009269   Thumb Code    36  bsp_motor_cal_speed.o(i.bsp_master_cal_speed_Init)
    bsp_master_motor_Init                    0x08009291   Thumb Code    12  zt_motor_master_driver.o(i.bsp_master_motor_Init)
    bsp_master_voltage_get_speed             0x0800929d   Thumb Code    30  bsp_motor_cal_speed.o(i.bsp_master_voltage_get_speed)
    bsp_slave_cal_speed_Init                 0x080092bd   Thumb Code    36  bsp_motor_cal_speed.o(i.bsp_slave_cal_speed_Init)
    bsp_slave_motor_Init                     0x080092e5   Thumb Code    12  zt_motor_slave_driver.o(i.bsp_slave_motor_Init)
    bsp_slave_voltage_get_speed              0x080092f1   Thumb Code    30  bsp_motor_cal_speed.o(i.bsp_slave_voltage_get_speed)
    cfg_oper_init                            0x08009311   Thumb Code    28  task_local.o(i.cfg_oper_init)
    cfg_oper_save_to_flash                   0x08009335   Thumb Code    76  task_local.o(i.cfg_oper_save_to_flash)
    char_to_byte_val                         0x08009389   Thumb Code    54  task_local.o(i.char_to_byte_val)
    cmd_para_build_para_string_float         0x080093bf   Thumb Code    62  cmd_para.o(i.cmd_para_build_para_string_float)
    cmd_para_build_para_string_int           0x080093fd   Thumb Code    46  cmd_para.o(i.cmd_para_build_para_string_int)
    cmd_para_build_para_string_ints          0x0800942b   Thumb Code    82  cmd_para.o(i.cmd_para_build_para_string_ints)
    cmd_para_build_para_string_str           0x0800947d   Thumb Code    46  cmd_para.o(i.cmd_para_build_para_string_str)
    cmd_para_get_all_items                   0x080094ab   Thumb Code   248  cmd_para.o(i.cmd_para_get_all_items)
    cmd_para_get_cur_str_end                 0x080095a3   Thumb Code    32  cmd_para.o(i.cmd_para_get_cur_str_end)
    cmd_para_get_float_by_val_str            0x080095c3   Thumb Code   120  cmd_para.o(i.cmd_para_get_float_by_val_str)
    cmd_para_get_id_by_name                  0x0800963b   Thumb Code    94  cmd_para.o(i.cmd_para_get_id_by_name)
    cmd_para_get_int_by_val_str              0x08009699   Thumb Code    88  cmd_para.o(i.cmd_para_get_int_by_val_str)
    cmd_para_get_next_str_begin              0x080096f1   Thumb Code    36  cmd_para.o(i.cmd_para_get_next_str_begin)
    debug_nprintf                            0x08009715   Thumb Code   508  task_timer.o(i.debug_nprintf)
    debug_sprintf                            0x08009921   Thumb Code   172  task_timer.o(i.debug_sprintf)
    delay_init                               0x080099d9   Thumb Code    76  delay.o(i.delay_init)
    delay_ms                                 0x08009a2d   Thumb Code    66  delay.o(i.delay_ms)
    delay_osschedlock                        0x08009a7d   Thumb Code     8  delay.o(i.delay_osschedlock)
    delay_osschedunlock                      0x08009a85   Thumb Code     8  delay.o(i.delay_osschedunlock)
    delay_ostimedly                          0x08009a8d   Thumb Code    12  delay.o(i.delay_ostimedly)
    delay_us                                 0x08009a99   Thumb Code    84  delay.o(i.delay_us)
    flash_write_u32_datas                    0x08009af1   Thumb Code    40  task_local.o(i.flash_write_u32_datas)
    float_to_str                             0x08009b19   Thumb Code   130  str.o(i.float_to_str)
    frexp                                    0x08009ba1   Thumb Code   118  frexp.o(i.frexp)
    int_to_str                               0x08009c2d   Thumb Code    98  str.o(i.int_to_str)
    main                                     0x08009c91   Thumb Code    76  main.o(i.main)
    rt_get_BatCFG                            0x08009d51   Thumb Code   204  task_local.o(i.rt_get_BatCFG)
    rt_get_SlvCFG                            0x08009e59   Thumb Code   222  task_local.o(i.rt_get_SlvCFG)
    set_SystemReset                          0x08009fa5   Thumb Code    26  task_local.o(i.set_SystemReset)
    tmr1_temper_humidi_callback              0x0800a145   Thumb Code    52  task_timer.o(i.tmr1_temper_humidi_callback)
    tmr2_sys_led_callback                    0x0800a181   Thumb Code    52  task_timer.o(i.tmr2_sys_led_callback)
    uart1_send                               0x0800a1bd   Thumb Code    76  uart_api.o(i.uart1_send)
    uart2_send                               0x0800a215   Thumb Code    76  uart_api.o(i.uart2_send)
    uart3_send                               0x0800a26d   Thumb Code    76  uart_api.o(i.uart3_send)
    uart4_send                               0x0800a2c5   Thumb Code    76  bsp_debug.o(i.uart4_send)
    zt_build_send_state_string               0x0800a31d   Thumb Code  1322  task_local.o(i.zt_build_send_state_string)
    zt_motor_master_driver_init              0x0800a849   Thumb Code    88  zt_motor_master_driver.o(i.zt_motor_master_driver_init)
    zt_motor_master_driver_set_speed         0x0800a8b5   Thumb Code    68  zt_motor_master_driver.o(i.zt_motor_master_driver_set_speed)
    zt_motor_master_driver_update            0x0800a8fd   Thumb Code   606  zt_motor_master_driver.o(i.zt_motor_master_driver_update)
    zt_motor_slave_driver_cfg_init           0x0800ab85   Thumb Code   322  zt_motor_slave_driver.o(i.zt_motor_slave_driver_cfg_init)
    zt_motor_slave_driver_init               0x0800acdd   Thumb Code   140  zt_motor_slave_driver.o(i.zt_motor_slave_driver_init)
    zt_motor_slave_driver_set_speed          0x0800ad85   Thumb Code    96  zt_motor_slave_driver.o(i.zt_motor_slave_driver_set_speed)
    zt_motor_slave_driver_update             0x0800ade9   Thumb Code   134  zt_motor_slave_driver.o(i.zt_motor_slave_driver_update)
    _get_lc_numeric                          0x0800afa1   Thumb Code    44  lc_numeric_c.o(locale$$code)
    _get_lc_ctype                            0x0800afcd   Thumb Code    44  lc_ctype_c.o(locale$$code)
    __aeabi_d2f                              0x0800aff9   Thumb Code     0  d2f.o(x$fpl$d2f)
    _d2f                                     0x0800aff9   Thumb Code    98  d2f.o(x$fpl$d2f)
    __fpl_dcheck_NaN1                        0x0800b05d   Thumb Code    10  dcheck1.o(x$fpl$dcheck1)
    __fpl_dcmp_Inf                           0x0800b06d   Thumb Code    24  dcmpi.o(x$fpl$dcmpinf)
    __aeabi_cdcmpeq                          0x0800b085   Thumb Code     0  deqf.o(x$fpl$deqf)
    _dcmpeq                                  0x0800b085   Thumb Code   120  deqf.o(x$fpl$deqf)
    __aeabi_ui2d                             0x0800b0fd   Thumb Code     0  dflt_clz.o(x$fpl$dfltu)
    _dfltu                                   0x0800b0fd   Thumb Code    38  dflt_clz.o(x$fpl$dfltu)
    __aeabi_cdcmple                          0x0800b125   Thumb Code     0  dleqf.o(x$fpl$dleqf)
    _dcmple                                  0x0800b125   Thumb Code   120  dleqf.o(x$fpl$dleqf)
    __fpl_dcmple_InfNaN                      0x0800b187   Thumb Code     0  dleqf.o(x$fpl$dleqf)
    __aeabi_dmul                             0x0800b19d   Thumb Code     0  dmul.o(x$fpl$dmul)
    _dmul                                    0x0800b19d   Thumb Code   332  dmul.o(x$fpl$dmul)
    __fpl_dnaninf                            0x0800b2f1   Thumb Code   156  dnaninf.o(x$fpl$dnaninf)
    __fpl_dretinf                            0x0800b38d   Thumb Code    12  dretinf.o(x$fpl$dretinf)
    __aeabi_cdrcmple                         0x0800b399   Thumb Code     0  drleqf.o(x$fpl$drleqf)
    _drcmple                                 0x0800b399   Thumb Code   108  drleqf.o(x$fpl$drleqf)
    _fp_init                                 0x0800b405   Thumb Code    10  fpinit.o(x$fpl$fpinit)
    __fplib_config_fpu_vfp                   0x0800b40d   Thumb Code     0  fpinit.o(x$fpl$fpinit)
    __fplib_config_pureend_doubles           0x0800b40d   Thumb Code     0  fpinit.o(x$fpl$fpinit)
    __fpl_fretinf                            0x0800b40f   Thumb Code    10  fretinf.o(x$fpl$fretinf)
    __ieee_status                            0x0800b419   Thumb Code     6  istatus.o(x$fpl$ieeestatus)
    __fpl_return_NaN                         0x0800b41f   Thumb Code   100  retnan.o(x$fpl$retnan)
    __ARM_scalbn                             0x0800b483   Thumb Code    92  scalbn.o(x$fpl$scalbn)
    _scanf_real                              0x0800b4df   Thumb Code     4  scanf1.o(x$fpl$scanf1)
    _scanf_hex_real                          0x0800b4e3   Thumb Code     4  scanf2.o(x$fpl$scanf2)
    _scanf_infnan                            0x0800b4e7   Thumb Code     4  scanf2.o(x$fpl$scanf2)
    __fpl_cmpreturn                          0x0800b4eb   Thumb Code    48  trapv.o(x$fpl$trapveneer)
    __I$use$fp                               0x0800b51a   Number         0  usenofp.o(x$fpl$usenofp)
    crc_const_table                          0x0800b51a   Data         512  str.o(.constdata)
    OSUnMapTbl                               0x0800b71a   Data         256  os_core.o(.constdata)
    Region$$Table$$Base                      0x0800b9d0   Number         0  anon$$obj.o(Region$$Table)
    Region$$Table$$Limit                     0x0800b9f0   Number         0  anon$$obj.o(Region$$Table)
    __aeabi_HUGE_VAL                         0x0800b9f0   Data           0  fpconst.o(c$$dinf)
    __aeabi_HUGE_VALL                        0x0800b9f0   Data           0  fpconst.o(c$$dinf)
    __aeabi_INFINITY                         0x0800b9f0   Data           0  fpconst.o(c$$dinf)
    __dInf                                   0x0800b9f0   Data           0  fpconst.o(c$$dinf)
    __huge_val                               0x0800b9f0   Data           0  fpconst.o(c$$dinf)
    __dbl_max                                0x0800b9f8   Data           0  fpconst.o(c$$dmax)
    __ctype                                  0x0800ba29   Data           0  lc_ctype_c.o(locale$$data)
    log_sem                                  0x20000000   Data           4  main.o(.data)
    PtzSem                                   0x20000004   Data           4  main.o(.data)
    p_msgBuffer                              0x20000008   Data           4  main.o(.data)
    mem160ptr                                0x2000000c   Data           4  main.o(.data)
    mem512_sem                               0x20000010   Data           4  main.o(.data)
    mem512ptr                                0x20000014   Data           4  main.o(.data)
    CurrentPtzSetCom                         0x20000018   Data           1  main.o(.data)
    GTZMHDCmdSetStep1                        0x20000019   Data           1  main.o(.data)
    GTZMHDCmdSetStep2                        0x2000001a   Data           1  main.o(.data)
    GTZMHDCmdSetOk                           0x2000001b   Data           1  main.o(.data)
    DoGTZMHDCmdSetRet                        0x2000001c   Data           1  main.o(.data)
    GTZMHDCmdGetStep1                        0x2000001d   Data           1  main.o(.data)
    GTZMHDCmdGetStep2                        0x2000001e   Data           1  main.o(.data)
    GTZMHDCmdGetOk                           0x2000001f   Data           1  main.o(.data)
    DoGTZMHDCmdGetRet                        0x20000020   Data           1  main.o(.data)
    GetWeatherQueue                          0x20000024   Data           4  task_weather.o(.data)
    RemoteRecQueue                           0x20000028   Data           4  task_remote_rec.o(.data)
    LocalQueue                               0x2000002c   Data           4  task_local.o(.data)
    Frame_No_Debug                           0x20000030   Data           4  task_local.o(.data)
    Frame_No_Linux                           0x20000034   Data           4  task_local.o(.data)
    Frame_No_Rf433                           0x20000038   Data           4  task_local.o(.data)
    Frame_No_POWER                           0x2000003c   Data           4  task_local.o(.data)
    CommandList                              0x20000040   Data          88  task_local.o(.data)
    TaskName                                 0x20000098   Data          20  task_local.o(.data)
    timerQueue                               0x200000ac   Data           4  task_timer.o(.data)
    tmr1_temper_humidi                       0x200000b0   Data           4  task_timer.o(.data)
    tmr2_sys_led                             0x200000b4   Data           4  task_timer.o(.data)
    gnAM2320_temper                          0x200000d6   Data           2  am2320_by_iic.o(.data)
    gnAM2320_humidi                          0x200000d8   Data           2  am2320_by_iic.o(.data)
    Usart1Sem                                0x200000dc   Data           4  uart_api.o(.data)
    Usart2Sem                                0x200000e0   Data           4  uart_api.o(.data)
    Usart3Sem                                0x200000e4   Data           4  uart_api.o(.data)
    Uart5Sem                                 0x200000e8   Data           4  uart_api.o(.data)
    Enccoder_AB_Turns                        0x200000f0   Data           4  bsp_enccoder.o(.data)
    Enccoder_Z_Turns                         0x200000f4   Data           4  bsp_enccoder.o(.data)
    GPS_F                                    0x20000100   Data           1  bsp_gps.o(.data)
    headerData                               0x20000101   Data           6  bsp_gps.o(.data)
    GPS_UART                                 0x20000108   Data           4  bsp_gps.o(.data)
    dataMode                                 0x2000010c   Data           2  bsp_gps.o(.data)
    headerCount                              0x2000010e   Data           2  bsp_gps.o(.data)
    dataCount                                0x20000110   Data           2  bsp_gps.o(.data)
    readCount                                0x20000112   Data           2  bsp_gps.o(.data)
    GGADataFinish                            0x20000114   Data           1  bsp_gps.o(.data)
    RMCDataFinish                            0x20000115   Data           1  bsp_gps.o(.data)
    currentLatitude                          0x20000118   Data           8  bsp_gps.o(.data)
    currentLongitude                         0x20000120   Data           8  bsp_gps.o(.data)
    currentSatellitesUsed                    0x20000128   Data           1  bsp_gps.o(.data)
    HDOP                                     0x2000012c   Data           4  bsp_gps.o(.data)
    currentTime                              0x20000130   Data           3  bsp_gps.o(.data)
    homeTime                                 0x20000133   Data           3  bsp_gps.o(.data)
    lastTime                                 0x20000136   Data           3  bsp_gps.o(.data)
    GPS_Init_Flag                            0x20000139   Data           1  bsp_gps.o(.data)
    gps_data                                 0x2000013a   Data         120  bsp_gps.o(.data)
    TimingDelay                              0x200001b4   Data           4  bsp_gps.o(.data)
    Uart4Sem                                 0x200001b8   Data           4  bsp_debug.o(.data)
    OSCtxSwCtr                               0x200001cc   Data           4  os_core.o(.data)
    OSEventFreeList                          0x200001d0   Data           4  os_core.o(.data)
    OSFlagFreeList                           0x200001d4   Data           4  os_core.o(.data)
    OSCPUUsage                               0x200001d8   Data           1  os_core.o(.data)
    OSIdleCtrMax                             0x200001dc   Data           4  os_core.o(.data)
    OSIdleCtrRun                             0x200001e0   Data           4  os_core.o(.data)
    OSStatRdy                                0x200001e4   Data           1  os_core.o(.data)
    OSIntNesting                             0x200001e5   Data           1  os_core.o(.data)
    OSLockNesting                            0x200001e6   Data           1  os_core.o(.data)
    OSPrioCur                                0x200001e7   Data           1  os_core.o(.data)
    OSPrioHighRdy                            0x200001e8   Data           1  os_core.o(.data)
    OSRdyGrp                                 0x200001e9   Data           1  os_core.o(.data)
    OSRdyTbl                                 0x200001ea   Data           8  os_core.o(.data)
    OSRunning                                0x200001f2   Data           1  os_core.o(.data)
    OSTaskCtr                                0x200001f3   Data           1  os_core.o(.data)
    OSIdleCtr                                0x200001f4   Data           4  os_core.o(.data)
    OSTCBCur                                 0x200001f8   Data           4  os_core.o(.data)
    OSTCBFreeList                            0x200001fc   Data           4  os_core.o(.data)
    OSTCBHighRdy                             0x20000200   Data           4  os_core.o(.data)
    OSTCBList                                0x20000204   Data           4  os_core.o(.data)
    OSTickStepState                          0x20000208   Data           1  os_core.o(.data)
    OSMemFreeList                            0x2000020c   Data           4  os_core.o(.data)
    OSQFreeList                              0x20000210   Data           4  os_core.o(.data)
    OSTime                                   0x20000214   Data           4  os_core.o(.data)
    OSTmrFree                                0x20000218   Data           2  os_core.o(.data)
    OSTmrUsed                                0x2000021a   Data           2  os_core.o(.data)
    OSTmrTime                                0x2000021c   Data           4  os_core.o(.data)
    OSTmrSem                                 0x20000220   Data           4  os_core.o(.data)
    OSTmrSemSignal                           0x20000224   Data           4  os_core.o(.data)
    OSTmrFreeList                            0x20000228   Data           4  os_core.o(.data)
    OSInterrputSum                           0x2000022c   Data           4  os_cpu_c.o(.data)
    msgBuffer                                0x20000234   Data         800  main.o(.bss)
    mem_160                                  0x20000554   Data        6600  main.o(.bss)
    mem_512                                  0x20001f1c   Data        3584  main.o(.bss)
    local_Q                                  0x20003a0c   Data          40  main.o(.bss)
    timer_Q                                  0x20003a34   Data         128  main.o(.bss)
    weather_Q                                0x20003ab4   Data         128  main.o(.bss)
    RemoteRec_Q                              0x20003b34   Data         128  main.o(.bss)
    Sensor_Data_Collect_Q                    0x20003bb4   Data         128  main.o(.bss)
    gCmdParaVal_Ints                         0x20003c34   Data          32  task_local.o(.bss)
    gCmdParaVal_floats                       0x20003c54   Data          12  task_local.o(.bss)
    gCmdParaInfos                            0x20003c60   Data        1894  task_local.o(.bss)
    gUserAllCfg                              0x200043c6   Data          48  task_local.o(.bss)
    GTZMHD_Set                               0x200043f6   Data          12  task_local.o(.bss)
    GTZMHD_Get                               0x20004402   Data          12  task_local.o(.bss)
    g_zt_msg                                 0x20004410   Data        1032  task_timer.o(.bss)
    gMstMt                                   0x20004818   Data          25  zt_motor_master_driver.o(.bss)
    gSpeedAnaly_Mst                          0x20004832   Data          26  zt_motor_slave_driver.o(.bss)
    gSpeedAnaly_Slv                          0x2000484c   Data          26  zt_motor_slave_driver.o(.bss)
    gSpeedAnaly_Whl                          0x20004866   Data          26  zt_motor_slave_driver.o(.bss)
    gSlvMtCfg                                0x20004880   Data          40  zt_motor_slave_driver.o(.bss)
    gSlaveMtAnaly                            0x200048a8   Data          71  zt_motor_slave_driver.o(.bss)
    gMtDisControlCheck                       0x200048ef   Data          80  zt_motor_slave_driver.o(.bss)
    gBatAutoCtrl                             0x2000493f   Data          16  zt_motor_slave_driver.o(.bss)
    gRbtState                                0x20004950   Data         130  zt_motor_slave_driver.o(.bss)
    gPressFilter                             0x200049d2   Data           9  zt_motor_slave_driver.o(.bss)
    I2C_Info                                 0x200049db   Data          10  am2320_by_iic.o(.bss)
    AtCmdFromRF433                           0x200049e8   Data         261  uart_api.o(.bss)
    g_zt_msg1                                0x20004af0   Data        1032  uart_api.o(.bss)
    AtCmdFromPowerBoard                      0x20004ef8   Data         261  uart_api.o(.bss)
    g_zt_msg2                                0x20005000   Data        1032  uart_api.o(.bss)
    AtCmdFromLinux                           0x20005408   Data         261  uart_api.o(.bss)
    g_zt_msg3                                0x20005510   Data        1032  uart_api.o(.bss)
    AtCmdFromPTZ                             0x20005918   Data         261  uart_api.o(.bss)
    g_zt_msg5                                0x20005a20   Data        1032  uart_api.o(.bss)
    ADC_Value                                0x20005e28   Data         160  bsp_adc_init.o(.bss)
    GGAData_buf                              0x20005ec8   Data         100  bsp_gps.o(.bss)
    RMCData_buf                              0x20005f2c   Data         100  bsp_gps.o(.bss)
    GGAData                                  0x20005f90   Data         102  bsp_gps.o(.bss)
    RMCData                                  0x20005ff6   Data         102  bsp_gps.o(.bss)
    AtCmdFromDebug                           0x2000605c   Data         261  bsp_debug.o(.bss)
    g_zt_msg4                                0x20006164   Data        1032  bsp_debug.o(.bss)
    OSEventTbl                               0x2000656c   Data         480  os_core.o(.bss)
    OSFlagTbl                                0x2000674c   Data          80  os_core.o(.bss)
    OSTaskStatStk                            0x2000679c   Data         512  os_core.o(.bss)
    OSTaskIdleStk                            0x2000699c   Data         512  os_core.o(.bss)
    OSTCBPrioTbl                             0x20006b9c   Data         256  os_core.o(.bss)
    OSTCBTbl                                 0x20006c9c   Data        1936  os_core.o(.bss)
    OSMemTbl                                 0x2000742c   Data         120  os_core.o(.bss)
    OSQTbl                                   0x200074a4   Data         240  os_core.o(.bss)
    OSTmrTbl                                 0x20007594   Data         640  os_core.o(.bss)
    OSTmrTaskStk                             0x20007814   Data         512  os_core.o(.bss)
    OSTmrWheelTbl                            0x20007a14   Data          64  os_core.o(.bss)
    __libspace_start                         0x20007a54   Data          96  libspace.o(.bss)
    __temporary_stack_top$libspace           0x20007ab4   Data           0  libspace.o(.bss)



==============================================================================

Memory Map of the image

  Image Entry point : 0x08000189

  Load Region LR_IROM1 (Base: 0x08000000, Size: 0x0000bd60, Max: 0x00100000, ABSOLUTE, COMPRESSED[0x0000bb98])

    Execution Region ER_IROM1 (Exec base: 0x08000000, Load base: 0x08000000, Size: 0x0000bb2c, Max: 0x00100000, ABSOLUTE)

    Exec Addr    Load Addr    Size         Type   Attr      Idx    E Section Name        Object

    0x08000000   0x08000000   0x00000188   Data   RO         6740    RESET               startup_stm32f40_41xxx.o
    0x08000188   0x08000188   0x00000008   Code   RO         7960  * !!!main             c_w.l(__main.o)
    0x08000190   0x08000190   0x00000034   Code   RO         8302    !!!scatter          c_w.l(__scatter.o)
    0x080001c4   0x080001c4   0x0000005a   Code   RO         8300    !!dczerorl2         c_w.l(__dczerorl2.o)
    0x0800021e   0x0800021e   0x00000002   PAD
    0x08000220   0x08000220   0x0000001c   Code   RO         8304    !!handler_zi        c_w.l(__scatter_zi.o)
    0x0800023c   0x0800023c   0x00000002   Code   RO         8075    .ARM.Collect$$libinit$$00000000  c_w.l(libinit.o)
    0x0800023e   0x0800023e   0x00000004   Code   RO         8076    .ARM.Collect$$libinit$$00000001  c_w.l(libinit2.o)
    0x08000242   0x08000242   0x00000000   Code   RO         8079    .ARM.Collect$$libinit$$00000004  c_w.l(libinit2.o)
    0x08000242   0x08000242   0x00000000   Code   RO         8082    .ARM.Collect$$libinit$$0000000A  c_w.l(libinit2.o)
    0x08000242   0x08000242   0x00000000   Code   RO         8084    .ARM.Collect$$libinit$$0000000C  c_w.l(libinit2.o)
    0x08000242   0x08000242   0x00000000   Code   RO         8086    .ARM.Collect$$libinit$$0000000E  c_w.l(libinit2.o)
    0x08000242   0x08000242   0x00000006   Code   RO         8087    .ARM.Collect$$libinit$$0000000F  c_w.l(libinit2.o)
    0x08000248   0x08000248   0x00000000   Code   RO         8089    .ARM.Collect$$libinit$$00000011  c_w.l(libinit2.o)
    0x08000248   0x08000248   0x0000000c   Code   RO         8090    .ARM.Collect$$libinit$$00000012  c_w.l(libinit2.o)
    0x08000254   0x08000254   0x00000000   Code   RO         8091    .ARM.Collect$$libinit$$00000013  c_w.l(libinit2.o)
    0x08000254   0x08000254   0x00000000   Code   RO         8093    .ARM.Collect$$libinit$$00000015  c_w.l(libinit2.o)
    0x08000254   0x08000254   0x0000000a   Code   RO         8094    .ARM.Collect$$libinit$$00000016  c_w.l(libinit2.o)
    0x0800025e   0x0800025e   0x00000000   Code   RO         8095    .ARM.Collect$$libinit$$00000017  c_w.l(libinit2.o)
    0x0800025e   0x0800025e   0x00000000   Code   RO         8097    .ARM.Collect$$libinit$$00000019  c_w.l(libinit2.o)
    0x0800025e   0x0800025e   0x00000000   Code   RO         8099    .ARM.Collect$$libinit$$0000001B  c_w.l(libinit2.o)
    0x0800025e   0x0800025e   0x00000000   Code   RO         8101    .ARM.Collect$$libinit$$0000001D  c_w.l(libinit2.o)
    0x0800025e   0x0800025e   0x00000000   Code   RO         8103    .ARM.Collect$$libinit$$0000001F  c_w.l(libinit2.o)
    0x0800025e   0x0800025e   0x00000000   Code   RO         8105    .ARM.Collect$$libinit$$00000021  c_w.l(libinit2.o)
    0x0800025e   0x0800025e   0x00000000   Code   RO         8107    .ARM.Collect$$libinit$$00000023  c_w.l(libinit2.o)
    0x0800025e   0x0800025e   0x00000000   Code   RO         8109    .ARM.Collect$$libinit$$00000025  c_w.l(libinit2.o)
    0x0800025e   0x0800025e   0x00000000   Code   RO         8113    .ARM.Collect$$libinit$$0000002C  c_w.l(libinit2.o)
    0x0800025e   0x0800025e   0x00000000   Code   RO         8115    .ARM.Collect$$libinit$$0000002E  c_w.l(libinit2.o)
    0x0800025e   0x0800025e   0x00000000   Code   RO         8117    .ARM.Collect$$libinit$$00000030  c_w.l(libinit2.o)
    0x0800025e   0x0800025e   0x00000000   Code   RO         8119    .ARM.Collect$$libinit$$00000032  c_w.l(libinit2.o)
    0x0800025e   0x0800025e   0x00000002   Code   RO         8120    .ARM.Collect$$libinit$$00000033  c_w.l(libinit2.o)
    0x08000260   0x08000260   0x00000002   Code   RO         8209    .ARM.Collect$$libshutdown$$00000000  c_w.l(libshutdown.o)
    0x08000262   0x08000262   0x00000000   Code   RO         8236    .ARM.Collect$$libshutdown$$00000002  c_w.l(libshutdown2.o)
    0x08000262   0x08000262   0x00000000   Code   RO         8238    .ARM.Collect$$libshutdown$$00000004  c_w.l(libshutdown2.o)
    0x08000262   0x08000262   0x00000000   Code   RO         8241    .ARM.Collect$$libshutdown$$00000007  c_w.l(libshutdown2.o)
    0x08000262   0x08000262   0x00000000   Code   RO         8244    .ARM.Collect$$libshutdown$$0000000A  c_w.l(libshutdown2.o)
    0x08000262   0x08000262   0x00000000   Code   RO         8246    .ARM.Collect$$libshutdown$$0000000C  c_w.l(libshutdown2.o)
    0x08000262   0x08000262   0x00000000   Code   RO         8249    .ARM.Collect$$libshutdown$$0000000F  c_w.l(libshutdown2.o)
    0x08000262   0x08000262   0x00000002   Code   RO         8250    .ARM.Collect$$libshutdown$$00000010  c_w.l(libshutdown2.o)
    0x08000264   0x08000264   0x00000000   Code   RO         7992    .ARM.Collect$$rtentry$$00000000  c_w.l(__rtentry.o)
    0x08000264   0x08000264   0x00000000   Code   RO         8021    .ARM.Collect$$rtentry$$00000002  c_w.l(__rtentry2.o)
    0x08000264   0x08000264   0x00000006   Code   RO         8033    .ARM.Collect$$rtentry$$00000004  c_w.l(__rtentry4.o)
    0x0800026a   0x0800026a   0x00000000   Code   RO         8023    .ARM.Collect$$rtentry$$00000009  c_w.l(__rtentry2.o)
    0x0800026a   0x0800026a   0x00000004   Code   RO         8024    .ARM.Collect$$rtentry$$0000000A  c_w.l(__rtentry2.o)
    0x0800026e   0x0800026e   0x00000000   Code   RO         8026    .ARM.Collect$$rtentry$$0000000C  c_w.l(__rtentry2.o)
    0x0800026e   0x0800026e   0x00000008   Code   RO         8027    .ARM.Collect$$rtentry$$0000000D  c_w.l(__rtentry2.o)
    0x08000276   0x08000276   0x00000002   Code   RO         8121    .ARM.Collect$$rtexit$$00000000  c_w.l(rtexit.o)
    0x08000278   0x08000278   0x00000000   Code   RO         8173    .ARM.Collect$$rtexit$$00000002  c_w.l(rtexit2.o)
    0x08000278   0x08000278   0x00000004   Code   RO         8174    .ARM.Collect$$rtexit$$00000003  c_w.l(rtexit2.o)
    0x0800027c   0x0800027c   0x00000006   Code   RO         8175    .ARM.Collect$$rtexit$$00000004  c_w.l(rtexit2.o)
    0x08000282   0x08000282   0x00000002   PAD
    0x08000284   0x08000284   0x00000040   Code   RO         6741    .text               startup_stm32f40_41xxx.o
    0x080002c4   0x080002c4   0x000000c8   Code   RO         7612    .text               os_cpu_a.o
    0x0800038c   0x0800038c   0x0000001a   Code   RO         7942    .text               c_w.l(atoi.o)
    0x080003a6   0x080003a6   0x00000058   Code   RO         7946    .text               c_w.l(memcmp.o)
    0x080003fe   0x080003fe   0x00000048   Code   RO         7948    .text               c_w.l(strcpy.o)
    0x08000446   0x08000446   0x0000003e   Code   RO         7950    .text               c_w.l(strlen.o)
    0x08000484   0x08000484   0x00000096   Code   RO         7952    .text               c_w.l(strncmp.o)
    0x0800051a   0x0800051a   0x0000008a   Code   RO         7954    .text               c_w.l(rt_memcpy_v6.o)
    0x080005a4   0x080005a4   0x00000044   Code   RO         7956    .text               c_w.l(rt_memclr.o)
    0x080005e8   0x080005e8   0x00000006   Code   RO         7958    .text               c_w.l(heapauxi.o)
    0x080005ee   0x080005ee   0x00000002   PAD
    0x080005f0   0x080005f0   0x00000008   Code   RO         7996    .text               c_w.l(rt_errno_addr_intlibspace.o)
    0x080005f8   0x080005f8   0x00000016   Code   RO         7998    .text               c_w.l(_rserrno.o)
    0x0800060e   0x0800060e   0x00000002   PAD
    0x08000610   0x08000610   0x000000a4   Code   RO         8000    .text               c_w.l(strtod.o)
    0x080006b4   0x080006b4   0x00000070   Code   RO         8002    .text               c_w.l(strtol.o)
    0x08000724   0x08000724   0x00000064   Code   RO         8004    .text               c_w.l(rt_memcpy_w.o)
    0x08000788   0x08000788   0x0000004e   Code   RO         8006    .text               c_w.l(rt_memclr_w.o)
    0x080007d6   0x080007d6   0x00000002   PAD
    0x080007d8   0x080007d8   0x00000008   Code   RO         8017    .text               c_w.l(libspace.o)
    0x080007e0   0x080007e0   0x00000010   Code   RO         8035    .text               c_w.l(rt_ctype_table.o)
    0x080007f0   0x080007f0   0x00000012   Code   RO         8037    .text               c_w.l(isspace.o)
    0x08000802   0x08000802   0x00000040   Code   RO         8039    .text               c_w.l(_sgetc.o)
    0x08000842   0x08000842   0x0000009e   Code   RO         8041    .text               c_w.l(_strtoul.o)
    0x080008e0   0x080008e0   0x0000004a   Code   RO         8050    .text               c_w.l(sys_stackheap_outer.o)
    0x0800092a   0x0800092a   0x00000002   PAD
    0x0800092c   0x0800092c   0x00000008   Code   RO         8055    .text               c_w.l(rt_locale_intlibspace.o)
    0x08000934   0x08000934   0x0000001c   Code   RO         8057    .text               c_w.l(_chval.o)
    0x08000950   0x08000950   0x000004f8   Code   RO         8059    .text               c_w.l(scanf_fp.o)
    0x08000e48   0x08000e48   0x00000012   Code   RO         8066    .text               c_w.l(exit.o)
    0x08000e5a   0x08000e5a   0x00000002   PAD
    0x08000e5c   0x08000e5c   0x00000080   Code   RO         8068    .text               c_w.l(strcmpv7m.o)
    0x08000edc   0x08000edc   0x000000e4   Code   RO         8123    .text               c_w.l(bigflt0.o)
    0x08000fc0   0x08000fc0   0x00000320   Code   RO         8179    .text               c_w.l(scanf_hexfp.o)
    0x080012e0   0x080012e0   0x00000134   Code   RO         8181    .text               c_w.l(scanf_infnan.o)
    0x08001414   0x08001414   0x0000000c   Code   RO         8197    .text               c_w.l(sys_exit.o)
    0x08001420   0x08001420   0x00000026   Code   RO         8201    .text               c_w.l(llshl.o)
    0x08001446   0x08001446   0x00000002   Code   RO         8226    .text               c_w.l(use_no_semi.o)
    0x08001448   0x08001448   0x00000000   Code   RO         8228    .text               c_w.l(indicate_semi.o)
    0x08001448   0x08001448   0x00000338   Code   RO         8136    CL$$btod_div_common  c_w.l(btod.o)
    0x08001780   0x08001780   0x00000084   Code   RO         8134    CL$$btod_e2d        c_w.l(btod.o)
    0x08001804   0x08001804   0x000000dc   Code   RO         8133    CL$$btod_e2e        c_w.l(btod.o)
    0x080018e0   0x080018e0   0x0000002a   Code   RO         8130    CL$$btod_ediv       c_w.l(btod.o)
    0x0800190a   0x0800190a   0x0000002a   Code   RO         8132    CL$$btod_edivd      c_w.l(btod.o)
    0x08001934   0x08001934   0x0000002a   Code   RO         8129    CL$$btod_emul       c_w.l(btod.o)
    0x0800195e   0x0800195e   0x0000002a   Code   RO         8131    CL$$btod_emuld      c_w.l(btod.o)
    0x08001988   0x08001988   0x00000244   Code   RO         8135    CL$$btod_mult_common  c_w.l(btod.o)
    0x08001bcc   0x08001bcc   0x00000016   Code   RO         2191    i.ADC_Cmd           stm32f4xx_adc.o
    0x08001be2   0x08001be2   0x00000002   PAD
    0x08001be4   0x08001be4   0x00000030   Code   RO         2192    i.ADC_CommonInit    stm32f4xx_adc.o
    0x08001c14   0x08001c14   0x00000016   Code   RO         2195    i.ADC_DMACmd        stm32f4xx_adc.o
    0x08001c2a   0x08001c2a   0x00000016   Code   RO         2196    i.ADC_DMARequestAfterLastTransferCmd  stm32f4xx_adc.o
    0x08001c40   0x08001c40   0x00000054   Code   RO         2211    i.ADC_Init          stm32f4xx_adc.o
    0x08001c94   0x08001c94   0x000000b8   Code   RO         2216    i.ADC_RegularChannelConfig  stm32f4xx_adc.o
    0x08001d4c   0x08001d4c   0x0000000a   Code   RO         2218    i.ADC_SoftwareStartConv  stm32f4xx_adc.o
    0x08001d56   0x08001d56   0x00000014   Code   RO         2220    i.ADC_StructInit    stm32f4xx_adc.o
    0x08001d6a   0x08001d6a   0x00000002   PAD
    0x08001d6c   0x08001d6c   0x00000138   Code   RO         1430    i.AM2320_Get_Data   am2320_by_iic.o
    0x08001ea4   0x08001ea4   0x00000030   Code   RO         1431    i.AM2320_and_iic_init  am2320_by_iic.o
    0x08001ed4   0x08001ed4   0x0000000c   Code   RO         1432    i.AM2320_get_humidi  am2320_by_iic.o
    0x08001ee0   0x08001ee0   0x0000000c   Code   RO         1433    i.AM2320_get_temper  am2320_by_iic.o
    0x08001eec   0x08001eec   0x00000178   Code   RO            3    i.App_TaskCreate    main.o
    0x08002064   0x08002064   0x00000178   Code   RO            4    i.App_TaskStart     main.o
    0x080021dc   0x080021dc   0x0000010c   Code   RO          364    i.BatCFG            task_local.o
    0x080022e8   0x080022e8   0x00000004   Code   RO          764    i.BusFault_Handler  stm32f4xx_it.o
    0x080022ec   0x080022ec   0x000000f0   Code   RO          365    i.CheckIsCmdOk      task_local.o
    0x080023dc   0x080023dc   0x000001a4   Code   RO         1234    i.CheckMtDisControl  zt_motor_slave_driver.o
    0x08002580   0x08002580   0x00000018   Code   RO          653    i.Clear_Buffer      task_timer.o
    0x08002598   0x08002598   0x00000040   Code   RO          366    i.CloseDev          task_local.o
    0x080025d8   0x080025d8   0x000002c0   Code   RO          367    i.CommDebug         task_local.o
    0x08002898   0x08002898   0x00000042   Code   RO          654    i.CopyBuffer        task_timer.o
    0x080028da   0x080028da   0x00000016   Code   RO         3130    i.DMA_Cmd           stm32f4xx_dma.o
    0x080028f0   0x080028f0   0x00000058   Code   RO         3142    i.DMA_Init          stm32f4xx_dma.o
    0x08002948   0x08002948   0x00000002   Code   RO          765    i.DebugMon_Handler  stm32f4xx_it.o
    0x0800294a   0x0800294a   0x0000000c   Code   RO         1434    i.Delay             am2320_by_iic.o
    0x08002956   0x08002956   0x00000002   PAD
    0x08002958   0x08002958   0x00000020   Code   RO         1235    i.DoLimitMstMtSpeed  zt_motor_slave_driver.o
    0x08002978   0x08002978   0x00000044   Code   RO         1236    i.DoPjzLvboAnaly    zt_motor_slave_driver.o
    0x080029bc   0x080029bc   0x00000080   Code   RO         1237    i.DoPressFilter     zt_motor_slave_driver.o
    0x08002a3c   0x08002a3c   0x00000124   Code   RO         1238    i.DoSetSlaveMtSpeedByCurSpeed  zt_motor_slave_driver.o
    0x08002b60   0x08002b60   0x000000dc   Code   RO         1239    i.DoSpeedAnalyByCode  zt_motor_slave_driver.o
    0x08002c3c   0x08002c3c   0x0000007c   Code   RO         1809    i.ENCCODER_AB_Config  bsp_enccoder.o
    0x08002cb8   0x08002cb8   0x00000074   Code   RO         1810    i.ENCCODER_Z_EXTI_Handler  bsp_enccoder.o
    0x08002d2c   0x08002d2c   0x0000000c   Code   RO          766    i.EXTI9_5_IRQHandler  stm32f4xx_it.o
    0x08002d38   0x08002d38   0x0000000c   Code   RO         3388    i.EXTI_ClearITPendingBit  stm32f4xx_exti.o
    0x08002d44   0x08002d44   0x00000018   Code   RO         3392    i.EXTI_GetITStatus  stm32f4xx_exti.o
    0x08002d5c   0x08002d5c   0x00000094   Code   RO         3393    i.EXTI_Init         stm32f4xx_exti.o
    0x08002df0   0x08002df0   0x0000000c   Code   RO         1811    i.Enccoder_AB_GET_Clear_Cnt  bsp_enccoder.o
    0x08002dfc   0x08002dfc   0x0000000c   Code   RO         3449    i.FLASH_ClearFlag   stm32f4xx_flash.o
    0x08002e08   0x08002e08   0x00000088   Code   RO         3455    i.FLASH_EraseSector  stm32f4xx_flash.o
    0x08002e90   0x08002e90   0x00000054   Code   RO         3457    i.FLASH_GetStatus   stm32f4xx_flash.o
    0x08002ee4   0x08002ee4   0x00000014   Code   RO         3461    i.FLASH_Lock        stm32f4xx_flash.o
    0x08002ef8   0x08002ef8   0x00000050   Code   RO         3485    i.FLASH_ProgramWord  stm32f4xx_flash.o
    0x08002f48   0x08002f48   0x00000024   Code   RO         3487    i.FLASH_Unlock      stm32f4xx_flash.o
    0x08002f6c   0x08002f6c   0x00000022   Code   RO         3488    i.FLASH_WaitForLastOperation  stm32f4xx_flash.o
    0x08002f8e   0x08002f8e   0x00000002   PAD
    0x08002f90   0x08002f90   0x00000030   Code   RO          368    i.FindingOrder      task_local.o
    0x08002fc0   0x08002fc0   0x00000020   Code   RO         1240    i.GPIO_INIT_IN_FLOAT  zt_motor_slave_driver.o
    0x08002fe0   0x08002fe0   0x00000090   Code   RO         3733    i.GPIO_Init         stm32f4xx_gpio.o
    0x08003070   0x08003070   0x00000046   Code   RO         3734    i.GPIO_PinAFConfig  stm32f4xx_gpio.o
    0x080030b6   0x080030b6   0x00000012   Code   RO         3737    i.GPIO_ReadInputDataBit  stm32f4xx_gpio.o
    0x080030c8   0x080030c8   0x00000004   Code   RO         3740    i.GPIO_ResetBits    stm32f4xx_gpio.o
    0x080030cc   0x080030cc   0x00000004   Code   RO         3741    i.GPIO_SetBits      stm32f4xx_gpio.o
    0x080030d0   0x080030d0   0x000001b4   Code   RO         1922    i.GPS_UART_IRQHandler  bsp_gps.o
    0x08003284   0x08003284   0x00000014   Code   RO          946    i.GetCRC16          str.o
    0x08003298   0x08003298   0x00000030   Code   RO          948    i.GetCrc16_add      str.o
    0x080032c8   0x080032c8   0x0000000c   Code   RO          369    i.GetSlvCFG         task_local.o
    0x080032d4   0x080032d4   0x000000c8   Code   RO          370    i.GetState          task_local.o
    0x0800339c   0x0800339c   0x0000001e   Code   RO          371    i.GpioSetBit        task_local.o
    0x080033ba   0x080033ba   0x00000004   Code   RO          372    i.GpioSetH          task_local.o
    0x080033be   0x080033be   0x00000004   Code   RO         1149    i.GpioSetH          zt_motor_master_driver.o
    0x080033c2   0x080033c2   0x00000004   Code   RO         1243    i.GpioSetH          zt_motor_slave_driver.o
    0x080033c6   0x080033c6   0x00000004   Code   RO          373    i.GpioSetL          task_local.o
    0x080033ca   0x080033ca   0x00000004   Code   RO         1150    i.GpioSetL          zt_motor_master_driver.o
    0x080033ce   0x080033ce   0x00000004   Code   RO         1244    i.GpioSetL          zt_motor_slave_driver.o
    0x080033d2   0x080033d2   0x00000004   Code   RO          767    i.HardFault_Handler  stm32f4xx_it.o
    0x080033d6   0x080033d6   0x00000002   PAD
    0x080033d8   0x080033d8   0x000001b8   Code   RO          374    i.Hello             task_local.o
    0x08003590   0x08003590   0x00000018   Code   RO         4005    i.I2C_AcknowledgeConfig  stm32f4xx_i2c.o
    0x080035a8   0x080035a8   0x0000002a   Code   RO         4008    i.I2C_CheckEvent    stm32f4xx_i2c.o
    0x080035d2   0x080035d2   0x00000018   Code   RO         4011    i.I2C_Cmd           stm32f4xx_i2c.o
    0x080035ea   0x080035ea   0x00000002   PAD
    0x080035ec   0x080035ec   0x00000060   Code   RO         4014    i.I2C_DeInit        stm32f4xx_i2c.o
    0x0800364c   0x0800364c   0x00000018   Code   RO         4019    i.I2C_GenerateSTART  stm32f4xx_i2c.o
    0x08003664   0x08003664   0x00000018   Code   RO         4020    i.I2C_GenerateSTOP  stm32f4xx_i2c.o
    0x0800367c   0x0800367c   0x0000003a   Code   RO         4021    i.I2C_GetFlagStatus  stm32f4xx_i2c.o
    0x080036b6   0x080036b6   0x00000002   PAD
    0x080036b8   0x080036b8   0x000000e8   Code   RO         4026    i.I2C_Init          stm32f4xx_i2c.o
    0x080037a0   0x080037a0   0x00000008   Code   RO         4031    i.I2C_ReceiveData   stm32f4xx_i2c.o
    0x080037a8   0x080037a8   0x00000010   Code   RO         4033    i.I2C_Send7bitAddress  stm32f4xx_i2c.o
    0x080037b8   0x080037b8   0x00000004   Code   RO         4034    i.I2C_SendData      stm32f4xx_i2c.o
    0x080037bc   0x080037bc   0x0000005c   Code   RO          375    i.Lack              task_local.o
    0x08003818   0x08003818   0x00000020   Code   RO          376    i.Lcmd              task_local.o
    0x08003838   0x08003838   0x00000038   Code   RO          377    i.LinuxRst          task_local.o
    0x08003870   0x08003870   0x00000038   Code   RO         1867    i.Master_Cal_Speed_Get_Voltage  bsp_motor_cal_speed.o
    0x080038a8   0x080038a8   0x00000004   Code   RO          768    i.MemManage_Handler  stm32f4xx_it.o
    0x080038ac   0x080038ac   0x00000002   Code   RO          769    i.NMI_Handler       stm32f4xx_it.o
    0x080038ae   0x080038ae   0x000000da   Code   RO         2028    i.NVIC_Configuration  nvic_irq.o
    0x08003988   0x08003988   0x00000078   Code   RO         2141    i.NVIC_Init         misc.o
    0x08003a00   0x08003a00   0x00000014   Code   RO         2142    i.NVIC_PriorityGroupConfig  misc.o
    0x08003a14   0x08003a14   0x00000068   Code   RO         6785    i.OSEventNameSet    os_core.o
    0x08003a7c   0x08003a7c   0x00000034   Code   RO         6787    i.OSInit            os_core.o
    0x08003ab0   0x08003ab0   0x0000000c   Code   RO         7617    i.OSInitHookBegin   os_cpu_c.o
    0x08003abc   0x08003abc   0x00000002   Code   RO         7618    i.OSInitHookEnd     os_cpu_c.o
    0x08003abe   0x08003abe   0x00000002   PAD
    0x08003ac0   0x08003ac0   0x00000090   Code   RO         6789    i.OSIntExit         os_core.o
    0x08003b50   0x08003b50   0x000000a8   Code   RO         7163    i.OSMemCreate       os_mem.o
    0x08003bf8   0x08003bf8   0x00000048   Code   RO         7164    i.OSMemGet          os_mem.o
    0x08003c40   0x08003c40   0x00000042   Code   RO         7167    i.OSMemPut          os_mem.o
    0x08003c82   0x08003c82   0x00000040   Code   RO         7168    i.OSMemQuery        os_mem.o
    0x08003cc2   0x08003cc2   0x00000002   PAD
    0x08003cc4   0x08003cc4   0x000000a0   Code   RO         7265    i.OSQCreate         os_q.o
    0x08003d64   0x08003d64   0x0000012c   Code   RO         7268    i.OSQPend           os_q.o
    0x08003e90   0x08003e90   0x00000078   Code   RO         7270    i.OSQPost           os_q.o
    0x08003f08   0x08003f08   0x00000040   Code   RO         6790    i.OSSchedLock       os_core.o
    0x08003f48   0x08003f48   0x00000060   Code   RO         6791    i.OSSchedUnlock     os_core.o
    0x08003fa8   0x08003fa8   0x00000054   Code   RO         7337    i.OSSemCreate       os_sem.o
    0x08003ffc   0x08003ffc   0x000000f8   Code   RO         7339    i.OSSemPend         os_sem.o
    0x080040f4   0x080040f4   0x0000005e   Code   RO         7341    i.OSSemPost         os_sem.o
    0x08004152   0x08004152   0x00000058   Code   RO         7342    i.OSSemQuery        os_sem.o
    0x080041aa   0x080041aa   0x00000002   PAD
    0x080041ac   0x080041ac   0x00000048   Code   RO         6792    i.OSStart           os_core.o
    0x080041f4   0x080041f4   0x0000004c   Code   RO         6793    i.OSStatInit        os_core.o
    0x08004240   0x08004240   0x00000002   Code   RO         7619    i.OSTCBInitHook     os_cpu_c.o
    0x08004242   0x08004242   0x00000002   PAD
    0x08004244   0x08004244   0x000000c0   Code   RO         7392    i.OSTaskCreateExt   os_task.o
    0x08004304   0x08004304   0x00000002   Code   RO         7620    i.OSTaskCreateHook  os_cpu_c.o
    0x08004306   0x08004306   0x00000002   PAD
    0x08004308   0x08004308   0x0000016c   Code   RO         7393    i.OSTaskDel         os_task.o
    0x08004474   0x08004474   0x00000002   Code   RO         7621    i.OSTaskDelHook     os_cpu_c.o
    0x08004476   0x08004476   0x00000002   Code   RO         7622    i.OSTaskIdleHook    os_cpu_c.o
    0x08004478   0x08004478   0x00000084   Code   RO         7396    i.OSTaskNameSet     os_task.o
    0x080044fc   0x080044fc   0x0000006c   Code   RO         7397    i.OSTaskQuery       os_task.o
    0x08004568   0x08004568   0x00000002   Code   RO         7623    i.OSTaskReturnHook  os_cpu_c.o
    0x0800456a   0x0800456a   0x00000002   Code   RO         7624    i.OSTaskStatHook    os_cpu_c.o
    0x0800456c   0x0800456c   0x000000a0   Code   RO         7401    i.OSTaskStkChk      os_task.o
    0x0800460c   0x0800460c   0x000001b0   Code   RO         7625    i.OSTaskStkInit     os_cpu_c.o
    0x080047bc   0x080047bc   0x000000bc   Code   RO         7402    i.OSTaskSuspend     os_task.o
    0x08004878   0x08004878   0x00000002   Code   RO         7626    i.OSTaskSwHook      os_cpu_c.o
    0x0800487a   0x0800487a   0x00000002   PAD
    0x0800487c   0x0800487c   0x00000078   Code   RO         7486    i.OSTimeDly         os_time.o
    0x080048f4   0x080048f4   0x0000001c   Code   RO         7489    i.OSTimeGet         os_time.o
    0x08004910   0x08004910   0x000000ec   Code   RO         6794    i.OSTimeTick        os_core.o
    0x080049fc   0x080049fc   0x00000020   Code   RO         7627    i.OSTimeTickHook    os_cpu_c.o
    0x08004a1c   0x08004a1c   0x00000094   Code   RO         7522    i.OSTmrCreate       os_tmr.o
    0x08004ab0   0x08004ab0   0x00000014   Code   RO         7526    i.OSTmrSignal       os_tmr.o
    0x08004ac4   0x08004ac4   0x00000090   Code   RO         7527    i.OSTmrStart        os_tmr.o
    0x08004b54   0x08004b54   0x00000040   Code   RO         7530    i.OSTmr_Alloc       os_tmr.o
    0x08004b94   0x08004b94   0x000000f4   Code   RO         7532    i.OSTmr_Init        os_tmr.o
    0x08004c88   0x08004c88   0x00000050   Code   RO         7533    i.OSTmr_InitTask    os_tmr.o
    0x08004cd8   0x08004cd8   0x0000006c   Code   RO         7534    i.OSTmr_Link        os_tmr.o
    0x08004d44   0x08004d44   0x00000080   Code   RO         7535    i.OSTmr_Task        os_tmr.o
    0x08004dc4   0x08004dc4   0x00000044   Code   RO         7536    i.OSTmr_Unlink      os_tmr.o
    0x08004e08   0x08004e08   0x00000006   Code   RO         6795    i.OSVersion         os_core.o
    0x08004e0e   0x08004e0e   0x00000002   Code   RO         6796    i.OS_Dummy          os_core.o
    0x08004e10   0x08004e10   0x00000090   Code   RO         6797    i.OS_EventTaskRdy   os_core.o
    0x08004ea0   0x08004ea0   0x0000002a   Code   RO         6798    i.OS_EventTaskRemove  os_core.o
    0x08004eca   0x08004eca   0x0000003a   Code   RO         6799    i.OS_EventTaskRemoveMulti  os_core.o
    0x08004f04   0x08004f04   0x0000007c   Code   RO         6800    i.OS_EventTaskWait  os_core.o
    0x08004f80   0x08004f80   0x0000001c   Code   RO         6802    i.OS_EventWaitListInit  os_core.o
    0x08004f9c   0x08004f9c   0x00000058   Code   RO         7031    i.OS_FlagInit       os_flag.o
    0x08004ff4   0x08004ff4   0x00000024   Code   RO         7033    i.OS_FlagUnlink     os_flag.o
    0x08005018   0x08005018   0x00000060   Code   RO         6803    i.OS_InitEventList  os_core.o
    0x08005078   0x08005078   0x00000054   Code   RO         6804    i.OS_InitMisc       os_core.o
    0x080050cc   0x080050cc   0x00000044   Code   RO         6805    i.OS_InitRdyList    os_core.o
    0x08005110   0x08005110   0x00000080   Code   RO         6806    i.OS_InitTCBList    os_core.o
    0x08005190   0x08005190   0x00000050   Code   RO         6807    i.OS_InitTaskIdle   os_core.o
    0x080051e0   0x080051e0   0x00000050   Code   RO         6808    i.OS_InitTaskStat   os_core.o
    0x08005230   0x08005230   0x00000012   Code   RO         6809    i.OS_MemClr         os_core.o
    0x08005242   0x08005242   0x00000014   Code   RO         6810    i.OS_MemCopy        os_core.o
    0x08005256   0x08005256   0x00000002   PAD
    0x08005258   0x08005258   0x00000058   Code   RO         7169    i.OS_MemInit        os_mem.o
    0x080052b0   0x080052b0   0x00000050   Code   RO         7274    i.OS_QInit          os_q.o
    0x08005300   0x08005300   0x00000074   Code   RO         6811    i.OS_Sched          os_core.o
    0x08005374   0x08005374   0x0000002c   Code   RO         6812    i.OS_SchedNew       os_core.o
    0x080053a0   0x080053a0   0x00000134   Code   RO         6814    i.OS_TCBInit        os_core.o
    0x080054d4   0x080054d4   0x00000028   Code   RO         6815    i.OS_TaskIdle       os_core.o
    0x080054fc   0x080054fc   0x00000018   Code   RO         7403    i.OS_TaskReturn     os_task.o
    0x08005514   0x08005514   0x00000088   Code   RO         6816    i.OS_TaskStat       os_core.o
    0x0800559c   0x0800559c   0x0000003c   Code   RO         6817    i.OS_TaskStatStkChk  os_core.o
    0x080055d8   0x080055d8   0x0000001a   Code   RO         7404    i.OS_TaskStkClr     os_task.o
    0x080055f2   0x080055f2   0x00000002   PAD
    0x080055f4   0x080055f4   0x00000040   Code   RO          378    i.OpenDev           task_local.o
    0x08005634   0x08005634   0x00000174   Code   RO          379    i.OpenOrCloseDevOperate  task_local.o
    0x080057a8   0x080057a8   0x00000038   Code   RO         1751    i.Pressure_Sensor_Get_Voltage  bsp_pressure_sensor.o
    0x080057e0   0x080057e0   0x00000020   Code   RO         4597    i.RCC_AHB1PeriphClockCmd  stm32f4xx_rcc.o
    0x08005800   0x08005800   0x00000020   Code   RO         4606    i.RCC_APB1PeriphClockCmd  stm32f4xx_rcc.o
    0x08005820   0x08005820   0x00000020   Code   RO         4608    i.RCC_APB1PeriphResetCmd  stm32f4xx_rcc.o
    0x08005840   0x08005840   0x00000020   Code   RO         4609    i.RCC_APB2PeriphClockCmd  stm32f4xx_rcc.o
    0x08005860   0x08005860   0x000000e8   Code   RO         4618    i.RCC_GetClocksFreq  stm32f4xx_rcc.o
    0x08005948   0x08005948   0x0000008c   Code   RO          384    i.Rf433Cfg          task_local.o
    0x080059d4   0x080059d4   0x00000070   Code   RO          385    i.Rf433Set          task_local.o
    0x08005a44   0x08005a44   0x00000070   Code   RO         1245    i.SLV_AUTO_SPEED_DOWN  zt_motor_slave_driver.o
    0x08005ab4   0x08005ab4   0x00000068   Code   RO         1246    i.SLV_AUTO_SPEED_UP  zt_motor_slave_driver.o
    0x08005b1c   0x08005b1c   0x00000002   Code   RO          770    i.SVC_Handler       stm32f4xx_it.o
    0x08005b1e   0x08005b1e   0x00000002   PAD
    0x08005b20   0x08005b20   0x00000058   Code   RO          655    i.SWD_Download_init  task_timer.o
    0x08005b78   0x08005b78   0x00000010   Code   RO         1247    i.SW_GpioGet        zt_motor_slave_driver.o
    0x08005b88   0x08005b88   0x00000040   Code   RO         5875    i.SYSCFG_EXTILineConfig  stm32f4xx_syscfg.o
    0x08005bc8   0x08005bc8   0x000000a4   Code   RO          656    i.SendWHLToLinux    task_timer.o
    0x08005c6c   0x08005c6c   0x00000010   Code   RO         1248    i.Sensor_Collect    zt_motor_slave_driver.o
    0x08005c7c   0x08005c7c   0x00000230   Code   RO          386    i.SetMasterMotor    task_local.o
    0x08005eac   0x08005eac   0x00000134   Code   RO          387    i.SetSlaveMotor     task_local.o
    0x08005fe0   0x08005fe0   0x000000ec   Code   RO         6747    i.SetSysClock       system_stm32f4xx.o
    0x080060cc   0x080060cc   0x0000005c   Code   RO          388    i.ShowDebugList     task_local.o
    0x08006128   0x08006128   0x00000108   Code   RO          389    i.ShowMemStates     task_local.o
    0x08006230   0x08006230   0x00000214   Code   RO          390    i.ShowSystemInformation  task_local.o
    0x08006444   0x08006444   0x00000034   Code   RO         1868    i.Slave_Cal_Speed_Get_Voltage  bsp_motor_cal_speed.o
    0x08006478   0x08006478   0x000000e4   Code   RO          391    i.SlvCFG1           task_local.o
    0x0800655c   0x0800655c   0x000000d4   Code   RO          392    i.SlvCFG2           task_local.o
    0x08006630   0x08006630   0x000001c4   Code   RO          393    i.StateSw           task_local.o
    0x080067f4   0x080067f4   0x00000020   Code   RO          394    i.StringCopmare     task_local.o
    0x08006814   0x08006814   0x00000014   Code   RO          657    i.StringLen         task_timer.o
    0x08006828   0x08006828   0x00000028   Code   RO         2145    i.SysTick_CLKSourceConfig  misc.o
    0x08006850   0x08006850   0x00000128   Code   RO          771    i.SysTick_Handler   stm32f4xx_it.o
    0x08006978   0x08006978   0x00000068   Code   RO         6749    i.SystemInit        system_stm32f4xx.o
    0x080069e0   0x080069e0   0x00000028   Code   RO          658    i.System_State_LED  task_timer.o
    0x08006a08   0x08006a08   0x0000003a   Code   RO         5928    i.TI1_Config        stm32f4xx_tim.o
    0x08006a42   0x08006a42   0x00000050   Code   RO         5929    i.TI2_Config        stm32f4xx_tim.o
    0x08006a92   0x08006a92   0x00000048   Code   RO         5930    i.TI3_Config        stm32f4xx_tim.o
    0x08006ada   0x08006ada   0x00000050   Code   RO         5931    i.TI4_Config        stm32f4xx_tim.o
    0x08006b2a   0x08006b2a   0x00000002   PAD
    0x08006b2c   0x08006b2c   0x00000040   Code   RO         1812    i.TIM5_IRQHandler   bsp_enccoder.o
    0x08006b6c   0x08006b6c   0x00000006   Code   RO         5938    i.TIM_ClearFlag     stm32f4xx_tim.o
    0x08006b72   0x08006b72   0x00000006   Code   RO         5939    i.TIM_ClearITPendingBit  stm32f4xx_tim.o
    0x08006b78   0x08006b78   0x00000018   Code   RO         5944    i.TIM_Cmd           stm32f4xx_tim.o
    0x08006b90   0x08006b90   0x0000001e   Code   RO         5946    i.TIM_CtrlPWMOutputs  stm32f4xx_tim.o
    0x08006bae   0x08006bae   0x00000042   Code   RO         5953    i.TIM_EncoderInterfaceConfig  stm32f4xx_tim.o
    0x08006bf0   0x08006bf0   0x00000022   Code   RO         5965    i.TIM_GetITStatus   stm32f4xx_tim.o
    0x08006c12   0x08006c12   0x0000006e   Code   RO         5967    i.TIM_ICInit        stm32f4xx_tim.o
    0x08006c80   0x08006c80   0x00000012   Code   RO         5968    i.TIM_ICStructInit  stm32f4xx_tim.o
    0x08006c92   0x08006c92   0x00000012   Code   RO         5969    i.TIM_ITConfig      stm32f4xx_tim.o
    0x08006ca4   0x08006ca4   0x000000a4   Code   RO         5978    i.TIM_OC2Init       stm32f4xx_tim.o
    0x08006d48   0x08006d48   0x000000a0   Code   RO         5983    i.TIM_OC3Init       stm32f4xx_tim.o
    0x08006de8   0x08006de8   0x00000004   Code   RO         6007    i.TIM_SetCompare2   stm32f4xx_tim.o
    0x08006dec   0x08006dec   0x00000004   Code   RO         6008    i.TIM_SetCompare3   stm32f4xx_tim.o
    0x08006df0   0x08006df0   0x00000012   Code   RO         6011    i.TIM_SetIC1Prescaler  stm32f4xx_tim.o
    0x08006e02   0x08006e02   0x0000001a   Code   RO         6012    i.TIM_SetIC2Prescaler  stm32f4xx_tim.o
    0x08006e1c   0x08006e1c   0x00000012   Code   RO         6013    i.TIM_SetIC3Prescaler  stm32f4xx_tim.o
    0x08006e2e   0x08006e2e   0x0000001a   Code   RO         6014    i.TIM_SetIC4Prescaler  stm32f4xx_tim.o
    0x08006e48   0x08006e48   0x00000084   Code   RO         6016    i.TIM_TimeBaseInit  stm32f4xx_tim.o
    0x08006ecc   0x08006ecc   0x00000064   Code   RO         1249    i.TaskFun_MotorUpdate  zt_motor_slave_driver.o
    0x08006f30   0x08006f30   0x0000003c   Code   RO          395    i.Task_Local        task_local.o
    0x08006f6c   0x08006f6c   0x00000084   Code   RO          341    i.Task_Remote_Rec   task_remote_rec.o
    0x08006ff0   0x08006ff0   0x0000000a   Code   RO          744    i.Task_Sensor_Data_Collect  task_sensor_data_collect.o
    0x08006ffa   0x08006ffa   0x00000002   PAD
    0x08006ffc   0x08006ffc   0x00000110   Code   RO          659    i.Task_Timer        task_timer.o
    0x0800710c   0x0800710c   0x0000009c   Code   RO          310    i.Task_Weather      task_weather.o
    0x080071a8   0x080071a8   0x00000028   Code   RO          772    i.UART4_IRQHandler  stm32f4xx_it.o
    0x080071d0   0x080071d0   0x0000015c   Code   RO         2105    i.UART4_ISR         bsp_debug.o
    0x0800732c   0x0800732c   0x00000024   Code   RO         1926    i.UART5_IRQHandler  bsp_gps.o
    0x08007350   0x08007350   0x000000e0   Code   RO         1496    i.USART1_Config     uart_api.o
    0x08007430   0x08007430   0x00000028   Code   RO          773    i.USART1_IRQHandler  stm32f4xx_it.o
    0x08007458   0x08007458   0x0000015c   Code   RO         1497    i.USART1_ISR        uart_api.o
    0x080075b4   0x080075b4   0x000000e0   Code   RO         1498    i.USART2_Config     uart_api.o
    0x08007694   0x08007694   0x00000028   Code   RO          774    i.USART2_IRQHandler  stm32f4xx_it.o
    0x080076bc   0x080076bc   0x0000015c   Code   RO         1499    i.USART2_ISR        uart_api.o
    0x08007818   0x08007818   0x000000e0   Code   RO         1500    i.USART3_Config     uart_api.o
    0x080078f8   0x080078f8   0x00000028   Code   RO          775    i.USART3_IRQHandler  stm32f4xx_it.o
    0x08007920   0x08007920   0x0000015c   Code   RO         1501    i.USART3_ISR        uart_api.o
    0x08007a7c   0x08007a7c   0x00000012   Code   RO         6490    i.USART_ClearFlag   stm32f4xx_usart.o
    0x08007a8e   0x08007a8e   0x00000018   Code   RO         6494    i.USART_Cmd         stm32f4xx_usart.o
    0x08007aa6   0x08007aa6   0x00000054   Code   RO         6498    i.USART_GetITStatus  stm32f4xx_usart.o
    0x08007afa   0x08007afa   0x0000004a   Code   RO         6500    i.USART_ITConfig    stm32f4xx_usart.o
    0x08007b44   0x08007b44   0x000000d4   Code   RO         6501    i.USART_Init        stm32f4xx_usart.o
    0x08007c18   0x08007c18   0x0000000a   Code   RO         6508    i.USART_ReceiveData  stm32f4xx_usart.o
    0x08007c22   0x08007c22   0x00000008   Code   RO         6511    i.USART_SendData    stm32f4xx_usart.o
    0x08007c2a   0x08007c2a   0x00000002   PAD
    0x08007c2c   0x08007c2c   0x000001a4   Code   RO         1250    i.UpdateFastBatChargingState  zt_motor_slave_driver.o
    0x08007dd0   0x08007dd0   0x00000004   Code   RO          776    i.UsageFault_Handler  stm32f4xx_it.o
    0x08007dd4   0x08007dd4   0x000000f8   Code   RO         1435    i.VT_I2C_HardInit   am2320_by_iic.o
    0x08007ecc   0x08007ecc   0x000001e4   Code   RO         1436    i.VT_I2C_HardReadNByte  am2320_by_iic.o
    0x080080b0   0x080080b0   0x00000110   Code   RO         1437    i.VT_I2C_HardWriteNByte  am2320_by_iic.o
    0x080081c0   0x080081c0   0x000000f8   Code   RO         8164    i.__hardfp___mathlib_tofloat  m_wm.l(narrow.o)
    0x080082b8   0x080082b8   0x00000038   Code   RO         7986    i.__hardfp_atof     m_wm.l(atof.o)
    0x080082f0   0x080082f0   0x000000d0   Code   RO         8210    i.__hardfp_ldexp    m_wm.l(ldexp.o)
    0x080083c0   0x080083c0   0x00000020   Code   RO         8257    i.__mathlib_dbl_overflow  m_wm.l(dunder.o)
    0x080083e0   0x080083e0   0x00000020   Code   RO         8259    i.__mathlib_dbl_underflow  m_wm.l(dunder.o)
    0x08008400   0x08008400   0x00000012   Code   RO         8165    i.__mathlib_narrow  m_wm.l(narrow.o)
    0x08008412   0x08008412   0x00000014   Code   RO         8212    i.__support_ldexp   m_wm.l(ldexp.o)
    0x08008426   0x08008426   0x0000000e   Code   RO         8061    i._is_digit         c_w.l(scanf_fp.o)
    0x08008434   0x08008434   0x00000040   Code   RO          396    i.ack_with_debug    task_local.o
    0x08008474   0x08008474   0x0000016c   Code   RO          397    i.at_build_PowerCtl_string  task_local.o
    0x080085e0   0x080085e0   0x00000168   Code   RO          398    i.at_build_mtSetBk_string  task_local.o
    0x08008748   0x08008748   0x0000002a   Code   RO          949    i.box_str_cmp       str.o
    0x08008772   0x08008772   0x00000014   Code   RO          952    i.box_str_cpy_rt_pos  str.o
    0x08008786   0x08008786   0x00000026   Code   RO          955    i.box_str_find_char_pos  str.o
    0x080087ac   0x080087ac   0x00000044   Code   RO          399    i.box_str_get_bytes_by_hex  task_local.o
    0x080087f0   0x080087f0   0x00000076   Code   RO          964    i.box_str_hex_to_int  str.o
    0x08008866   0x08008866   0x00000032   Code   RO          973    i.box_str_u16_to_hex  str.o
    0x08008898   0x08008898   0x00000114   Code   RO         1783    i.bsp_ADC_Init      bsp_adc_init.o
    0x080089ac   0x080089ac   0x0000005c   Code   RO         1697    i.bsp_Board_Init    board.o
    0x08008a08   0x08008a08   0x000000e0   Code   RO         2106    i.bsp_Debug_Init    bsp_debug.o
    0x08008ae8   0x08008ae8   0x00000020   Code   RO         1813    i.bsp_Enccoder_AB_GET_Cnt  bsp_enccoder.o
    0x08008b08   0x08008b08   0x000000a8   Code   RO         1927    i.bsp_GPS_GPS_RS232_Init  bsp_gps.o
    0x08008bb0   0x08008bb0   0x00000068   Code   RO         1929    i.bsp_GPS_Init      bsp_gps.o
    0x08008c18   0x08008c18   0x000000a4   Code   RO         1930    i.bsp_GPS_TTL_Init  bsp_gps.o
    0x08008cbc   0x08008cbc   0x00000024   Code   RO         1931    i.bsp_GPS_cmd       bsp_gps.o
    0x08008ce0   0x08008ce0   0x0000008c   Code   RO         2074    i.bsp_HI3521_GPIO_Init  bsp_hi3521.o
    0x08008d6c   0x08008d6c   0x000000a4   Code   RO         2075    i.bsp_HI3521_UART_Init  bsp_hi3521.o
    0x08008e10   0x08008e10   0x0000007c   Code   RO         1677    i.bsp_Led_Init      bsp_led.o
    0x08008e8c   0x08008e8c   0x00000048   Code   RO         1728    i.bsp_Limit_SW_Init  bsp_limit_sw.o
    0x08008ed4   0x08008ed4   0x00000060   Code   RO         1151    i.bsp_Master_Motor1_Config  zt_motor_master_driver.o
    0x08008f34   0x08008f34   0x00000088   Code   RO         1152    i.bsp_Master_Motor1_GPIO_Init  zt_motor_master_driver.o
    0x08008fbc   0x08008fbc   0x00000044   Code   RO         1153    i.bsp_Master_motor1_Set_Speed  zt_motor_master_driver.o
    0x08009000   0x08009000   0x00000024   Code   RO         1752    i.bsp_Pressure_Sensor_Get_Newton  bsp_pressure_sensor.o
    0x08009024   0x08009024   0x00000028   Code   RO         1753    i.bsp_Pressure_Sensor_Init  bsp_pressure_sensor.o
    0x0800904c   0x0800904c   0x00000060   Code   RO         1251    i.bsp_Slave_Motor2_Config  zt_motor_slave_driver.o
    0x080090ac   0x080090ac   0x00000088   Code   RO         1252    i.bsp_Slave_Motor2_GPIO_Init  zt_motor_slave_driver.o
    0x08009134   0x08009134   0x00000044   Code   RO         1253    i.bsp_Slave_motor2_Set_Speed  zt_motor_slave_driver.o
    0x08009178   0x08009178   0x00000024   Code   RO         2048    i.bsp_Video_Trans_PWR  bsp_video_trans.o
    0x0800919c   0x0800919c   0x0000003c   Code   RO         2049    i.bsp_Video_Trans_PWR_Init  bsp_video_trans.o
    0x080091d8   0x080091d8   0x00000084   Code   RO         1814    i.bsp_enccoder_GPIO_Init  bsp_enccoder.o
    0x0800925c   0x0800925c   0x0000000c   Code   RO         1815    i.bsp_enccoder_Init  bsp_enccoder.o
    0x08009268   0x08009268   0x00000028   Code   RO         1869    i.bsp_master_cal_speed_Init  bsp_motor_cal_speed.o
    0x08009290   0x08009290   0x0000000c   Code   RO         1154    i.bsp_master_motor_Init  zt_motor_master_driver.o
    0x0800929c   0x0800929c   0x0000001e   Code   RO         1870    i.bsp_master_voltage_get_speed  bsp_motor_cal_speed.o
    0x080092ba   0x080092ba   0x00000002   PAD
    0x080092bc   0x080092bc   0x00000028   Code   RO         1871    i.bsp_slave_cal_speed_Init  bsp_motor_cal_speed.o
    0x080092e4   0x080092e4   0x0000000c   Code   RO         1254    i.bsp_slave_motor_Init  zt_motor_slave_driver.o
    0x080092f0   0x080092f0   0x0000001e   Code   RO         1872    i.bsp_slave_voltage_get_speed  bsp_motor_cal_speed.o
    0x0800930e   0x0800930e   0x00000002   PAD
    0x08009310   0x08009310   0x00000024   Code   RO          400    i.cfg_oper_init     task_local.o
    0x08009334   0x08009334   0x00000054   Code   RO          401    i.cfg_oper_save_to_flash  task_local.o
    0x08009388   0x08009388   0x00000036   Code   RO          402    i.char_to_byte_val  task_local.o
    0x080093be   0x080093be   0x0000003e   Code   RO          857    i.cmd_para_build_para_string_float  cmd_para.o
    0x080093fc   0x080093fc   0x0000002e   Code   RO          859    i.cmd_para_build_para_string_int  cmd_para.o
    0x0800942a   0x0800942a   0x00000052   Code   RO          860    i.cmd_para_build_para_string_ints  cmd_para.o
    0x0800947c   0x0800947c   0x0000002e   Code   RO          862    i.cmd_para_build_para_string_str  cmd_para.o
    0x080094aa   0x080094aa   0x000000f8   Code   RO          863    i.cmd_para_get_all_items  cmd_para.o
    0x080095a2   0x080095a2   0x00000020   Code   RO          864    i.cmd_para_get_cur_str_end  cmd_para.o
    0x080095c2   0x080095c2   0x00000078   Code   RO          865    i.cmd_para_get_float_by_val_str  cmd_para.o
    0x0800963a   0x0800963a   0x0000005e   Code   RO          866    i.cmd_para_get_id_by_name  cmd_para.o
    0x08009698   0x08009698   0x00000058   Code   RO          867    i.cmd_para_get_int_by_val_str  cmd_para.o
    0x080096f0   0x080096f0   0x00000024   Code   RO          868    i.cmd_para_get_next_str_begin  cmd_para.o
    0x08009714   0x08009714   0x0000020c   Code   RO          660    i.debug_nprintf     task_timer.o
    0x08009920   0x08009920   0x000000b8   Code   RO          661    i.debug_sprintf     task_timer.o
    0x080099d8   0x080099d8   0x00000054   Code   RO         1568    i.delay_init        delay.o
    0x08009a2c   0x08009a2c   0x00000050   Code   RO         1569    i.delay_ms          delay.o
    0x08009a7c   0x08009a7c   0x00000008   Code   RO         1570    i.delay_osschedlock  delay.o
    0x08009a84   0x08009a84   0x00000008   Code   RO         1571    i.delay_osschedunlock  delay.o
    0x08009a8c   0x08009a8c   0x0000000c   Code   RO         1572    i.delay_ostimedly   delay.o
    0x08009a98   0x08009a98   0x00000058   Code   RO         1573    i.delay_us          delay.o
    0x08009af0   0x08009af0   0x00000028   Code   RO          403    i.flash_write_u32_datas  task_local.o
    0x08009b18   0x08009b18   0x00000082   Code   RO          975    i.float_to_str      str.o
    0x08009b9a   0x08009b9a   0x00000006   PAD
    0x08009ba0   0x08009ba0   0x0000008c   Code   RO         8191    i.frexp             m_wm.l(frexp.o)
    0x08009c2c   0x08009c2c   0x00000062   Code   RO          976    i.int_to_str        str.o
    0x08009c8e   0x08009c8e   0x00000002   PAD
    0x08009c90   0x08009c90   0x00000064   Code   RO            5    i.main              main.o
    0x08009cf4   0x08009cf4   0x0000005c   Code   RO         1255    i.real_set_slv_mt_close  zt_motor_slave_driver.o
    0x08009d50   0x08009d50   0x00000108   Code   RO          404    i.rt_get_BatCFG     task_local.o
    0x08009e58   0x08009e58   0x0000014c   Code   RO          405    i.rt_get_SlvCFG     task_local.o
    0x08009fa4   0x08009fa4   0x00000030   Code   RO          406    i.set_SystemReset   task_local.o
    0x08009fd4   0x08009fd4   0x000000c0   Code   RO         1256    i.slv_mt_cal_stop_press_when_down  zt_motor_slave_driver.o
    0x0800a094   0x0800a094   0x000000b0   Code   RO         1257    i.slv_mt_cal_stop_press_when_up  zt_motor_slave_driver.o
    0x0800a144   0x0800a144   0x0000003c   Code   RO          662    i.tmr1_temper_humidi_callback  task_timer.o
    0x0800a180   0x0800a180   0x0000003c   Code   RO          663    i.tmr2_sys_led_callback  task_timer.o
    0x0800a1bc   0x0800a1bc   0x00000058   Code   RO         1502    i.uart1_send        uart_api.o
    0x0800a214   0x0800a214   0x00000058   Code   RO         1503    i.uart2_send        uart_api.o
    0x0800a26c   0x0800a26c   0x00000058   Code   RO         1504    i.uart3_send        uart_api.o
    0x0800a2c4   0x0800a2c4   0x00000058   Code   RO         2107    i.uart4_send        bsp_debug.o
    0x0800a31c   0x0800a31c   0x0000052a   Code   RO          407    i.zt_build_send_state_string  task_local.o
    0x0800a846   0x0800a846   0x00000002   PAD
    0x0800a848   0x0800a848   0x0000006c   Code   RO         1155    i.zt_motor_master_driver_init  zt_motor_master_driver.o
    0x0800a8b4   0x0800a8b4   0x00000048   Code   RO         1157    i.zt_motor_master_driver_set_speed  zt_motor_master_driver.o
    0x0800a8fc   0x0800a8fc   0x00000288   Code   RO         1158    i.zt_motor_master_driver_update  zt_motor_master_driver.o
    0x0800ab84   0x0800ab84   0x00000158   Code   RO         1258    i.zt_motor_slave_driver_cfg_init  zt_motor_slave_driver.o
    0x0800acdc   0x0800acdc   0x000000a8   Code   RO         1259    i.zt_motor_slave_driver_init  zt_motor_slave_driver.o
    0x0800ad84   0x0800ad84   0x00000064   Code   RO         1260    i.zt_motor_slave_driver_set_speed  zt_motor_slave_driver.o
    0x0800ade8   0x0800ade8   0x00000098   Code   RO         1261    i.zt_motor_slave_driver_update  zt_motor_slave_driver.o
    0x0800ae80   0x0800ae80   0x0000008c   Code   RO         1262    i.zt_slv_mt_determine_stop_when_down  zt_motor_slave_driver.o
    0x0800af0c   0x0800af0c   0x00000094   Code   RO         1263    i.zt_slv_mt_determine_stop_when_up  zt_motor_slave_driver.o
    0x0800afa0   0x0800afa0   0x0000002c   Code   RO         8044    locale$$code        c_w.l(lc_numeric_c.o)
    0x0800afcc   0x0800afcc   0x0000002c   Code   RO         8064    locale$$code        c_w.l(lc_ctype_c.o)
    0x0800aff8   0x0800aff8   0x00000062   Code   RO         7964    x$fpl$d2f           fz_wm.l(d2f.o)
    0x0800b05a   0x0800b05a   0x00000002   PAD
    0x0800b05c   0x0800b05c   0x00000010   Code   RO         8272    x$fpl$dcheck1       fz_wm.l(dcheck1.o)
    0x0800b06c   0x0800b06c   0x00000018   Code   RO         8046    x$fpl$dcmpinf       fz_wm.l(dcmpi.o)
    0x0800b084   0x0800b084   0x00000078   Code   RO         8187    x$fpl$deqf          fz_wm.l(deqf.o)
    0x0800b0fc   0x0800b0fc   0x00000026   Code   RO         7976    x$fpl$dfltu         fz_wm.l(dflt_clz.o)
    0x0800b122   0x0800b122   0x00000002   PAD
    0x0800b124   0x0800b124   0x00000078   Code   RO         8008    x$fpl$dleqf         fz_wm.l(dleqf.o)
    0x0800b19c   0x0800b19c   0x00000154   Code   RO         7982    x$fpl$dmul          fz_wm.l(dmul.o)
    0x0800b2f0   0x0800b2f0   0x0000009c   Code   RO         8010    x$fpl$dnaninf       fz_wm.l(dnaninf.o)
    0x0800b38c   0x0800b38c   0x0000000c   Code   RO         8012    x$fpl$dretinf       fz_wm.l(dretinf.o)
    0x0800b398   0x0800b398   0x0000006c   Code   RO         7984    x$fpl$drleqf        fz_wm.l(drleqf.o)
    0x0800b404   0x0800b404   0x0000000a   Code   RO         8154    x$fpl$fpinit        fz_wm.l(fpinit.o)
    0x0800b40e   0x0800b40e   0x0000000a   Code   RO         8014    x$fpl$fretinf       fz_wm.l(fretinf.o)
    0x0800b418   0x0800b418   0x00000006   Code   RO         8156    x$fpl$ieeestatus    fz_wm.l(istatus.o)
    0x0800b41e   0x0800b41e   0x00000064   Code   RO         8278    x$fpl$retnan        fz_wm.l(retnan.o)
    0x0800b482   0x0800b482   0x0000005c   Code   RO         8251    x$fpl$scalbn        fz_wm.l(scalbn.o)
    0x0800b4de   0x0800b4de   0x00000004   Code   RO         8048    x$fpl$scanf1        fz_wm.l(scanf1.o)
    0x0800b4e2   0x0800b4e2   0x00000008   Code   RO         8158    x$fpl$scanf2        fz_wm.l(scanf2.o)
    0x0800b4ea   0x0800b4ea   0x00000030   Code   RO         8296    x$fpl$trapveneer    fz_wm.l(trapv.o)
    0x0800b51a   0x0800b51a   0x00000000   Code   RO         8016    x$fpl$usenofp       fz_wm.l(usenofp.o)
    0x0800b51a   0x0800b51a   0x00000200   Data   RO          977    .constdata          str.o
    0x0800b71a   0x0800b71a   0x00000100   Data   RO         6819    .constdata          os_core.o
    0x0800b81a   0x0800b81a   0x00000002   PAD
    0x0800b81c   0x0800b81c   0x00000094   Data   RO         8124    .constdata          c_w.l(bigflt0.o)
    0x0800b8b0   0x0800b8b0   0x0000011f   Data   RO          409    .conststring        task_local.o
    0x0800b9cf   0x0800b9cf   0x00000001   PAD
    0x0800b9d0   0x0800b9d0   0x00000020   Data   RO         8298    Region$$Table       anon$$obj.o
    0x0800b9f0   0x0800b9f0   0x00000008   Data   RO         8150    c$$dinf             fz_wm.l(fpconst.o)
    0x0800b9f8   0x0800b9f8   0x00000008   Data   RO         8153    c$$dmax             fz_wm.l(fpconst.o)
    0x0800ba00   0x0800ba00   0x0000001c   Data   RO         8043    locale$$data        c_w.l(lc_numeric_c.o)
    0x0800ba1c   0x0800ba1c   0x00000110   Data   RO         8063    locale$$data        c_w.l(lc_ctype_c.o)


    Execution Region RW_IRAM1 (Exec base: 0x20000000, Load base: 0x0800bb2c, Size: 0x000080b8, Max: 0x00020000, ABSOLUTE, COMPRESSED[0x0000006c])

    Exec Addr    Load Addr    Size         Type   Attr      Idx    E Section Name        Object

    0x20000000   COMPRESSED   0x00000021   Data   RW            7    .data               main.o
    0x20000021   COMPRESSED   0x00000003   PAD
    0x20000024   COMPRESSED   0x00000004   Data   RW          311    .data               task_weather.o
    0x20000028   COMPRESSED   0x00000004   Data   RW          342    .data               task_remote_rec.o
    0x2000002c   COMPRESSED   0x00000080   Data   RW          410    .data               task_local.o
    0x200000ac   COMPRESSED   0x00000014   Data   RW          665    .data               task_timer.o
    0x200000c0   COMPRESSED   0x00000002   Data   RW          777    .data               stm32f4xx_it.o
    0x200000c2   COMPRESSED   0x00000007   Data   RW         1161    .data               zt_motor_master_driver.o
    0x200000c9   COMPRESSED   0x00000003   PAD
    0x200000cc   COMPRESSED   0x0000000a   Data   RW         1265    .data               zt_motor_slave_driver.o
    0x200000d6   COMPRESSED   0x00000004   Data   RW         1439    .data               am2320_by_iic.o
    0x200000da   COMPRESSED   0x00000002   PAD
    0x200000dc   COMPRESSED   0x00000010   Data   RW         1506    .data               uart_api.o
    0x200000ec   COMPRESSED   0x00000004   Data   RW         1574    .data               delay.o
    0x200000f0   COMPRESSED   0x00000010   Data   RW         1816    .data               bsp_enccoder.o
    0x20000100   COMPRESSED   0x000000b8   Data   RW         1933    .data               bsp_gps.o
    0x200001b8   COMPRESSED   0x00000004   Data   RW         2109    .data               bsp_debug.o
    0x200001bc   COMPRESSED   0x00000010   Data   RW         4650    .data               stm32f4xx_rcc.o
    0x200001cc   COMPRESSED   0x00000060   Data   RW         6820    .data               os_core.o
    0x2000022c   COMPRESSED   0x00000006   Data   RW         7628    .data               os_cpu_c.o
    0x20000232   COMPRESSED   0x00000002   PAD
    0x20000234        -       0x00003a00   Zero   RW            6    .bss                main.o
    0x20003c34        -       0x000007da   Zero   RW          408    .bss                task_local.o
    0x2000440e   COMPRESSED   0x00000002   PAD
    0x20004410        -       0x00000408   Zero   RW          664    .bss                task_timer.o
    0x20004818        -       0x00000019   Zero   RW         1160    .bss                zt_motor_master_driver.o
    0x20004831   COMPRESSED   0x00000001   PAD
    0x20004832        -       0x000001a9   Zero   RW         1264    .bss                zt_motor_slave_driver.o
    0x200049db        -       0x0000000a   Zero   RW         1438    .bss                am2320_by_iic.o
    0x200049e5   COMPRESSED   0x00000003   PAD
    0x200049e8        -       0x00001440   Zero   RW         1505    .bss                uart_api.o
    0x20005e28        -       0x000000a0   Zero   RW         1784    .bss                bsp_adc_init.o
    0x20005ec8        -       0x00000194   Zero   RW         1932    .bss                bsp_gps.o
    0x2000605c        -       0x00000510   Zero   RW         2108    .bss                bsp_debug.o
    0x2000656c        -       0x000014e8   Zero   RW         6818    .bss                os_core.o
    0x20007a54        -       0x00000060   Zero   RW         8018    .bss                c_w.l(libspace.o)
    0x20007ab4   COMPRESSED   0x00000004   PAD
    0x20007ab8        -       0x00000200   Zero   RW         6739    HEAP                startup_stm32f40_41xxx.o
    0x20007cb8        -       0x00000400   Zero   RW         6738    STACK               startup_stm32f40_41xxx.o


==============================================================================

Image component sizes


      Code (inc. data)   RO Data    RW Data    ZI Data      Debug   Object Name

      1400        126          0          4         10       6620   am2320_by_iic.o
        92          0          0          0          0        569   board.o
       276         14          0          0        160       1291   bsp_adc_init.o
       660         56          0          4       1296       2614   bsp_debug.o
       492         58          0         16          0       4547   bsp_enccoder.o
       944        120          0        184        404       7258   bsp_gps.o
       304         18          0          0          0       1247   bsp_hi3521.o
       124          4          0          0          0        579   bsp_led.o
        72          4          0          0          0        568   bsp_limit_sw.o
       248         18          0          0          0       3577   bsp_motor_cal_speed.o
       132         18          0          0          0       1798   bsp_pressure_sensor.o
        96         10          0          0          0       1157   bsp_video_trans.o
       854          0          0          0          0       8705   cmd_para.o
       280         26          0          4          0       3531   delay.o
       852        278          0         33      14848     384921   main.o
       180         24          0          0          0       2053   misc.o
       218          0          0          0          0        681   nvic_irq.o
      2526        420        256         96       5352      26702   os_core.o
       200         32          0          0          0        328   os_cpu_a.o
       492         14          0          6          0      15582   os_cpu_c.o
       124         14          0          0          0       9817   os_flag.o
       458         18          0          0          0       4202   os_mem.o
       660         36          0          0          0       3575   os_q.o
       514         24          0          0          0       3423   os_sem.o
      1194        112          0          0          0       7019   os_task.o
       148         24          0          0          0       1216   os_time.o
      1004        164          0          0          0       6382   os_tmr.o
        64         26        392          0       1536        832   startup_stm32f40_41xxx.o
       412         24          0          0          0       5996   stm32f4xx_adc.o
       110          6          0          0          0       2349   stm32f4xx_dma.o
       184         16          0          0          0       2072   stm32f4xx_exti.o
       402         40          0          0          0       4453   stm32f4xx_flash.o
       240          0          0          0          0       3491   stm32f4xx_gpio.o
       552         28          0          0          0       7213   stm32f4xx_i2c.o
       490         44          0          2          0       6809   stm32f4xx_it.o
       360         42          0         16          0       5168   stm32f4xx_rcc.o
        64          4          0          0          0        648   stm32f4xx_syscfg.o
      1154         48          0          0          0      14540   stm32f4xx_tim.o
       430          8          0          0          0       5357   stm32f4xx_usart.o
       564          6        512          0          0       7033   str.o
       340         32          0          0          0       1501   system_stm32f4xx.o
      8658       1972        287        128       2010      35694   task_local.o
       132         14          0          4          0       1219   task_remote_rec.o
        10          0          0          0          0        571   task_sensor_data_collect.o
      1502        136          0         20       1032      14001   task_timer.o
       156         14          0          4          0       6390   task_weather.o
      1980        170          0         16       5184       7034   uart_api.o
      1148         94          0          7         25       8658   zt_motor_master_driver.o
      3792        324          0         10        425      30243   zt_motor_slave_driver.o

    ----------------------------------------------------------------------
     37340       4680       1482        564      32288     681234   Object Totals
         0          0         32          0          0          0   (incl. Generated)
        52          0          3         10          6          0   (incl. Padding)

    ----------------------------------------------------------------------

      Code (inc. data)   RO Data    RW Data    ZI Data      Debug   Library Member Name

        90          0          0          0          0          0   __dczerorl2.o
         8          0          0          0          0         68   __main.o
         0          0          0          0          0          0   __rtentry.o
        12          0          0          0          0          0   __rtentry2.o
         6          0          0          0          0          0   __rtentry4.o
        52          8          0          0          0          0   __scatter.o
        28          0          0          0          0          0   __scatter_zi.o
        28          0          0          0          0         68   _chval.o
        22          0          0          0          0        100   _rserrno.o
        64          0          0          0          0         84   _sgetc.o
       158          0          0          0          0         92   _strtoul.o
        26          0          0          0          0         80   atoi.o
       228          4        148          0          0         96   bigflt0.o
      1924        136          0          0          0        756   btod.o
        18          0          0          0          0         80   exit.o
         6          0          0          0          0        152   heapauxi.o
         0          0          0          0          0          0   indicate_semi.o
        18          0          0          0          0         76   isspace.o
        44         10        272          0          0         76   lc_ctype_c.o
        44         10         28          0          0         76   lc_numeric_c.o
         2          0          0          0          0          0   libinit.o
        34          0          0          0          0          0   libinit2.o
         2          0          0          0          0          0   libshutdown.o
         2          0          0          0          0          0   libshutdown2.o
         8          4          0          0         96         68   libspace.o
        38          0          0          0          0         68   llshl.o
        88          0          0          0          0         76   memcmp.o
        16          4          0          0          0         76   rt_ctype_table.o
         8          4          0          0          0         68   rt_errno_addr_intlibspace.o
         8          4          0          0          0         68   rt_locale_intlibspace.o
        68          0          0          0          0         68   rt_memclr.o
        78          0          0          0          0         80   rt_memclr_w.o
       138          0          0          0          0         68   rt_memcpy_v6.o
       100          0          0          0          0         80   rt_memcpy_w.o
         2          0          0          0          0          0   rtexit.o
        10          0          0          0          0          0   rtexit2.o
      1286         16          0          0          0        236   scanf_fp.o
       800         14          0          0          0        100   scanf_hexfp.o
       308         16          0          0          0        100   scanf_infnan.o
       128          0          0          0          0         68   strcmpv7m.o
        72          0          0          0          0         80   strcpy.o
        62          0          0          0          0         76   strlen.o
       150          0          0          0          0         80   strncmp.o
       164         14          0          0          0        120   strtod.o
       112          0          0          0          0         88   strtol.o
        12          4          0          0          0         68   sys_exit.o
        74          0          0          0          0         80   sys_stackheap_outer.o
         2          0          0          0          0         68   use_no_semi.o
        98          4          0          0          0        140   d2f.o
        16          4          0          0          0        116   dcheck1.o
        24          0          0          0          0        116   dcmpi.o
       120          4          0          0          0        140   deqf.o
        38          0          0          0          0        116   dflt_clz.o
       120          4          0          0          0        140   dleqf.o
       340         12          0          0          0        152   dmul.o
       156          4          0          0          0        140   dnaninf.o
        12          0          0          0          0        116   dretinf.o
       108          0          0          0          0        128   drleqf.o
         0          0         16          0          0          0   fpconst.o
        10          0          0          0          0        116   fpinit.o
        10          0          0          0          0        116   fretinf.o
         6          0          0          0          0        116   istatus.o
       100          0          0          0          0        116   retnan.o
        92          0          0          0          0        116   scalbn.o
         4          0          0          0          0        116   scanf1.o
         8          0          0          0          0        132   scanf2.o
        48          0          0          0          0        116   trapv.o
         0          0          0          0          0          0   usenofp.o
        56         12          0          0          0        132   atof.o
        64         16          0          0          0        248   dunder.o
       140         22          0          0          0        132   frexp.o
       228          8          0          0          0        308   ldexp.o
       266         16          0          0          0        308   narrow.o

    ----------------------------------------------------------------------
      8630        354        464          0        100       7064   Library Totals
        18          0          0          0          4          0   (incl. Padding)

    ----------------------------------------------------------------------

      Code (inc. data)   RO Data    RW Data    ZI Data      Debug   Library Name

      6548        248        448          0         96       3688   c_w.l
      1310         32         16          0          0       2248   fz_wm.l
       754         74          0          0          0       1128   m_wm.l

    ----------------------------------------------------------------------
      8630        354        464          0        100       7064   Library Totals

    ----------------------------------------------------------------------

==============================================================================


      Code (inc. data)   RO Data    RW Data    ZI Data      Debug   

     45970       5034       1946        564      32388     651470   Grand Totals
     45970       5034       1946        108      32388     651470   ELF Image Totals (compressed)
     45970       5034       1946        108          0          0   ROM Totals

==============================================================================

    Total RO  Size (Code + RO Data)                47916 (  46.79kB)
    Total RW  Size (RW Data + ZI Data)             32952 (  32.18kB)
    Total ROM Size (Code + RO Data + RW Data)      48024 (  46.90kB)

==============================================================================

